Archive member included to satisfy reference by file (symbol)

.\CortexM0\ARM_GCC_541\Debug\CyberPong.a(CyLib.o)
                              .\CortexM0\ARM_GCC_541\Debug\cyfitter_cfg.o (CyIntEnable)
.\CortexM0\ARM_GCC_541\Debug\CyberPong.a(CyLFClk.o)
                              .\CortexM0\ARM_GCC_541\Debug\cyfitter_cfg.o (CySysClkWcoStart)
.\CortexM0\ARM_GCC_541\Debug\CyberPong.a(UART.o)
                              .\CortexM0\ARM_GCC_541\Debug\main.o (UART_Start)
.\CortexM0\ARM_GCC_541\Debug\CyberPong.a(UART_SPI_UART.o)
                              .\CortexM0\ARM_GCC_541\Debug\main.o (UART_SpiUartWriteTxData)
.\CortexM0\ARM_GCC_541\Debug\CyberPong.a(UART_UART.o)
                              .\CortexM0\ARM_GCC_541\Debug\CyberPong.a(UART.o) (UART_UartInit)
.\CortexM0\ARM_GCC_541\Debug\CyberPong.a(FanController.o)
                              .\CortexM0\ARM_GCC_541\Debug\main.o (FanController_SetDesiredSpeed)
.\CortexM0\ARM_GCC_541\Debug\CyberPong.a(FanController_INT.o)
                              .\CortexM0\ARM_GCC_541\Debug\CyberPong.a(FanController.o) (FanController_DATA_SEND_ISR)
.\CortexM0\ARM_GCC_541\Debug\CyberPong.a(FanController_DataSend.o)
                              .\CortexM0\ARM_GCC_541\Debug\CyberPong.a(FanController.o) (FanController_DataSend_StartEx)
.\CortexM0\ARM_GCC_541\Debug\CyberPong.a(FanController_PID_ISR.o)
                              .\CortexM0\ARM_GCC_541\Debug\CyberPong.a(FanController.o) (FanController_PID_ISR_StartEx)
.\CortexM0\ARM_GCC_541\Debug\CyberPong.a(FanController_FW_PWM1.o)
                              .\CortexM0\ARM_GCC_541\Debug\CyberPong.a(FanController.o) (FanController_FW_PWM1_Stop)
.\CortexM0\ARM_GCC_541\Debug\CyberPong.a(FanController_FW_PWM2.o)
                              .\CortexM0\ARM_GCC_541\Debug\CyberPong.a(FanController.o) (FanController_FW_PWM2_Stop)
.\CortexM0\ARM_GCC_541\Debug\CyberPong.a(FanController_FW_PWM3.o)
                              .\CortexM0\ARM_GCC_541\Debug\CyberPong.a(FanController.o) (FanController_FW_PWM3_Stop)
.\CortexM0\ARM_GCC_541\Debug\CyberPong.a(FanController_FW_PWM4.o)
                              .\CortexM0\ARM_GCC_541\Debug\CyberPong.a(FanController.o) (FanController_FW_PWM4_Stop)
.\CortexM0\ARM_GCC_541\Debug\CyberPong.a(ISR_Ball_Trigger.o)
                              .\CortexM0\ARM_GCC_541\Debug\main.o (ISR_Ball_Trigger_StartEx)
.\CortexM0\ARM_GCC_541\Debug\CyberPong.a(Pin_Serve.o)
                              .\CortexM0\ARM_GCC_541\Debug\main.o (Pin_Serve_Write)
.\CortexM0\ARM_GCC_541\Debug\CyberPong.a(CyBootAsmGnu.o)
                              .\CortexM0\ARM_GCC_541\Debug\cyfitter_cfg.o (CyDelayCycles)
c:/program files (x86)/cypress/psoc creator/4.4/psoc creator/import/gnu/arm/5.4.1/bin/../lib/gcc/arm-none-eabi/5.4.1/armv6-m\libgcc.a(_udivsi3.o)
                              .\CortexM0\ARM_GCC_541\Debug\CyberPong.a(CyLib.o) (__aeabi_uidiv)
c:/program files (x86)/cypress/psoc creator/4.4/psoc creator/import/gnu/arm/5.4.1/bin/../lib/gcc/arm-none-eabi/5.4.1/armv6-m\libgcc.a(_divsi3.o)
                              .\CortexM0\ARM_GCC_541\Debug\CyberPong.a(CyLFClk.o) (__aeabi_idiv)
c:/program files (x86)/cypress/psoc creator/4.4/psoc creator/import/gnu/arm/5.4.1/bin/../lib/gcc/arm-none-eabi/5.4.1/armv6-m\libgcc.a(_dvmd_tls.o)
                              c:/program files (x86)/cypress/psoc creator/4.4/psoc creator/import/gnu/arm/5.4.1/bin/../lib/gcc/arm-none-eabi/5.4.1/armv6-m\libgcc.a(_udivsi3.o) (__aeabi_idiv0)
c:/program files (x86)/cypress/psoc creator/4.4/psoc creator/import/gnu/arm/5.4.1/bin/../lib/gcc/arm-none-eabi/5.4.1/../../../../arm-none-eabi/lib/armv6-m\libg_nano.a(lib_a-errno.o)
                              .\CortexM0\ARM_GCC_541\Debug\Cm0Start.o (__errno)
c:/program files (x86)/cypress/psoc creator/4.4/psoc creator/import/gnu/arm/5.4.1/bin/../lib/gcc/arm-none-eabi/5.4.1/../../../../arm-none-eabi/lib/armv6-m\libg_nano.a(lib_a-exit.o)
                              c:/program files (x86)/cypress/psoc creator/4.4/psoc creator/import/gnu/arm/5.4.1/bin/../lib/gcc/arm-none-eabi/5.4.1/../../../../arm-none-eabi/lib/armv6-m/crt0.o (exit)
c:/program files (x86)/cypress/psoc creator/4.4/psoc creator/import/gnu/arm/5.4.1/bin/../lib/gcc/arm-none-eabi/5.4.1/../../../../arm-none-eabi/lib/armv6-m\libg_nano.a(lib_a-impure.o)
                              c:/program files (x86)/cypress/psoc creator/4.4/psoc creator/import/gnu/arm/5.4.1/bin/../lib/gcc/arm-none-eabi/5.4.1/../../../../arm-none-eabi/lib/armv6-m\libg_nano.a(lib_a-exit.o) (_global_impure_ptr)
c:/program files (x86)/cypress/psoc creator/4.4/psoc creator/import/gnu/arm/5.4.1/bin/../lib/gcc/arm-none-eabi/5.4.1/../../../../arm-none-eabi/lib/armv6-m\libg_nano.a(lib_a-init.o)
                              c:/program files (x86)/cypress/psoc creator/4.4/psoc creator/import/gnu/arm/5.4.1/bin/../lib/gcc/arm-none-eabi/5.4.1/../../../../arm-none-eabi/lib/armv6-m/crt0.o (__libc_init_array)
[...]
Memory Configuration

Name             Origin             Length             Attributes
rom              0x00000000         0x00040000         xr
ram              0x20000000         0x00008000         xrw
*default*        0x00000000         0xffffffff

Linker script and memory map

LOAD c:/program files (x86)/cypress/psoc creator/4.4/psoc creator/import/gnu/arm/5.4.1/bin/../lib/gcc/arm-none-eabi/5.4.1/armv6-m/crti.o
LOAD c:/program files (x86)/cypress/psoc creator/4.4/psoc creator/import/gnu/arm/5.4.1/bin/../lib/gcc/arm-none-eabi/5.4.1/armv6-m/crtbegin.o
LOAD c:/program files (x86)/cypress/psoc creator/4.4/psoc creator/import/gnu/arm/5.4.1/bin/../lib/gcc/arm-none-eabi/5.4.1/../../../../arm-none-eabi/lib/armv6-m/crt0.o
START GROUP
LOAD .\CortexM0\ARM_GCC_541\Debug\main.o
LOAD .\CortexM0\ARM_GCC_541\Debug\cyfitter_cfg.o
LOAD .\CortexM0\ARM_GCC_541\Debug\cymetadata.o
LOAD .\CortexM0\ARM_GCC_541\Debug\Cm0Start.o
LOAD .\CortexM0\ARM_GCC_541\Debug\CyberPong.a
END GROUP
START GROUP
LOAD c:/program files (x86)/cypress/psoc creator/4.4/psoc creator/import/gnu/arm/5.4.1/bin/../lib/gcc/arm-none-eabi/5.4.1/armv6-m\libgcc.a
LOAD c:/program files (x86)/cypress/psoc creator/4.4/psoc creator/import/gnu/arm/5.4.1/bin/../lib/gcc/arm-none-eabi/5.4.1/../../../../arm-none-eabi/lib/armv6-m\libg_nano.a
LOAD c:/program files (x86)/cypress/psoc creator/4.4/psoc creator/import/gnu/arm/5.4.1/bin/../lib/gcc/arm-none-eabi/5.4.1/../../../../arm-none-eabi/lib/armv6-m\libc_nano.a
END GROUP
START GROUP
LOAD c:/program files (x86)/cypress/psoc creator/4.4/psoc creator/import/gnu/arm/5.4.1/bin/../lib/gcc/arm-none-eabi/5.4.1/armv6-m\libgcc.a
LOAD c:/program files (x86)/cypress/psoc creator/4.4/psoc creator/import/gnu/arm/5.4.1/bin/../lib/gcc/arm-none-eabi/5.4.1/../../../../arm-none-eabi/lib/armv6-m\libc_nano.a
END GROUP
LOAD c:/program files (x86)/cypress/psoc creator/4.4/psoc creator/import/gnu/arm/5.4.1/bin/../lib/gcc/arm-none-eabi/5.4.1/armv6-m/crtend.o
LOAD c:/program files (x86)/cypress/psoc creator/4.4/psoc creator/import/gnu/arm/5.4.1/bin/../lib/gcc/arm-none-eabi/5.4.1/armv6-m/crtn.o
START GROUP
LOAD c:/program files (x86)/cypress/psoc creator/4.4/psoc creator/import/gnu/arm/5.4.1/bin/../lib/gcc/arm-none-eabi/5.4.1/armv6-m\libgcc.a
LOAD c:/program files (x86)/cypress/psoc creator/4.4/psoc creator/import/gnu/arm/5.4.1/bin/../lib/gcc/arm-none-eabi/5.4.1/../../../../arm-none-eabi/lib/armv6-m\libc.a
LOAD c:/program files (x86)/cypress/psoc creator/4.4/psoc creator/import/gnu/arm/5.4.1/bin/../lib/gcc/arm-none-eabi/5.4.1/../../../../arm-none-eabi/lib/armv6-m\libnosys.a
END GROUP
                0x00000000                CY_APPL_ORIGIN = 0x0
                0x00000100                CY_FLASH_ROW_SIZE = 0x100
                0x00000001                CY_APPL_NUM = 0x1
                0x00000001                CY_APPL_MAX = 0x1
                0x00000040                CY_METADATA_SIZE = 0x40
                0x00000000                CY_APPL_LOADABLE = 0x0
                0x00000000                CY_CHECKSUM_EXCLUDE_SIZE = ALIGN (0x0, CY_FLASH_ROW_SIZE)
                0x00000000                CY_APP_FOR_STACK_AND_COPIER = 0x0
                [!provide]                PROVIDE (__cy_heap_start, _end)
                0x00000001                PROVIDE (__cy_region_num, ((__cy_regions_end - __cy_regions) / 0x10))
                0x20008000                PROVIDE (__cy_stack, (ORIGIN (ram) + LENGTH (ram)))
                [!provide]                PROVIDE (__cy_heap_end, (__cy_stack - 0x800))

.cybootloader   0x00000000        0x0
 *(.cybootloader)
                0x00000000                appl1_start = CY_APPL_ORIGIN?CY_APPL_ORIGIN:ALIGN (CY_FLASH_ROW_SIZE)
                0x0001ff00                appl2_start = (appl1_start + ALIGN ((((LENGTH (rom) - appl1_start) - (0x2 * CY_FLASH_ROW_SIZE)) / 0x2), CY_FLASH_ROW_SIZE))
                0x00000000                appl_start = (CY_APPL_NUM == 0x1)?appl1_start:appl2_start
                0x00000001                cy_project_type_bootloader = (appl_start == 0x0)?0x1:0x0
                0x00000000                cy_project_type_app_for_stack_and_copier = (CY_APP_FOR_STACK_AND_COPIER == 0x1)?0x1:0x0

.text           0x00000000     0x1fda
 CREATE_OBJECT_SYMBOLS
                0x00000000                PROVIDE (__cy_interrupt_vector, RomVectors)
 *(.romvectors)
 .romvectors    0x00000000       0x10 .\CortexM0\ARM_GCC_541\Debug\Cm0Start.o
                0x00000000                RomVectors
                0x00000001                ASSERT ((. != __cy_interrupt_vector), No interrupt vector)
                0x00000001                ASSERT (CY_APPL_ORIGIN?(SIZEOF (.cybootloader) <= CY_APPL_ORIGIN):0x1, Wrong image location)
                0x00000010                PROVIDE (__cy_reset, Reset)
 *(.text.Reset)
 .text.Reset    0x00000010        0x8 .\CortexM0\ARM_GCC_541\Debug\Cm0Start.o
                0x00000010                Reset
                0x00000001                ASSERT ((. != __cy_reset), No reset code)
 *(.psocinit)
 .psocinit      0x00000018      0x2d0 .\CortexM0\ARM_GCC_541\Debug\cyfitter_cfg.o
                0x0000014c                cyfitter_cfg
                0x000002e8                . = MAX (., 0x100)
 *(.text .text.* .gnu.linkonce.t.*)
 .text          0x000002e8       0x60 c:/program files (x86)/cypress/psoc creator/4.4/psoc creator/import/gnu/arm/5.4.1/bin/../lib/gcc/arm-none-eabi/5.4.1/armv6-m/crtbegin.o
 .text.Ball_Trigger_Handler
                0x00000348        0xc .\CortexM0\ARM_GCC_541\Debug\main.o
                0x00000348                Ball_Trigger_Handler
 .text.UART_print_string
                0x00000354       0x24 .\CortexM0\ARM_GCC_541\Debug\main.o
                0x00000354                UART_print_string
 .text.print_all_speed
                0x00000378       0x64 .\CortexM0\ARM_GCC_541\Debug\main.o
                0x00000378                print_all_speed
 .text.write_motor_speed
                0x000003dc       0x48 .\CortexM0\ARM_GCC_541\Debug\main.o
                0x000003dc                write_motor_speed
 .text.handle_UART_input
                0x00000424       0xec .\CortexM0\ARM_GCC_541\Debug\main.o
                0x00000424                handle_UART_input
 .text.main     0x00000510      0x130 .\CortexM0\ARM_GCC_541\Debug\main.o
                0x00000510                main
 .text.cfg_write_bytes32
                0x00000640       0x34 .\CortexM0\ARM_GCC_541\Debug\cyfitter_cfg.o
 .text.AnalogSetDefault
                0x00000674       0x20 .\CortexM0\ARM_GCC_541\Debug\cyfitter_cfg.o
 .text.CYMEMZERO
                0x00000694        0xc .\CortexM0\ARM_GCC_541\Debug\cyfitter_cfg.o
 .text.CYCONFIGCPYCODE
                0x000006a0        0x8 .\CortexM0\ARM_GCC_541\Debug\cyfitter_cfg.o
 .text.IntDefaultHandler
                0x000006a8       0x10 .\CortexM0\ARM_GCC_541\Debug\Cm0Start.o
                0x000006a8                IntDefaultHandler
 .text._sbrk    0x000006b8       0x30 .\CortexM0\ARM_GCC_541\Debug\Cm0Start.o
                0x000006b8                _sbrk
 .text.Start_c  0x000006e8       0x48 .\CortexM0\ARM_GCC_541\Debug\Cm0Start.o
                0x000006e8                Start_c
 .text.initialize_psoc
                0x00000730       0x4c .\CortexM0\ARM_GCC_541\Debug\Cm0Start.o
                0x00000730                initialize_psoc
 .text.CySysClkEcoReadStatus
                0x0000077c       0x10 .\CortexM0\ARM_GCC_541\Debug\CyberPong.a(CyLib.o)
                0x0000077c                CySysClkEcoReadStatus
 .text.CyIntEnable
                0x0000078c       0x14 .\CortexM0\ARM_GCC_541\Debug\CyberPong.a(CyLib.o)
                0x0000078c                CyIntEnable
 .text.CyHalt   0x000007a0        0x4 .\CortexM0\ARM_GCC_541\Debug\CyberPong.a(CyLib.o)
                0x000007a0                CyHalt
 .text.CyIntSetVector
                0x000007a4       0x24 .\CortexM0\ARM_GCC_541\Debug\CyberPong.a(CyLib.o)
                0x000007a4                CyIntSetVector
 .text.CyDelay  0x000007c8       0x30 .\CortexM0\ARM_GCC_541\Debug\CyberPong.a(CyLib.o)
                0x000007c8                CyDelay
 .text.CyDelayUs
                0x000007f8       0x14 .\CortexM0\ARM_GCC_541\Debug\CyberPong.a(CyLib.o)
                0x000007f8                CyDelayUs
 .text.CySysClkWriteImoFreq
                0x0000080c      0x164 .\CortexM0\ARM_GCC_541\Debug\CyberPong.a(CyLib.o)
                0x0000080c                CySysClkWriteImoFreq
 .text.CySysClkEcoStart
                0x00000970       0x54 .\CortexM0\ARM_GCC_541\Debug\CyberPong.a(CyLib.o)
                0x00000970                CySysClkEcoStart
 .text.CySysWdtLocked
                0x000009c4       0x14 .\CortexM0\ARM_GCC_541\Debug\CyberPong.a(CyLFClk.o)
 .text.CySysClkWcoStart
                0x000009d8       0x40 .\CortexM0\ARM_GCC_541\Debug\CyberPong.a(CyLFClk.o)
                0x000009d8                CySysClkWcoStart
 .text.CySysClkWcoSetPowerMode
                0x00000a18       0x80 .\CortexM0\ARM_GCC_541\Debug\CyberPong.a(CyLFClk.o)
                0x00000a18                CySysClkWcoSetPowerMode
 .text.CySysWdtLock
                0x00000a98       0x1c .\CortexM0\ARM_GCC_541\Debug\CyberPong.a(CyLFClk.o)
                0x00000a98                CySysWdtLock
 .text.CySysWdtUnlock
                0x00000ab4       0x30 .\CortexM0\ARM_GCC_541\Debug\CyberPong.a(CyLFClk.o)
                0x00000ab4                CySysWdtUnlock
 .text.CySysWdtClearInterrupt
                0x00000ae4       0x4c .\CortexM0\ARM_GCC_541\Debug\CyberPong.a(CyLFClk.o)
                0x00000ae4                CySysWdtClearInterrupt
 .text.CySysWdtIsr
                0x00000b30       0xa4 .\CortexM0\ARM_GCC_541\Debug\CyberPong.a(CyLFClk.o)
                0x00000b30                CySysWdtIsr
 .text.UART_ScbModePostEnable
                0x00000bd4        0x8 .\CortexM0\ARM_GCC_541\Debug\CyberPong.a(UART.o)
 .text.UART_Init
                0x00000bdc        0x8 .\CortexM0\ARM_GCC_541\Debug\CyberPong.a(UART.o)
                0x00000bdc                UART_Init
 .text.UART_Enable
                0x00000be4       0x18 .\CortexM0\ARM_GCC_541\Debug\CyberPong.a(UART.o)
                0x00000be4                UART_Enable
 .text.UART_Start
                0x00000bfc       0x20 .\CortexM0\ARM_GCC_541\Debug\CyberPong.a(UART.o)
                0x00000bfc                UART_Start
 .text.UART_SpiUartReadRxData
                0x00000c1c        0xc .\CortexM0\ARM_GCC_541\Debug\CyberPong.a(UART_SPI_UART.o)
                0x00000c1c                UART_SpiUartReadRxData
 .text.UART_SpiUartGetRxBufferSize
                0x00000c28       0x10 .\CortexM0\ARM_GCC_541\Debug\CyberPong.a(UART_SPI_UART.o)
                0x00000c28                UART_SpiUartGetRxBufferSize
 .text.UART_SpiUartWriteTxData
                0x00000c38       0x1c .\CortexM0\ARM_GCC_541\Debug\CyberPong.a(UART_SPI_UART.o)
                0x00000c38                UART_SpiUartWriteTxData
 .text.UART_UartInit
                0x00000c54       0xa8 .\CortexM0\ARM_GCC_541\Debug\CyberPong.a(UART_UART.o)
                0x00000c54                UART_UartInit
 .text.UART_UartPostEnable
                0x00000cfc       0x2c .\CortexM0\ARM_GCC_541\Debug\CyberPong.a(UART_UART.o)
                0x00000cfc                UART_UartPostEnable
 .text.UART_UartGetChar
                0x00000d28       0x2c .\CortexM0\ARM_GCC_541\Debug\CyberPong.a(UART_UART.o)
                0x00000d28                UART_UartGetChar
 .text.UART_UartPutString
                0x00000d54       0x18 .\CortexM0\ARM_GCC_541\Debug\CyberPong.a(UART_UART.o)
                0x00000d54                UART_UartPutString
 .text.FanController_Enable
                0x00000d6c       0x38 .\CortexM0\ARM_GCC_541\Debug\CyberPong.a(FanController.o)
                0x00000d6c                FanController_Enable
 .text.FanController_SetAlertMask
                0x00000da4        0xc .\CortexM0\ARM_GCC_541\Debug\CyberPong.a(FanController.o)
                0x00000da4                FanController_SetAlertMask
 .text.FanController_GetAlertMask
                0x00000db0        0xc .\CortexM0\ARM_GCC_541\Debug\CyberPong.a(FanController.o)
                0x00000db0                FanController_GetAlertMask
 .text.FanController_SetDutyCycle
                0x00000dbc       0x30 .\CortexM0\ARM_GCC_541\Debug\CyberPong.a(FanController.o)
                0x00000dbc                FanController_SetDutyCycle
 .text.FanController_SetDesiredSpeed
                0x00000dec       0x14 .\CortexM0\ARM_GCC_541\Debug\CyberPong.a(FanController.o)
                0x00000dec                FanController_SetDesiredSpeed
 .text.FanController_Init
                0x00000e00      0x110 .\CortexM0\ARM_GCC_541\Debug\CyberPong.a(FanController.o)
                0x00000e00                FanController_Init
 .text.FanController_Start
                0x00000f10       0x20 .\CortexM0\ARM_GCC_541\Debug\CyberPong.a(FanController.o)
                0x00000f10                FanController_Start
 .text.FanController_GetDesiredSpeed
                0x00000f30       0x10 .\CortexM0\ARM_GCC_541\Debug\CyberPong.a(FanController.o)
                0x00000f30                FanController_GetDesiredSpeed
 .text.FanController_GetActualSpeed
                0x00000f40       0x2c .\CortexM0\ARM_GCC_541\Debug\CyberPong.a(FanController.o)
                0x00000f40                FanController_GetActualSpeed
 .text.FanController_DATA_SEND_ISR
                0x00000f6c       0x94 .\CortexM0\ARM_GCC_541\Debug\CyberPong.a(FanController_INT.o)
                0x00000f6c                FanController_DATA_SEND_ISR
 .text.FanController_PID_CONTROL_ISR
                0x00001000      0x188 .\CortexM0\ARM_GCC_541\Debug\CyberPong.a(FanController_INT.o)
                0x00001000                FanController_PID_CONTROL_ISR
 .text.FanController_DataSend_SetVector
                0x00001188        0xc .\CortexM0\ARM_GCC_541\Debug\CyberPong.a(FanController_DataSend.o)
                0x00001188                FanController_DataSend_SetVector
 .text.FanController_DataSend_SetPriority
                0x00001194       0x24 .\CortexM0\ARM_GCC_541\Debug\CyberPong.a(FanController_DataSend.o)
                0x00001194                FanController_DataSend_SetPriority
 .text.FanController_DataSend_Enable
                0x000011b8        0xc .\CortexM0\ARM_GCC_541\Debug\CyberPong.a(FanController_DataSend.o)
                0x000011b8                FanController_DataSend_Enable
 .text.FanController_DataSend_Disable
                0x000011c4        0xc .\CortexM0\ARM_GCC_541\Debug\CyberPong.a(FanController_DataSend.o)
                0x000011c4                FanController_DataSend_Disable
 .text.FanController_DataSend_StartEx
                0x000011d0       0x1c .\CortexM0\ARM_GCC_541\Debug\CyberPong.a(FanController_DataSend.o)
                0x000011d0                FanController_DataSend_StartEx
 .text.FanController_PID_ISR_SetVector
                0x000011ec        0xc .\CortexM0\ARM_GCC_541\Debug\CyberPong.a(FanController_PID_ISR.o)
                0x000011ec                FanController_PID_ISR_SetVector
 .text.FanController_PID_ISR_SetPriority
                0x000011f8       0x20 .\CortexM0\ARM_GCC_541\Debug\CyberPong.a(FanController_PID_ISR.o)
                0x000011f8                FanController_PID_ISR_SetPriority
 .text.FanController_PID_ISR_Enable
                0x00001218        0xc .\CortexM0\ARM_GCC_541\Debug\CyberPong.a(FanController_PID_ISR.o)
                0x00001218                FanController_PID_ISR_Enable
 .text.FanController_PID_ISR_Disable
                0x00001224        0xc .\CortexM0\ARM_GCC_541\Debug\CyberPong.a(FanController_PID_ISR.o)
                0x00001224                FanController_PID_ISR_Disable
 .text.FanController_PID_ISR_StartEx
                0x00001230       0x1c .\CortexM0\ARM_GCC_541\Debug\CyberPong.a(FanController_PID_ISR.o)
                0x00001230                FanController_PID_ISR_StartEx
 .text.FanController_FW_PWM1_WriteCounter
                0x0000124c       0x10 .\CortexM0\ARM_GCC_541\Debug\CyberPong.a(FanController_FW_PWM1.o)
                0x0000124c                FanController_FW_PWM1_WriteCounter
 .text.FanController_FW_PWM1_WritePeriod
                0x0000125c       0x10 .\CortexM0\ARM_GCC_541\Debug\CyberPong.a(FanController_FW_PWM1.o)
                0x0000125c                FanController_FW_PWM1_WritePeriod
 .text.FanController_FW_PWM1_WriteCompare
                0x0000126c       0x10 .\CortexM0\ARM_GCC_541\Debug\CyberPong.a(FanController_FW_PWM1.o)
                0x0000126c                FanController_FW_PWM1_WriteCompare
 .text.FanController_FW_PWM1_TriggerCommand
                0x0000127c       0x1c .\CortexM0\ARM_GCC_541\Debug\CyberPong.a(FanController_FW_PWM1.o)
                0x0000127c                FanController_FW_PWM1_TriggerCommand
 .text.FanController_FW_PWM1_Enable
                0x00001298       0x24 .\CortexM0\ARM_GCC_541\Debug\CyberPong.a(FanController_FW_PWM1.o)
                0x00001298                FanController_FW_PWM1_Enable
 .text.FanController_FW_PWM1_SetInterruptMode
                0x000012bc        0xc .\CortexM0\ARM_GCC_541\Debug\CyberPong.a(FanController_FW_PWM1.o)
                0x000012bc                FanController_FW_PWM1_SetInterruptMode
 .text.FanController_FW_PWM1_Init
                0x000012c8       0x44 .\CortexM0\ARM_GCC_541\Debug\CyberPong.a(FanController_FW_PWM1.o)
                0x000012c8                FanController_FW_PWM1_Init
 .text.FanController_FW_PWM2_WriteCounter
                0x0000130c       0x10 .\CortexM0\ARM_GCC_541\Debug\CyberPong.a(FanController_FW_PWM2.o)
                0x0000130c                FanController_FW_PWM2_WriteCounter
 .text.FanController_FW_PWM2_WritePeriod
                0x0000131c       0x10 .\CortexM0\ARM_GCC_541\Debug\CyberPong.a(FanController_FW_PWM2.o)
                0x0000131c                FanController_FW_PWM2_WritePeriod
 .text.FanController_FW_PWM2_WriteCompare
                0x0000132c       0x10 .\CortexM0\ARM_GCC_541\Debug\CyberPong.a(FanController_FW_PWM2.o)
                0x0000132c                FanController_FW_PWM2_WriteCompare
 .text.FanController_FW_PWM2_TriggerCommand
                0x0000133c       0x1c .\CortexM0\ARM_GCC_541\Debug\CyberPong.a(FanController_FW_PWM2.o)
                0x0000133c                FanController_FW_PWM2_TriggerCommand
 .text.FanController_FW_PWM2_Enable
                0x00001358       0x24 .\CortexM0\ARM_GCC_541\Debug\CyberPong.a(FanController_FW_PWM2.o)
                0x00001358                FanController_FW_PWM2_Enable
 .text.FanController_FW_PWM2_SetInterruptMode
                0x0000137c        0xc .\CortexM0\ARM_GCC_541\Debug\CyberPong.a(FanController_FW_PWM2.o)
                0x0000137c                FanController_FW_PWM2_SetInterruptMode
 .text.FanController_FW_PWM2_Init
                0x00001388       0x4c .\CortexM0\ARM_GCC_541\Debug\CyberPong.a(FanController_FW_PWM2.o)
                0x00001388                FanController_FW_PWM2_Init
 .text.FanController_FW_PWM3_WriteCounter
                0x000013d4       0x10 .\CortexM0\ARM_GCC_541\Debug\CyberPong.a(FanController_FW_PWM3.o)
                0x000013d4                FanController_FW_PWM3_WriteCounter
 .text.FanController_FW_PWM3_WritePeriod
                0x000013e4       0x10 .\CortexM0\ARM_GCC_541\Debug\CyberPong.a(FanController_FW_PWM3.o)
                0x000013e4                FanController_FW_PWM3_WritePeriod
 .text.FanController_FW_PWM3_WriteCompare
                0x000013f4       0x10 .\CortexM0\ARM_GCC_541\Debug\CyberPong.a(FanController_FW_PWM3.o)
                0x000013f4                FanController_FW_PWM3_WriteCompare
 .text.FanController_FW_PWM3_TriggerCommand
                0x00001404       0x1c .\CortexM0\ARM_GCC_541\Debug\CyberPong.a(FanController_FW_PWM3.o)
                0x00001404                FanController_FW_PWM3_TriggerCommand
 .text.FanController_FW_PWM3_Enable
                0x00001420       0x24 .\CortexM0\ARM_GCC_541\Debug\CyberPong.a(FanController_FW_PWM3.o)
                0x00001420                FanController_FW_PWM3_Enable
 .text.FanController_FW_PWM3_SetInterruptMode
                0x00001444        0xc .\CortexM0\ARM_GCC_541\Debug\CyberPong.a(FanController_FW_PWM3.o)
                0x00001444                FanController_FW_PWM3_SetInterruptMode
 .text.FanController_FW_PWM3_Init
                0x00001450       0x4c .\CortexM0\ARM_GCC_541\Debug\CyberPong.a(FanController_FW_PWM3.o)
                0x00001450                FanController_FW_PWM3_Init
 .text.FanController_FW_PWM4_WriteCounter
                0x0000149c       0x10 .\CortexM0\ARM_GCC_541\Debug\CyberPong.a(FanController_FW_PWM4.o)
                0x0000149c                FanController_FW_PWM4_WriteCounter
 .text.FanController_FW_PWM4_WritePeriod
                0x000014ac       0x10 .\CortexM0\ARM_GCC_541\Debug\CyberPong.a(FanController_FW_PWM4.o)
                0x000014ac                FanController_FW_PWM4_WritePeriod
 .text.FanController_FW_PWM4_WriteCompare
                0x000014bc       0x10 .\CortexM0\ARM_GCC_541\Debug\CyberPong.a(FanController_FW_PWM4.o)
                0x000014bc                FanController_FW_PWM4_WriteCompare
 .text.FanController_FW_PWM4_TriggerCommand
                0x000014cc       0x1c .\CortexM0\ARM_GCC_541\Debug\CyberPong.a(FanController_FW_PWM4.o)
                0x000014cc                FanController_FW_PWM4_TriggerCommand
 .text.FanController_FW_PWM4_Enable
                0x000014e8       0x24 .\CortexM0\ARM_GCC_541\Debug\CyberPong.a(FanController_FW_PWM4.o)
                0x000014e8                FanController_FW_PWM4_Enable
 .text.FanController_FW_PWM4_SetInterruptMode
                0x0000150c        0xc .\CortexM0\ARM_GCC_541\Debug\CyberPong.a(FanController_FW_PWM4.o)
                0x0000150c                FanController_FW_PWM4_SetInterruptMode
 .text.FanController_FW_PWM4_Init
                0x00001518       0x4c .\CortexM0\ARM_GCC_541\Debug\CyberPong.a(FanController_FW_PWM4.o)
                0x00001518                FanController_FW_PWM4_Init
 .text.ISR_Ball_Trigger_SetVector
                0x00001564        0xc .\CortexM0\ARM_GCC_541\Debug\CyberPong.a(ISR_Ball_Trigger.o)
                0x00001564                ISR_Ball_Trigger_SetVector
 .text.ISR_Ball_Trigger_SetPriority
                0x00001570       0x24 .\CortexM0\ARM_GCC_541\Debug\CyberPong.a(ISR_Ball_Trigger.o)
                0x00001570                ISR_Ball_Trigger_SetPriority
 .text.ISR_Ball_Trigger_Enable
                0x00001594        0xc .\CortexM0\ARM_GCC_541\Debug\CyberPong.a(ISR_Ball_Trigger.o)
                0x00001594                ISR_Ball_Trigger_Enable
 .text.ISR_Ball_Trigger_Disable
                0x000015a0        0xc .\CortexM0\ARM_GCC_541\Debug\CyberPong.a(ISR_Ball_Trigger.o)
                0x000015a0                ISR_Ball_Trigger_Disable
 .text.ISR_Ball_Trigger_StartEx
                0x000015ac       0x1c .\CortexM0\ARM_GCC_541\Debug\CyberPong.a(ISR_Ball_Trigger.o)
                0x000015ac                ISR_Ball_Trigger_StartEx
 .text.Pin_Serve_Write
                0x000015c8       0x18 .\CortexM0\ARM_GCC_541\Debug\CyberPong.a(Pin_Serve.o)
                0x000015c8                Pin_Serve_Write
 .text          0x000015e0       0x20 .\CortexM0\ARM_GCC_541\Debug\CyberPong.a(CyBootAsmGnu.o)
                0x000015e0                CyDelayCycles
                0x000015f2                CyEnterCriticalSection
                0x000015fa                CyExitCriticalSection
 .text          0x00001600      0x114 c:/program files (x86)/cypress/psoc creator/4.4/psoc creator/import/gnu/arm/5.4.1/bin/../lib/gcc/arm-none-eabi/5.4.1/armv6-m\libgcc.a(_udivsi3.o)
                0x00001600                __aeabi_uidiv
                0x00001600                __udivsi3
                0x0000170c                __aeabi_uidivmod
 .text          0x00001714        0x4 c:/program files (x86)/cypress/psoc creator/4.4/psoc creator/import/gnu/arm/5.4.1/bin/../lib/gcc/arm-none-eabi/5.4.1/armv6-m\libgcc.a(_dvmd_tls.o)
                0x00001714                __aeabi_idiv0
                0x00001714                __aeabi_ldiv0
 .text.__errno  0x00001718        0xc c:/program files (x86)/cypress/psoc creator/4.4/psoc creator/import/gnu/arm/5.4.1/bin/../lib/gcc/arm-none-eabi/5.4.1/../../../../arm-none-eabi/lib/armv6-m\libg_nano.a(lib_a-errno.o)
                0x00001718                __errno
 .text.__libc_init_array
                0x00001724       0x4c c:/program files (x86)/cypress/psoc creator/4.4/psoc creator/import/gnu/arm/5.4.1/bin/../lib/gcc/arm-none-eabi/5.4.1/../../../../arm-none-eabi/lib/armv6-m\libg_nano.a(lib_a-init.o)
                0x00001724                __libc_init_array
 .text.memcpy   0x00001770       0x12 c:/program files (x86)/cypress/psoc creator/4.4/psoc creator/import/gnu/arm/5.4.1/bin/../lib/gcc/arm-none-eabi/5.4.1/../../../../arm-none-eabi/lib/armv6-m\libg_nano.a(lib_a-memcpy-stub.o)
                0x00001770                memcpy
 .text.memset   0x00001782       0x10 c:/program files (x86)/cypress/psoc creator/4.4/psoc creator/import/gnu/arm/5.4.1/bin/../lib/gcc/arm-none-eabi/5.4.1/../../../../arm-none-eabi/lib/armv6-m\libg_nano.a(lib_a-memset.o)
                0x00001782                memset
 *fill*         0x00001792        0x2 
 .text.sprintf  0x00001794       0x44 c:/program files (x86)/cypress/psoc creator/4.4/psoc creator/import/gnu/arm/5.4.1/bin/../lib/gcc/arm-none-eabi/5.4.1/../../../../arm-none-eabi/lib/armv6-m\libg_nano.a(lib_a-sprintf.o)
                0x00001794                siprintf
                0x00001794                sprintf
 .text.__ssputs_r
                0x000017d8       0xc4 c:/program files (x86)/cypress/psoc creator/4.4/psoc creator/import/gnu/arm/5.4.1/bin/../lib/gcc/arm-none-eabi/5.4.1/../../../../arm-none-eabi/lib/armv6-m\libg_nano.a(lib_a-nano-svfprintf.o)
                0x000017d8                __ssputs_r
 .text._svfprintf_r
                0x0000189c      0x1fc c:/program files (x86)/cypress/psoc creator/4.4/psoc creator/import/gnu/arm/5.4.1/bin/../lib/gcc/arm-none-eabi/5.4.1/../../../../arm-none-eabi/lib/armv6-m\libg_nano.a(lib_a-nano-svfprintf.o)
                0x0000189c                _svfiprintf_r
                0x0000189c                _svfprintf_r
 .text._printf_common
                0x00001a98       0xdc c:/program files (x86)/cypress/psoc creator/4.4/psoc creator/import/gnu/arm/5.4.1/bin/../lib/gcc/arm-none-eabi/5.4.1/../../../../arm-none-eabi/lib/armv6-m\libg_nano.a(lib_a-nano-vfprintf_i.o)
                0x00001a98                _printf_common
 .text._printf_i
                0x00001b74      0x244 c:/program files (x86)/cypress/psoc creator/4.4/psoc creator/import/gnu/arm/5.4.1/bin/../lib/gcc/arm-none-eabi/5.4.1/../../../../arm-none-eabi/lib/armv6-m\libg_nano.a(lib_a-nano-vfprintf_i.o)
                0x00001b74                _printf_i
 .text.memchr   0x00001db8       0x16 c:/program files (x86)/cypress/psoc creator/4.4/psoc creator/import/gnu/arm/5.4.1/bin/../lib/gcc/arm-none-eabi/5.4.1/../../../../arm-none-eabi/lib/armv6-m\libg_nano.a(lib_a-memchr-stub.o)
                0x00001db8                memchr
 .text.memmove  0x00001dce       0x2a c:/program files (x86)/cypress/psoc creator/4.4/psoc creator/import/gnu/arm/5.4.1/bin/../lib/gcc/arm-none-eabi/5.4.1/../../../../arm-none-eabi/lib/armv6-m\libg_nano.a(lib_a-memmove.o)
                0x00001dce                memmove
 .text._free_r  0x00001df8       0x98 c:/program files (x86)/cypress/psoc creator/4.4/psoc creator/import/gnu/arm/5.4.1/bin/../lib/gcc/arm-none-eabi/5.4.1/../../../../arm-none-eabi/lib/armv6-m\libg_nano.a(lib_a-nano-freer.o)
                0x00001df8                _free_r
 .text._malloc_r
                0x00001e90       0xc0 c:/program files (x86)/cypress/psoc creator/4.4/psoc creator/import/gnu/arm/5.4.1/bin/../lib/gcc/arm-none-eabi/5.4.1/../../../../arm-none-eabi/lib/armv6-m\libg_nano.a(lib_a-nano-mallocr.o)
                0x00001e90                _malloc_r
 .text._realloc_r
                0x00001f50       0x4c c:/program files (x86)/cypress/psoc creator/4.4/psoc creator/import/gnu/arm/5.4.1/bin/../lib/gcc/arm-none-eabi/5.4.1/../../../../arm-none-eabi/lib/armv6-m\libg_nano.a(lib_a-nano-reallocr.o)
                0x00001f50                _realloc_r
 .text._sbrk_r  0x00001f9c       0x24 c:/program files (x86)/cypress/psoc creator/4.4/psoc creator/import/gnu/arm/5.4.1/bin/../lib/gcc/arm-none-eabi/5.4.1/../../../../arm-none-eabi/lib/armv6-m\libg_nano.a(lib_a-sbrkr.o)
                0x00001f9c                _sbrk_r
 .text.__malloc_lock
                0x00001fc0        0x2 c:/program files (x86)/cypress/psoc creator/4.4/psoc creator/import/gnu/arm/5.4.1/bin/../lib/gcc/arm-none-eabi/5.4.1/../../../../arm-none-eabi/lib/armv6-m\libg_nano.a(lib_a-mlock.o)
                0x00001fc0                __malloc_lock
 .text.__malloc_unlock
                0x00001fc2        0x2 c:/program files (x86)/cypress/psoc creator/4.4/psoc creator/import/gnu/arm/5.4.1/bin/../lib/gcc/arm-none-eabi/5.4.1/../../../../arm-none-eabi/lib/armv6-m\libg_nano.a(lib_a-mlock.o)
                0x00001fc2                __malloc_unlock
 .text._malloc_usable_size_r
                0x00001fc4       0x16 c:/program files (x86)/cypress/psoc creator/4.4/psoc creator/import/gnu/arm/5.4.1/bin/../lib/gcc/arm-none-eabi/5.4.1/../../../../arm-none-eabi/lib/armv6-m\libg_nano.a(lib_a-nano-msizer.o)
                0x00001fc4                _malloc_usable_size_r
 *(.plt)
 *(.gnu.warning)
 *(.glue_7t)
 .glue_7t       0x00001fda        0x0 linker stubs
 *(.glue_7)
 .glue_7        0x00001fda        0x0 linker stubs
 *(.vfp11_veneer)
 .vfp11_veneer  0x00001fda        0x0 linker stubs
 *(.bootloader)
 *(.ARM.extab* .gnu.linkonce.armextab.*)
 *(.gcc_except_table)

.v4_bx          0x00001fdc        0x0
 .v4_bx         0x00001fdc        0x0 linker stubs

.iplt           0x00001fdc        0x0
 .iplt          0x00001fdc        0x0 c:/program files (x86)/cypress/psoc creator/4.4/psoc creator/import/gnu/arm/5.4.1/bin/../lib/gcc/arm-none-eabi/5.4.1/armv6-m/crtbegin.o

.eh_frame_hdr
 *(.eh_frame_hdr)

.eh_frame       0x00001fdc        0x4
 *(.eh_frame)
 .eh_frame      0x00001fdc        0x0 c:/program files (x86)/cypress/psoc creator/4.4/psoc creator/import/gnu/arm/5.4.1/bin/../lib/gcc/arm-none-eabi/5.4.1/armv6-m/crtbegin.o
 .eh_frame      0x00001fdc        0x4 c:/program files (x86)/cypress/psoc creator/4.4/psoc creator/import/gnu/arm/5.4.1/bin/../lib/gcc/arm-none-eabi/5.4.1/armv6-m/crtend.o
                [!provide]                PROVIDE (__exidx_start, .)

.ARM.exidx
 *(.ARM.exidx* .gnu.linkonce.armexidx.*)
                0x00001fe0                __exidx_end = .

.rodata         0x00001fe0      0x550
 *(.rodata .rodata.* .gnu.linkonce.r.*)
 .rodata.str1.4
                0x00001fe0       0x84 .\CortexM0\ARM_GCC_541\Debug\main.o
                                 0x83 (size before relaxing)
 .rodata        0x00002064      0x40c .\CortexM0\ARM_GCC_541\Debug\cyfitter_cfg.o
 .rodata        0x00002470       0x2e .\CortexM0\ARM_GCC_541\Debug\CyberPong.a(CyLib.o)
                0x00002470                cyImoFreqMhz2Reg
 *fill*         0x0000249e        0x2 
 .rodata        0x000024a0       0x20 .\CortexM0\ARM_GCC_541\Debug\CyberPong.a(FanController.o)
                0x000024a0                FanController_fanDriverRegs
                0x000024b0                FanController_fanPwmInitRegs
 .rodata.str1.1
                0x000024c0        0x2 c:/program files (x86)/cypress/psoc creator/4.4/psoc creator/import/gnu/arm/5.4.1/bin/../lib/gcc/arm-none-eabi/5.4.1/../../../../arm-none-eabi/lib/armv6-m\libg_nano.a(lib_a-impure.o)
 .rodata.str1.1
                0x000024c2       0x11 c:/program files (x86)/cypress/psoc creator/4.4/psoc creator/import/gnu/arm/5.4.1/bin/../lib/gcc/arm-none-eabi/5.4.1/../../../../arm-none-eabi/lib/armv6-m\libg_nano.a(lib_a-nano-svfprintf.o)
 .rodata.str1.1
                0x000024d3       0x22 c:/program files (x86)/cypress/psoc creator/4.4/psoc creator/import/gnu/arm/5.4.1/bin/../lib/gcc/arm-none-eabi/5.4.1/../../../../arm-none-eabi/lib/armv6-m\libg_nano.a(lib_a-nano-vfprintf_i.o)
                0x000024f8                . = ALIGN (0x4)
 *fill*         0x000024f5        0x3 
 *(.init)
 .init          0x000024f8        0x4 c:/program files (x86)/cypress/psoc creator/4.4/psoc creator/import/gnu/arm/5.4.1/bin/../lib/gcc/arm-none-eabi/5.4.1/armv6-m/crti.o
                0x000024f8                _init
 .init          0x000024fc        0x8 c:/program files (x86)/cypress/psoc creator/4.4/psoc creator/import/gnu/arm/5.4.1/bin/../lib/gcc/arm-none-eabi/5.4.1/armv6-m/crtn.o
                0x00002504                . = ALIGN (0x4)
                0x00002504                __preinit_array_start = .
 *(.preinit_array)
                0x00002504                __preinit_array_end = .
                0x00002504                . = ALIGN (0x4)
                0x00002504                __init_array_start = .
 *(SORT(.init_array.*))
 *(.init_array)
 .init_array    0x00002504        0x4 c:/program files (x86)/cypress/psoc creator/4.4/psoc creator/import/gnu/arm/5.4.1/bin/../lib/gcc/arm-none-eabi/5.4.1/armv6-m/crtbegin.o
 .init_array    0x00002508        0x4 .\CortexM0\ARM_GCC_541\Debug\Cm0Start.o
                0x0000250c                __init_array_end = .
                0x0000250c                . = ALIGN (0x4)
 *(.fini)
 .fini          0x0000250c        0x4 c:/program files (x86)/cypress/psoc creator/4.4/psoc creator/import/gnu/arm/5.4.1/bin/../lib/gcc/arm-none-eabi/5.4.1/armv6-m/crti.o
                0x0000250c                _fini
 .fini          0x00002510        0x8 c:/program files (x86)/cypress/psoc creator/4.4/psoc creator/import/gnu/arm/5.4.1/bin/../lib/gcc/arm-none-eabi/5.4.1/armv6-m/crtn.o
                0x00002518                . = ALIGN (0x4)
                0x00002518                __fini_array_start = .
 *(.fini_array)
 .fini_array    0x00002518        0x4 c:/program files (x86)/cypress/psoc creator/4.4/psoc creator/import/gnu/arm/5.4.1/bin/../lib/gcc/arm-none-eabi/5.4.1/armv6-m/crtbegin.o
 *(SORT(.fini_array.*))
                0x0000251c                __fini_array_end = .
                0x0000251c                . = ALIGN (0x4)
 *crtbegin.o(.ctors)
 *(EXCLUDE_FILE(*crtend.o) .ctors)
 *(SORT(.ctors.*))
 *crtend.o(.ctors)
                0x0000251c                . = ALIGN (0x4)
 *crtbegin.o(.dtors)
 *(EXCLUDE_FILE(*crtend.o) .dtors)
 *(SORT(.dtors.*))
 *crtend.o(.dtors)
                0x0000251c                . = ALIGN (0x4)
                0x0000251c                __cy_regions = .
                0x0000251c        0x4 LONG 0x2530 __cy_region_init_ram
                0x00002520        0x4 LONG 0x200000c0 __cy_region_start_data
                0x00002524        0x4 LONG 0xe8 __cy_region_init_size_ram
                0x00002528        0x4 LONG 0xe8 __cy_region_zero_size_ram
                0x0000252c                __cy_regions_end = .
                0x00002530                . = ALIGN (0x8)
 *fill*         0x0000252c        0x4 
                0x00002530                _etext = .

.cy_checksum_exclude
                0x00002530        0x0
 *(.cy_checksum_exclude)

.ramvectors     0x20000000       0xc0
                0x20000000                __cy_region_start_ram = .
 *(.ramvectors)
 .ramvectors    0x20000000       0xc0 .\CortexM0\ARM_GCC_541\Debug\Cm0Start.o
                0x20000000                CyRamVectors

.noinit
 *(.noinit)

.data           0x200000c0       0xe8 load address 0x00002530
                0x200000c0                __cy_region_start_data = .
 *(.jcr)
 .jcr           0x200000c0        0x0 c:/program files (x86)/cypress/psoc creator/4.4/psoc creator/import/gnu/arm/5.4.1/bin/../lib/gcc/arm-none-eabi/5.4.1/armv6-m/crtbegin.o
 .jcr           0x200000c0        0x4 c:/program files (x86)/cypress/psoc creator/4.4/psoc creator/import/gnu/arm/5.4.1/bin/../lib/gcc/arm-none-eabi/5.4.1/armv6-m/crtend.o
 *(.got.plt)
 *(.got)
 *(.shdata)
 *(.data .data.* .gnu.linkonce.d.*)
 .data          0x200000c4       0x22 .\CortexM0\ARM_GCC_541\Debug\main.o
                0x200000c4                speed_configs
                0x200000e4                conf_size
 *fill*         0x200000e6        0x2 
 .data          0x200000e8        0x4 .\CortexM0\ARM_GCC_541\Debug\Cm0Start.o
 .data          0x200000ec       0x14 .\CortexM0\ARM_GCC_541\Debug\CyberPong.a(CyLib.o)
                0x200000ec                CySysClkPumpConfig
                0x200000f0                cydelay32kMs
                0x200000f4                cydelayFreqKhz
                0x200000f8                cydelayFreqMhz
                0x200000fc                cydelayFreqHz
 .data          0x20000100        0x8 .\CortexM0\ARM_GCC_541\Debug\CyberPong.a(CyLFClk.o)
 .data          0x20000108       0x38 .\CortexM0\ARM_GCC_541\Debug\CyberPong.a(FanController.o)
                0x20000108                FanController_fanProperties
 .data.impure_data
                0x20000140       0x60 c:/program files (x86)/cypress/psoc creator/4.4/psoc creator/import/gnu/arm/5.4.1/bin/../lib/gcc/arm-none-eabi/5.4.1/../../../../arm-none-eabi/lib/armv6-m\libg_nano.a(lib_a-impure.o)
 .data._impure_ptr
                0x200001a0        0x4 c:/program files (x86)/cypress/psoc creator/4.4/psoc creator/import/gnu/arm/5.4.1/bin/../lib/gcc/arm-none-eabi/5.4.1/../../../../arm-none-eabi/lib/armv6-m\libg_nano.a(lib_a-impure.o)
                0x200001a0                _impure_ptr
                0x200001a8                . = ALIGN (0x8)
 *fill*         0x200001a4        0x4 
 *(.ram)
                0x200001a8                _edata = .

.igot.plt       0x200001a8        0x0 load address 0x00002618
 .igot.plt      0x200001a8        0x0 c:/program files (x86)/cypress/psoc creator/4.4/psoc creator/import/gnu/arm/5.4.1/bin/../lib/gcc/arm-none-eabi/5.4.1/armv6-m/crtbegin.o

.bss            0x200001a8       0xe8 load address 0x00002618
                0x200001a8                PROVIDE (__bss_start__, .)
 *(.shbss)
 *(.bss .bss.* .gnu.linkonce.b.*)
 .bss           0x200001a8       0x1c c:/program files (x86)/cypress/psoc creator/4.4/psoc creator/import/gnu/arm/5.4.1/bin/../lib/gcc/arm-none-eabi/5.4.1/armv6-m/crtbegin.o
 .bss           0x200001c4        0x3 .\CortexM0\ARM_GCC_541\Debug\main.o
                0x200001c4                isr_triggered
                0x200001c5                serving_enabled
                0x200001c6                conf_iterator
 *fill*         0x200001c7        0x1 
 .bss           0x200001c8       0x28 .\CortexM0\ARM_GCC_541\Debug\CyberPong.a(CyLFClk.o)
 .bss           0x200001f0        0x4 .\CortexM0\ARM_GCC_541\Debug\CyberPong.a(UART.o)
                0x200001f0                UART_initVar
                0x200001f2                UART_IntrTxMask
 .bss           0x200001f4        0x5 .\CortexM0\ARM_GCC_541\Debug\CyberPong.a(FanController.o)
                0x200001f4                FanController_alertMask
                0x200001f6                FanController_stallStatus
                0x200001f8                FanController_initVar
 *fill*         0x200001f9        0x3 
 .bss           0x200001fc       0x26 .\CortexM0\ARM_GCC_541\Debug\CyberPong.a(FanController_INT.o)
                0x20000220                FanController_speedStatus
 *fill*         0x20000222        0x2 
 .bss.__malloc_sbrk_start
                0x20000224        0x4 c:/program files (x86)/cypress/psoc creator/4.4/psoc creator/import/gnu/arm/5.4.1/bin/../lib/gcc/arm-none-eabi/5.4.1/../../../../arm-none-eabi/lib/armv6-m\libg_nano.a(lib_a-nano-mallocr.o)
                0x20000224                __malloc_sbrk_start
 .bss.__malloc_free_list
                0x20000228        0x4 c:/program files (x86)/cypress/psoc creator/4.4/psoc creator/import/gnu/arm/5.4.1/bin/../lib/gcc/arm-none-eabi/5.4.1/../../../../arm-none-eabi/lib/armv6-m\libg_nano.a(lib_a-nano-mallocr.o)
                0x20000228                __malloc_free_list
 *(COMMON)
 COMMON         0x2000022c       0x14 .\CortexM0\ARM_GCC_541\Debug\main.o
                0x2000022c                speed_idx
                0x2000022e                speed_buf
                0x20000230                motor_speeds
                0x20000238                print_speed_flag
                0x20000239                manual_control_flag
                0x2000023c                uart_rpm_buff
 COMMON         0x20000240       0x48 .\CortexM0\ARM_GCC_541\Debug\CyberPong.a(FanController.o)
                0x20000240                FanController_pidA2
                0x20000248                FanController_fanControl
                0x20000250                FanController_desiredFansSpeed
                0x20000258                FanController_outputSatL
                0x20000268                FanController_pidA1
                0x20000270                FanController_pidA3
                0x20000278                FanController_outputSatH
 COMMON         0x20000288        0x4 c:/program files (x86)/cypress/psoc creator/4.4/psoc creator/import/gnu/arm/5.4.1/bin/../lib/gcc/arm-none-eabi/5.4.1/../../../../arm-none-eabi/lib/armv6-m\libg_nano.a(lib_a-reent.o)
                0x20000288                errno
                0x20000290                . = ALIGN (0x8)
 *fill*         0x2000028c        0x4 
 *(.ram.b)
                0x20000290                _end = .
                0x20000290                __end = .
                0x20000290                PROVIDE (end, .)
                0x20000290                PROVIDE (__bss_end__, .)
                0x00002530                __cy_region_init_ram = LOADADDR (.data)
                0x000000e8                __cy_region_init_size_ram = (_edata - ADDR (.data))
                0x000000e8                __cy_region_zero_size_ram = (_end - _edata)

.heap           0x20000290       0x80 load address 0x00002618
                0x20000290                . = _end
                0x20000310                . = (. + 0x80)
 *fill*         0x20000290       0x80 
                0x20000310                __cy_heap_limit = .

.stack          0x20007800      0x800
                0x20007800                __cy_stack_limit = .
                0x20008000                . = (. + 0x800)
 *fill*         0x20007800      0x800 
                0x00000001                ASSERT ((__cy_stack_limit >= __cy_heap_limit), region RAM overflowed with stack)
                0x00000000                cy_checksum_exclude_size = (CY_APPL_LOADABLE == 0x1)?SIZEOF (.cy_checksum_exclude):0x0
                0x00000001                ASSERT ((cy_checksum_exclude_size <= CY_CHECKSUM_EXCLUDE_SIZE), CY_BOOT: Section .cy_checksum_exclude size exceedes specified limit.)
                0x0003ffc0                cyloadermeta_start = (cy_project_type_bootloader || cy_project_type_app_for_stack_and_copier)?(LENGTH (rom) - CY_METADATA_SIZE):0xf0000000

.cyloadermeta
 *(.cyloadermeta)
                0x0003ffc0                cyloadablemeta_start = cy_project_type_app_for_stack_and_copier?((LENGTH (rom) - CY_FLASH_ROW_SIZE) - CY_METADATA_SIZE):((LENGTH (rom) - (CY_FLASH_ROW_SIZE * (CY_APPL_NUM - 0x1))) - CY_METADATA_SIZE)

.cyloadablemeta
 *(.cyloadablemeta)

.cyflashprotect
                0x90400000       0x80
 *(.cyflashprotect)
 .cyflashprotect
                0x90400000       0x80 .\CortexM0\ARM_GCC_541\Debug\cymetadata.o
                0x90400000                cy_meta_flashprotect

.cymeta         0x90500000        0xc
 *(.cymeta)
 .cymeta        0x90500000        0xc .\CortexM0\ARM_GCC_541\Debug\cymetadata.o
                0x90500000                cy_metadata

.cychipprotect  0x90600000        0x1
 *(.cychipprotect)
 .cychipprotect
                0x90600000        0x1 .\CortexM0\ARM_GCC_541\Debug\cymetadata.o
                0x90600000                cy_meta_chipprotect

.rel.dyn        0x00002618        0x0 load address 0x90600004
 .rel.iplt      0x00002618        0x0 c:/program files (x86)/cypress/psoc creator/4.4/psoc creator/import/gnu/arm/5.4.1/bin/../lib/gcc/arm-none-eabi/5.4.1/armv6-m/crtbegin.o

.stab
 *(.stab)

.stabstr
 *(.stabstr)

.debug
 *(.debug)

.line
 *(.line)

.debug_srcinfo
 *(.debug_srcinfo)

.debug_sfnames
 *(.debug_sfnames)

.debug_aranges  0x00000000      0xdb8
 *(.debug_aranges)
 .debug_aranges
                0x00000000       0x48 .\CortexM0\ARM_GCC_541\Debug\main.o
 .debug_aranges
                0x00000048       0x48 .\CortexM0\ARM_GCC_541\Debug\cyfitter_cfg.o
 .debug_aranges
                0x00000090       0x18 .\CortexM0\ARM_GCC_541\Debug\cymetadata.o
 .debug_aranges
                0x000000a8       0x48 .\CortexM0\ARM_GCC_541\Debug\Cm0Start.o
 .debug_aranges
                0x000000f0      0x1d0 .\CortexM0\ARM_GCC_541\Debug\CyberPong.a(CyLib.o)
 .debug_aranges
                0x000002c0      0x188 .\CortexM0\ARM_GCC_541\Debug\CyberPong.a(CyLFClk.o)
 .debug_aranges
                0x00000448       0x58 .\CortexM0\ARM_GCC_541\Debug\CyberPong.a(UART.o)
 .debug_aranges
                0x000004a0       0x60 .\CortexM0\ARM_GCC_541\Debug\CyberPong.a(UART_SPI_UART.o)
 .debug_aranges
                0x00000500       0x90 .\CortexM0\ARM_GCC_541\Debug\CyberPong.a(UART_UART.o)
 .debug_aranges
                0x00000590       0xb8 .\CortexM0\ARM_GCC_541\Debug\CyberPong.a(FanController.o)
 .debug_aranges
                0x00000648       0x28 .\CortexM0\ARM_GCC_541\Debug\CyberPong.a(FanController_INT.o)
 .debug_aranges
                0x00000670       0x80 .\CortexM0\ARM_GCC_541\Debug\CyberPong.a(FanController_DataSend.o)
 .debug_aranges
                0x000006f0       0x80 .\CortexM0\ARM_GCC_541\Debug\CyberPong.a(FanController_PID_ISR.o)
 .debug_aranges
                0x00000770      0x158 .\CortexM0\ARM_GCC_541\Debug\CyberPong.a(FanController_FW_PWM1.o)
 .debug_aranges
                0x000008c8      0x158 .\CortexM0\ARM_GCC_541\Debug\CyberPong.a(FanController_FW_PWM2.o)
 .debug_aranges
                0x00000a20      0x158 .\CortexM0\ARM_GCC_541\Debug\CyberPong.a(FanController_FW_PWM3.o)
 .debug_aranges
                0x00000b78      0x158 .\CortexM0\ARM_GCC_541\Debug\CyberPong.a(FanController_FW_PWM4.o)
 .debug_aranges
                0x00000cd0       0x80 .\CortexM0\ARM_GCC_541\Debug\CyberPong.a(ISR_Ball_Trigger.o)
 .debug_aranges
                0x00000d50       0x48 .\CortexM0\ARM_GCC_541\Debug\CyberPong.a(Pin_Serve.o)
 .debug_aranges
                0x00000d98       0x20 .\CortexM0\ARM_GCC_541\Debug\CyberPong.a(CyBootAsmGnu.o)

.debug_pubnames
 *(.debug_pubnames)

.debug_info     0x00000000     0x72d5
 *(.debug_info .gnu.linkonce.wi.*)
 .debug_info    0x00000000      0x6b0 .\CortexM0\ARM_GCC_541\Debug\main.o
 .debug_info    0x000006b0      0x5e2 .\CortexM0\ARM_GCC_541\Debug\cyfitter_cfg.o
 .debug_info    0x00000c92       0xf8 .\CortexM0\ARM_GCC_541\Debug\cymetadata.o
 .debug_info    0x00000d8a      0x3a2 .\CortexM0\ARM_GCC_541\Debug\Cm0Start.o
 .debug_info    0x0000112c      0xd2c .\CortexM0\ARM_GCC_541\Debug\CyberPong.a(CyLib.o)
 .debug_info    0x00001e58     0x1071 .\CortexM0\ARM_GCC_541\Debug\CyberPong.a(CyLFClk.o)
 .debug_info    0x00002ec9      0x23a .\CortexM0\ARM_GCC_541\Debug\CyberPong.a(UART.o)
 .debug_info    0x00003103      0x220 .\CortexM0\ARM_GCC_541\Debug\CyberPong.a(UART_SPI_UART.o)
 .debug_info    0x00003323      0x3b5 .\CortexM0\ARM_GCC_541\Debug\CyberPong.a(UART_UART.o)
 .debug_info    0x000036d8      0x965 .\CortexM0\ARM_GCC_541\Debug\CyberPong.a(FanController.o)
 .debug_info    0x0000403d      0x338 .\CortexM0\ARM_GCC_541\Debug\CyberPong.a(FanController_INT.o)
 .debug_info    0x00004375      0x305 .\CortexM0\ARM_GCC_541\Debug\CyberPong.a(FanController_DataSend.o)
 .debug_info    0x0000467a      0x305 .\CortexM0\ARM_GCC_541\Debug\CyberPong.a(FanController_PID_ISR.o)
 .debug_info    0x0000497f      0x909 .\CortexM0\ARM_GCC_541\Debug\CyberPong.a(FanController_FW_PWM1.o)
 .debug_info    0x00005288      0x909 .\CortexM0\ARM_GCC_541\Debug\CyberPong.a(FanController_FW_PWM2.o)
 .debug_info    0x00005b91      0x909 .\CortexM0\ARM_GCC_541\Debug\CyberPong.a(FanController_FW_PWM3.o)
 .debug_info    0x0000649a      0x909 .\CortexM0\ARM_GCC_541\Debug\CyberPong.a(FanController_FW_PWM4.o)
 .debug_info    0x00006da3      0x305 .\CortexM0\ARM_GCC_541\Debug\CyberPong.a(ISR_Ball_Trigger.o)
 .debug_info    0x000070a8      0x19d .\CortexM0\ARM_GCC_541\Debug\CyberPong.a(Pin_Serve.o)
 .debug_info    0x00007245       0x90 .\CortexM0\ARM_GCC_541\Debug\CyberPong.a(CyBootAsmGnu.o)

.debug_abbrev   0x00000000     0x1a7b
 *(.debug_abbrev)
 .debug_abbrev  0x00000000      0x16b .\CortexM0\ARM_GCC_541\Debug\main.o
 .debug_abbrev  0x0000016b      0x1ea .\CortexM0\ARM_GCC_541\Debug\cyfitter_cfg.o
 .debug_abbrev  0x00000355       0x5d .\CortexM0\ARM_GCC_541\Debug\cymetadata.o
 .debug_abbrev  0x000003b2      0x1d7 .\CortexM0\ARM_GCC_541\Debug\Cm0Start.o
 .debug_abbrev  0x00000589      0x1d3 .\CortexM0\ARM_GCC_541\Debug\CyberPong.a(CyLib.o)
 .debug_abbrev  0x0000075c      0x248 .\CortexM0\ARM_GCC_541\Debug\CyberPong.a(CyLFClk.o)
 .debug_abbrev  0x000009a4       0xd5 .\CortexM0\ARM_GCC_541\Debug\CyberPong.a(UART.o)
 .debug_abbrev  0x00000a79      0x14f .\CortexM0\ARM_GCC_541\Debug\CyberPong.a(UART_SPI_UART.o)
 .debug_abbrev  0x00000bc8      0x132 .\CortexM0\ARM_GCC_541\Debug\CyberPong.a(UART_UART.o)
 .debug_abbrev  0x00000cfa      0x22b .\CortexM0\ARM_GCC_541\Debug\CyberPong.a(FanController.o)
 .debug_abbrev  0x00000f25      0x148 .\CortexM0\ARM_GCC_541\Debug\CyberPong.a(FanController_INT.o)
 .debug_abbrev  0x0000106d      0x19a .\CortexM0\ARM_GCC_541\Debug\CyberPong.a(FanController_DataSend.o)
 .debug_abbrev  0x00001207      0x19a .\CortexM0\ARM_GCC_541\Debug\CyberPong.a(FanController_PID_ISR.o)
 .debug_abbrev  0x000013a1      0x119 .\CortexM0\ARM_GCC_541\Debug\CyberPong.a(FanController_FW_PWM1.o)
 .debug_abbrev  0x000014ba      0x119 .\CortexM0\ARM_GCC_541\Debug\CyberPong.a(FanController_FW_PWM2.o)
 .debug_abbrev  0x000015d3      0x119 .\CortexM0\ARM_GCC_541\Debug\CyberPong.a(FanController_FW_PWM3.o)
 .debug_abbrev  0x000016ec      0x119 .\CortexM0\ARM_GCC_541\Debug\CyberPong.a(FanController_FW_PWM4.o)
 .debug_abbrev  0x00001805      0x19a .\CortexM0\ARM_GCC_541\Debug\CyberPong.a(ISR_Ball_Trigger.o)
 .debug_abbrev  0x0000199f       0xc8 .\CortexM0\ARM_GCC_541\Debug\CyberPong.a(Pin_Serve.o)
 .debug_abbrev  0x00001a67       0x14 .\CortexM0\ARM_GCC_541\Debug\CyberPong.a(CyBootAsmGnu.o)

.debug_line     0x00000000     0x2f4d
 *(.debug_line)
 .debug_line    0x00000000      0x323 .\CortexM0\ARM_GCC_541\Debug\main.o
 .debug_line    0x00000323      0x1dd .\CortexM0\ARM_GCC_541\Debug\cyfitter_cfg.o
 .debug_line    0x00000500      0x141 .\CortexM0\ARM_GCC_541\Debug\cymetadata.o
 .debug_line    0x00000641      0x236 .\CortexM0\ARM_GCC_541\Debug\Cm0Start.o
 .debug_line    0x00000877      0x553 .\CortexM0\ARM_GCC_541\Debug\CyberPong.a(CyLib.o)
 .debug_line    0x00000dca      0x5db .\CortexM0\ARM_GCC_541\Debug\CyberPong.a(CyLFClk.o)
 .debug_line    0x000013a5      0x108 .\CortexM0\ARM_GCC_541\Debug\CyberPong.a(UART.o)
 .debug_line    0x000014ad      0x11a .\CortexM0\ARM_GCC_541\Debug\CyberPong.a(UART_SPI_UART.o)
 .debug_line    0x000015c7      0x1cf .\CortexM0\ARM_GCC_541\Debug\CyberPong.a(UART_UART.o)
 .debug_line    0x00001796      0x32b .\CortexM0\ARM_GCC_541\Debug\CyberPong.a(FanController.o)
 .debug_line    0x00001ac1      0x10c .\CortexM0\ARM_GCC_541\Debug\CyberPong.a(FanController_INT.o)
 .debug_line    0x00001bcd      0x162 .\CortexM0\ARM_GCC_541\Debug\CyberPong.a(FanController_DataSend.o)
 .debug_line    0x00001d2f      0x161 .\CortexM0\ARM_GCC_541\Debug\CyberPong.a(FanController_PID_ISR.o)
 .debug_line    0x00001e90      0x38e .\CortexM0\ARM_GCC_541\Debug\CyberPong.a(FanController_FW_PWM1.o)
 .debug_line    0x0000221e      0x38e .\CortexM0\ARM_GCC_541\Debug\CyberPong.a(FanController_FW_PWM2.o)
 .debug_line    0x000025ac      0x38e .\CortexM0\ARM_GCC_541\Debug\CyberPong.a(FanController_FW_PWM3.o)
 .debug_line    0x0000293a      0x38e .\CortexM0\ARM_GCC_541\Debug\CyberPong.a(FanController_FW_PWM4.o)
 .debug_line    0x00002cc8      0x15c .\CortexM0\ARM_GCC_541\Debug\CyberPong.a(ISR_Ball_Trigger.o)
 .debug_line    0x00002e24       0xc1 .\CortexM0\ARM_GCC_541\Debug\CyberPong.a(Pin_Serve.o)
 .debug_line    0x00002ee5       0x68 .\CortexM0\ARM_GCC_541\Debug\CyberPong.a(CyBootAsmGnu.o)

.debug_frame    0x00000000     0x266c
 *(.debug_frame)
 .debug_frame   0x00000000       0xc4 .\CortexM0\ARM_GCC_541\Debug\main.o
 .debug_frame   0x000000c4       0xbc .\CortexM0\ARM_GCC_541\Debug\cyfitter_cfg.o
 .debug_frame   0x00000180       0xbc .\CortexM0\ARM_GCC_541\Debug\Cm0Start.o
 .debug_frame   0x0000023c      0x4a4 .\CortexM0\ARM_GCC_541\Debug\CyberPong.a(CyLib.o)
 .debug_frame   0x000006e0      0x4a8 .\CortexM0\ARM_GCC_541\Debug\CyberPong.a(CyLFClk.o)
 .debug_frame   0x00000b88       0xd8 .\CortexM0\ARM_GCC_541\Debug\CyberPong.a(UART.o)
 .debug_frame   0x00000c60       0xb0 .\CortexM0\ARM_GCC_541\Debug\CyberPong.a(UART_SPI_UART.o)
 .debug_frame   0x00000d10      0x144 .\CortexM0\ARM_GCC_541\Debug\CyberPong.a(UART_UART.o)
 .debug_frame   0x00000e54      0x200 .\CortexM0\ARM_GCC_541\Debug\CyberPong.a(FanController.o)
 .debug_frame   0x00001054       0x50 .\CortexM0\ARM_GCC_541\Debug\CyberPong.a(FanController_INT.o)
 .debug_frame   0x000010a4      0x110 .\CortexM0\ARM_GCC_541\Debug\CyberPong.a(FanController_DataSend.o)
 .debug_frame   0x000011b4      0x110 .\CortexM0\ARM_GCC_541\Debug\CyberPong.a(FanController_PID_ISR.o)
 .debug_frame   0x000012c4      0x3a0 .\CortexM0\ARM_GCC_541\Debug\CyberPong.a(FanController_FW_PWM1.o)
 .debug_frame   0x00001664      0x3a0 .\CortexM0\ARM_GCC_541\Debug\CyberPong.a(FanController_FW_PWM2.o)
 .debug_frame   0x00001a04      0x3a0 .\CortexM0\ARM_GCC_541\Debug\CyberPong.a(FanController_FW_PWM3.o)
 .debug_frame   0x00001da4      0x3a0 .\CortexM0\ARM_GCC_541\Debug\CyberPong.a(FanController_FW_PWM4.o)
 .debug_frame   0x00002144      0x110 .\CortexM0\ARM_GCC_541\Debug\CyberPong.a(ISR_Ball_Trigger.o)
 .debug_frame   0x00002254       0x70 .\CortexM0\ARM_GCC_541\Debug\CyberPong.a(Pin_Serve.o)
 .debug_frame   0x000022c4       0x20 c:/program files (x86)/cypress/psoc creator/4.4/psoc creator/import/gnu/arm/5.4.1/bin/../lib/gcc/arm-none-eabi/5.4.1/armv6-m\libgcc.a(_udivsi3.o)
 .debug_frame   0x000022e4       0x20 c:/program files (x86)/cypress/psoc creator/4.4/psoc creator/import/gnu/arm/5.4.1/bin/../lib/gcc/arm-none-eabi/5.4.1/armv6-m\libgcc.a(_divsi3.o)
 .debug_frame   0x00002304       0x20 c:/program files (x86)/cypress/psoc creator/4.4/psoc creator/import/gnu/arm/5.4.1/bin/../lib/gcc/arm-none-eabi/5.4.1/../../../../arm-none-eabi/lib/armv6-m\libg_nano.a(lib_a-errno.o)
 .debug_frame   0x00002324       0x28 c:/program files (x86)/cypress/psoc creator/4.4/psoc creator/import/gnu/arm/5.4.1/bin/../lib/gcc/arm-none-eabi/5.4.1/../../../../arm-none-eabi/lib/armv6-m\libg_nano.a(lib_a-exit.o)
 .debug_frame   0x0000234c       0x2c c:/program files (x86)/cypress/psoc creator/4.4/psoc creator/import/gnu/arm/5.4.1/bin/../lib/gcc/arm-none-eabi/5.4.1/../../../../arm-none-eabi/lib/armv6-m\libg_nano.a(lib_a-init.o)
 .debug_frame   0x00002378       0x28 c:/program files (x86)/cypress/psoc creator/4.4/psoc creator/import/gnu/arm/5.4.1/bin/../lib/gcc/arm-none-eabi/5.4.1/../../../../arm-none-eabi/lib/armv6-m\libg_nano.a(lib_a-memcpy-stub.o)
 .debug_frame   0x000023a0       0x20 c:/program files (x86)/cypress/psoc creator/4.4/psoc creator/import/gnu/arm/5.4.1/bin/../lib/gcc/arm-none-eabi/5.4.1/../../../../arm-none-eabi/lib/armv6-m\libg_nano.a(lib_a-memset.o)
 .debug_frame   0x000023c0       0x50 c:/program files (x86)/cypress/psoc creator/4.4/psoc creator/import/gnu/arm/5.4.1/bin/../lib/gcc/arm-none-eabi/5.4.1/../../../../arm-none-eabi/lib/armv6-m\libg_nano.a(lib_a-sprintf.o)
 .debug_frame   0x00002410       0x74 c:/program files (x86)/cypress/psoc creator/4.4/psoc creator/import/gnu/arm/5.4.1/bin/../lib/gcc/arm-none-eabi/5.4.1/../../../../arm-none-eabi/lib/armv6-m\libg_nano.a(lib_a-nano-svfprintf.o)
 .debug_frame   0x00002484       0x54 c:/program files (x86)/cypress/psoc creator/4.4/psoc creator/import/gnu/arm/5.4.1/bin/../lib/gcc/arm-none-eabi/5.4.1/../../../../arm-none-eabi/lib/armv6-m\libg_nano.a(lib_a-nano-vfprintf_i.o)
 .debug_frame   0x000024d8       0x20 c:/program files (x86)/cypress/psoc creator/4.4/psoc creator/import/gnu/arm/5.4.1/bin/../lib/gcc/arm-none-eabi/5.4.1/../../../../arm-none-eabi/lib/armv6-m\libg_nano.a(lib_a-memchr-stub.o)
 .debug_frame   0x000024f8       0x28 c:/program files (x86)/cypress/psoc creator/4.4/psoc creator/import/gnu/arm/5.4.1/bin/../lib/gcc/arm-none-eabi/5.4.1/../../../../arm-none-eabi/lib/armv6-m\libg_nano.a(lib_a-memmove.o)
 .debug_frame   0x00002520       0x2c c:/program files (x86)/cypress/psoc creator/4.4/psoc creator/import/gnu/arm/5.4.1/bin/../lib/gcc/arm-none-eabi/5.4.1/../../../../arm-none-eabi/lib/armv6-m\libg_nano.a(lib_a-nano-freer.o)
 .debug_frame   0x0000254c       0x2c c:/program files (x86)/cypress/psoc creator/4.4/psoc creator/import/gnu/arm/5.4.1/bin/../lib/gcc/arm-none-eabi/5.4.1/../../../../arm-none-eabi/lib/armv6-m\libg_nano.a(lib_a-nano-mallocr.o)
 .debug_frame   0x00002578       0x30 c:/program files (x86)/cypress/psoc creator/4.4/psoc creator/import/gnu/arm/5.4.1/bin/../lib/gcc/arm-none-eabi/5.4.1/../../../../arm-none-eabi/lib/armv6-m\libg_nano.a(lib_a-nano-reallocr.o)
 .debug_frame   0x000025a8       0x2c c:/program files (x86)/cypress/psoc creator/4.4/psoc creator/import/gnu/arm/5.4.1/bin/../lib/gcc/arm-none-eabi/5.4.1/../../../../arm-none-eabi/lib/armv6-m\libg_nano.a(lib_a-sbrkr.o)
 .debug_frame   0x000025d4       0x30 c:/program files (x86)/cypress/psoc creator/4.4/psoc creator/import/gnu/arm/5.4.1/bin/../lib/gcc/arm-none-eabi/5.4.1/../../../../arm-none-eabi/lib/armv6-m\libg_nano.a(lib_a-mlock.o)
 .debug_frame   0x00002604       0x20 c:/program files (x86)/cypress/psoc creator/4.4/psoc creator/import/gnu/arm/5.4.1/bin/../lib/gcc/arm-none-eabi/5.4.1/../../../../arm-none-eabi/lib/armv6-m\libg_nano.a(lib_a-nano-msizer.o)
 .debug_frame   0x00002624       0x48 c:/program files (x86)/cypress/psoc creator/4.4/psoc creator/import/gnu/arm/5.4.1/bin/../lib/gcc/arm-none-eabi/5.4.1/../../../../arm-none-eabi/lib/armv6-m\libg_nano.a(lib_a-reent.o)

.debug_str      0x00000000     0x3ada
 *(.debug_str)
 .debug_str     0x00000000      0x364 .\CortexM0\ARM_GCC_541\Debug\main.o
                                0x3ce (size before relaxing)
 .debug_str     0x00000364      0x201 .\CortexM0\ARM_GCC_541\Debug\cyfitter_cfg.o
                                0x3a6 (size before relaxing)
 .debug_str     0x00000565       0x9a .\CortexM0\ARM_GCC_541\Debug\cymetadata.o
                                0x1bd (size before relaxing)
 .debug_str     0x000005ff      0x13a .\CortexM0\ARM_GCC_541\Debug\Cm0Start.o
                                0x301 (size before relaxing)
 .debug_str     0x00000739      0x5cf .\CortexM0\ARM_GCC_541\Debug\CyberPong.a(CyLib.o)
                                0x7f8 (size before relaxing)
 .debug_str     0x00000d08      0x6ec .\CortexM0\ARM_GCC_541\Debug\CyberPong.a(CyLFClk.o)
                                0x938 (size before relaxing)
 .debug_str     0x000013f4       0xf7 .\CortexM0\ARM_GCC_541\Debug\CyberPong.a(UART.o)
                                0x297 (size before relaxing)
 .debug_str     0x000014eb      0x11d .\CortexM0\ARM_GCC_541\Debug\CyberPong.a(UART_SPI_UART.o)
                                0x2ce (size before relaxing)
 .debug_str     0x00001608      0x16e .\CortexM0\ARM_GCC_541\Debug\CyberPong.a(UART_UART.o)
                                0x3c8 (size before relaxing)
 .debug_str     0x00001776      0x637 .\CortexM0\ARM_GCC_541\Debug\CyberPong.a(FanController.o)
                                0x8a8 (size before relaxing)
 .debug_str     0x00001dad      0x114 .\CortexM0\ARM_GCC_541\Debug\CyberPong.a(FanController_INT.o)
                                0x45c (size before relaxing)
 .debug_str     0x00001ec1      0x1c4 .\CortexM0\ARM_GCC_541\Debug\CyberPong.a(FanController_DataSend.o)
                                0x3d8 (size before relaxing)
 .debug_str     0x00002085      0x1a8 .\CortexM0\ARM_GCC_541\Debug\CyberPong.a(FanController_PID_ISR.o)
                                0x3ca (size before relaxing)
 .debug_str     0x0000222d      0x633 .\CortexM0\ARM_GCC_541\Debug\CyberPong.a(FanController_FW_PWM1.o)
                                0x851 (size before relaxing)
 .debug_str     0x00002860      0x574 .\CortexM0\ARM_GCC_541\Debug\CyberPong.a(FanController_FW_PWM2.o)
                                0x851 (size before relaxing)
 .debug_str     0x00002dd4      0x574 .\CortexM0\ARM_GCC_541\Debug\CyberPong.a(FanController_FW_PWM3.o)
                                0x851 (size before relaxing)
 .debug_str     0x00003348      0x574 .\CortexM0\ARM_GCC_541\Debug\CyberPong.a(FanController_FW_PWM4.o)
                                0x851 (size before relaxing)
 .debug_str     0x000038bc      0x167 .\CortexM0\ARM_GCC_541\Debug\CyberPong.a(ISR_Ball_Trigger.o)
                                0x384 (size before relaxing)
 .debug_str     0x00003a23       0xb7 .\CortexM0\ARM_GCC_541\Debug\CyberPong.a(Pin_Serve.o)
                                0x252 (size before relaxing)

.debug_loc      0x00000000     0x3a3b
 *(.debug_loc)
 .debug_loc     0x00000000      0x187 .\CortexM0\ARM_GCC_541\Debug\main.o
 .debug_loc     0x00000187      0x22c .\CortexM0\ARM_GCC_541\Debug\cyfitter_cfg.o
 .debug_loc     0x000003b3      0x14f .\CortexM0\ARM_GCC_541\Debug\Cm0Start.o
 .debug_loc     0x00000502      0x818 .\CortexM0\ARM_GCC_541\Debug\CyberPong.a(CyLib.o)
 .debug_loc     0x00000d1a      0xdaa .\CortexM0\ARM_GCC_541\Debug\CyberPong.a(CyLFClk.o)
 .debug_loc     0x00001ac4       0x7e .\CortexM0\ARM_GCC_541\Debug\CyberPong.a(UART.o)
 .debug_loc     0x00001b42       0x96 .\CortexM0\ARM_GCC_541\Debug\CyberPong.a(UART_SPI_UART.o)
 .debug_loc     0x00001bd8      0x223 .\CortexM0\ARM_GCC_541\Debug\CyberPong.a(UART_UART.o)
 .debug_loc     0x00001dfb      0x3ba .\CortexM0\ARM_GCC_541\Debug\CyberPong.a(FanController.o)
 .debug_loc     0x000021b5      0x142 .\CortexM0\ARM_GCC_541\Debug\CyberPong.a(FanController_INT.o)
 .debug_loc     0x000022f7       0x82 .\CortexM0\ARM_GCC_541\Debug\CyberPong.a(FanController_DataSend.o)
 .debug_loc     0x00002379       0x82 .\CortexM0\ARM_GCC_541\Debug\CyberPong.a(FanController_PID_ISR.o)
 .debug_loc     0x000023fb      0x547 .\CortexM0\ARM_GCC_541\Debug\CyberPong.a(FanController_FW_PWM1.o)
 .debug_loc     0x00002942      0x547 .\CortexM0\ARM_GCC_541\Debug\CyberPong.a(FanController_FW_PWM2.o)
 .debug_loc     0x00002e89      0x547 .\CortexM0\ARM_GCC_541\Debug\CyberPong.a(FanController_FW_PWM3.o)
 .debug_loc     0x000033d0      0x547 .\CortexM0\ARM_GCC_541\Debug\CyberPong.a(FanController_FW_PWM4.o)
 .debug_loc     0x00003917       0x82 .\CortexM0\ARM_GCC_541\Debug\CyberPong.a(ISR_Ball_Trigger.o)
 .debug_loc     0x00003999       0xa2 .\CortexM0\ARM_GCC_541\Debug\CyberPong.a(Pin_Serve.o)

.debug_macinfo
 *(.debug_macinfo)

.debug_ranges   0x00000000      0xc60
 *(.debug_ranges)
 .debug_ranges  0x00000000       0x38 .\CortexM0\ARM_GCC_541\Debug\main.o
 .debug_ranges  0x00000038       0x38 .\CortexM0\ARM_GCC_541\Debug\cyfitter_cfg.o
 .debug_ranges  0x00000070       0x38 .\CortexM0\ARM_GCC_541\Debug\Cm0Start.o
 .debug_ranges  0x000000a8      0x1c0 .\CortexM0\ARM_GCC_541\Debug\CyberPong.a(CyLib.o)
 .debug_ranges  0x00000268      0x178 .\CortexM0\ARM_GCC_541\Debug\CyberPong.a(CyLFClk.o)
 .debug_ranges  0x000003e0       0x48 .\CortexM0\ARM_GCC_541\Debug\CyberPong.a(UART.o)
 .debug_ranges  0x00000428       0x50 .\CortexM0\ARM_GCC_541\Debug\CyberPong.a(UART_SPI_UART.o)
 .debug_ranges  0x00000478       0x80 .\CortexM0\ARM_GCC_541\Debug\CyberPong.a(UART_UART.o)
 .debug_ranges  0x000004f8       0xa8 .\CortexM0\ARM_GCC_541\Debug\CyberPong.a(FanController.o)
 .debug_ranges  0x000005a0       0x18 .\CortexM0\ARM_GCC_541\Debug\CyberPong.a(FanController_INT.o)
 .debug_ranges  0x000005b8       0x70 .\CortexM0\ARM_GCC_541\Debug\CyberPong.a(FanController_DataSend.o)
 .debug_ranges  0x00000628       0x70 .\CortexM0\ARM_GCC_541\Debug\CyberPong.a(FanController_PID_ISR.o)
 .debug_ranges  0x00000698      0x148 .\CortexM0\ARM_GCC_541\Debug\CyberPong.a(FanController_FW_PWM1.o)
 .debug_ranges  0x000007e0      0x148 .\CortexM0\ARM_GCC_541\Debug\CyberPong.a(FanController_FW_PWM2.o)
 .debug_ranges  0x00000928      0x148 .\CortexM0\ARM_GCC_541\Debug\CyberPong.a(FanController_FW_PWM3.o)
 .debug_ranges  0x00000a70      0x148 .\CortexM0\ARM_GCC_541\Debug\CyberPong.a(FanController_FW_PWM4.o)
 .debug_ranges  0x00000bb8       0x70 .\CortexM0\ARM_GCC_541\Debug\CyberPong.a(ISR_Ball_Trigger.o)
 .debug_ranges  0x00000c28       0x38 .\CortexM0\ARM_GCC_541\Debug\CyberPong.a(Pin_Serve.o)

.comment        0x00000000       0x6e
 .comment       0x00000000       0x6e .\CortexM0\ARM_GCC_541\Debug\main.o
                                 0x6f (size before relaxing)
 .comment       0x0000006e       0x6f .\CortexM0\ARM_GCC_541\Debug\cyfitter_cfg.o
 .comment       0x0000006e       0x6f .\CortexM0\ARM_GCC_541\Debug\cymetadata.o
 .comment       0x0000006e       0x6f .\CortexM0\ARM_GCC_541\Debug\Cm0Start.o
 .comment       0x0000006e       0x6f .\CortexM0\ARM_GCC_541\Debug\CyberPong.a(CyLib.o)
 .comment       0x0000006e       0x6f .\CortexM0\ARM_GCC_541\Debug\CyberPong.a(CyLFClk.o)
 .comment       0x0000006e       0x6f .\CortexM0\ARM_GCC_541\Debug\CyberPong.a(UART.o)
 .comment       0x0000006e       0x6f .\CortexM0\ARM_GCC_541\Debug\CyberPong.a(UART_SPI_UART.o)
 .comment       0x0000006e       0x6f .\CortexM0\ARM_GCC_541\Debug\CyberPong.a(UART_UART.o)
 .comment       0x0000006e       0x6f .\CortexM0\ARM_GCC_541\Debug\CyberPong.a(FanController.o)
 .comment       0x0000006e       0x6f .\CortexM0\ARM_GCC_541\Debug\CyberPong.a(FanController_INT.o)
 .comment       0x0000006e       0x6f .\CortexM0\ARM_GCC_541\Debug\CyberPong.a(FanController_DataSend.o)
 .comment       0x0000006e       0x6f .\CortexM0\ARM_GCC_541\Debug\CyberPong.a(FanController_PID_ISR.o)
 .comment       0x0000006e       0x6f .\CortexM0\ARM_GCC_541\Debug\CyberPong.a(FanController_FW_PWM1.o)
 .comment       0x0000006e       0x6f .\CortexM0\ARM_GCC_541\Debug\CyberPong.a(FanController_FW_PWM2.o)
 .comment       0x0000006e       0x6f .\CortexM0\ARM_GCC_541\Debug\CyberPong.a(FanController_FW_PWM3.o)
 .comment       0x0000006e       0x6f .\CortexM0\ARM_GCC_541\Debug\CyberPong.a(FanController_FW_PWM4.o)
 .comment       0x0000006e       0x6f .\CortexM0\ARM_GCC_541\Debug\CyberPong.a(ISR_Ball_Trigger.o)
 .comment       0x0000006e       0x6f .\CortexM0\ARM_GCC_541\Debug\CyberPong.a(Pin_Serve.o)

.debug_weaknames
 *(.debug_weaknames)

.debug_funcnames
 *(.debug_funcnames)

.debug_typenames
 *(.debug_typenames)

.debug_varnames
 *(.debug_varnames)

.note.gnu.arm.ident
 *(.note.gnu.arm.ident)

.ARM.attributes
                0x00000000       0x28
 *(.ARM.attributes)
 .ARM.attributes
                0x00000000       0x1e c:/program files (x86)/cypress/psoc creator/4.4/psoc creator/import/gnu/arm/5.4.1/bin/../lib/gcc/arm-none-eabi/5.4.1/armv6-m/crti.o
 .ARM.attributes
                0x0000001e       0x2c c:/program files (x86)/cypress/psoc creator/4.4/psoc creator/import/gnu/arm/5.4.1/bin/../lib/gcc/arm-none-eabi/5.4.1/armv6-m/crtbegin.o
 .ARM.attributes
                0x0000004a       0x1b c:/program files (x86)/cypress/psoc creator/4.4/psoc creator/import/gnu/arm/5.4.1/bin/../lib/gcc/arm-none-eabi/5.4.1/../../../../arm-none-eabi/lib/armv6-m/crt0.o
 .ARM.attributes
                0x00000065       0x31 .\CortexM0\ARM_GCC_541\Debug\main.o
 .ARM.attributes
                0x00000096       0x31 .\CortexM0\ARM_GCC_541\Debug\cyfitter_cfg.o
 .ARM.attributes
                0x000000c7       0x31 .\CortexM0\ARM_GCC_541\Debug\cymetadata.o
 .ARM.attributes
                0x000000f8       0x31 .\CortexM0\ARM_GCC_541\Debug\Cm0Start.o
 .ARM.attributes
                0x00000129       0x31 .\CortexM0\ARM_GCC_541\Debug\CyberPong.a(CyLib.o)
 .ARM.attributes
                0x0000015a       0x31 .\CortexM0\ARM_GCC_541\Debug\CyberPong.a(CyLFClk.o)
 .ARM.attributes
                0x0000018b       0x31 .\CortexM0\ARM_GCC_541\Debug\CyberPong.a(UART.o)
 .ARM.attributes
                0x000001bc       0x31 .\CortexM0\ARM_GCC_541\Debug\CyberPong.a(UART_SPI_UART.o)
 .ARM.attributes
                0x000001ed       0x31 .\CortexM0\ARM_GCC_541\Debug\CyberPong.a(UART_UART.o)
 .ARM.attributes
                0x0000021e       0x31 .\CortexM0\ARM_GCC_541\Debug\CyberPong.a(FanController.o)
 .ARM.attributes
                0x0000024f       0x31 .\CortexM0\ARM_GCC_541\Debug\CyberPong.a(FanController_INT.o)
 .ARM.attributes
                0x00000280       0x31 .\CortexM0\ARM_GCC_541\Debug\CyberPong.a(FanController_DataSend.o)
 .ARM.attributes
                0x000002b1       0x31 .\CortexM0\ARM_GCC_541\Debug\CyberPong.a(FanController_PID_ISR.o)
 .ARM.attributes
                0x000002e2       0x31 .\CortexM0\ARM_GCC_541\Debug\CyberPong.a(FanController_FW_PWM1.o)
 .ARM.attributes
                0x00000313       0x31 .\CortexM0\ARM_GCC_541\Debug\CyberPong.a(FanController_FW_PWM2.o)
 .ARM.attributes
                0x00000344       0x31 .\CortexM0\ARM_GCC_541\Debug\CyberPong.a(FanController_FW_PWM3.o)
 .ARM.attributes
                0x00000375       0x31 .\CortexM0\ARM_GCC_541\Debug\CyberPong.a(FanController_FW_PWM4.o)
 .ARM.attributes
                0x000003a6       0x31 .\CortexM0\ARM_GCC_541\Debug\CyberPong.a(ISR_Ball_Trigger.o)
 .ARM.attributes
                0x000003d7       0x31 .\CortexM0\ARM_GCC_541\Debug\CyberPong.a(Pin_Serve.o)
 .ARM.attributes
                0x00000408       0x21 .\CortexM0\ARM_GCC_541\Debug\CyberPong.a(CyBootAsmGnu.o)
 .ARM.attributes
                0x00000429       0x1e c:/program files (x86)/cypress/psoc creator/4.4/psoc creator/import/gnu/arm/5.4.1/bin/../lib/gcc/arm-none-eabi/5.4.1/armv6-m\libgcc.a(_udivsi3.o)
 .ARM.attributes
                0x00000447       0x1e c:/program files (x86)/cypress/psoc creator/4.4/psoc creator/import/gnu/arm/5.4.1/bin/../lib/gcc/arm-none-eabi/5.4.1/armv6-m\libgcc.a(_divsi3.o)
 .ARM.attributes
                0x00000465       0x1e c:/program files (x86)/cypress/psoc creator/4.4/psoc creator/import/gnu/arm/5.4.1/bin/../lib/gcc/arm-none-eabi/5.4.1/armv6-m\libgcc.a(_dvmd_tls.o)
 .ARM.attributes
                0x00000483       0x2c c:/program files (x86)/cypress/psoc creator/4.4/psoc creator/import/gnu/arm/5.4.1/bin/../lib/gcc/arm-none-eabi/5.4.1/../../../../arm-none-eabi/lib/armv6-m\libg_nano.a(lib_a-errno.o)
 .ARM.attributes
                0x000004af       0x2c c:/program files (x86)/cypress/psoc creator/4.4/psoc creator/import/gnu/arm/5.4.1/bin/../lib/gcc/arm-none-eabi/5.4.1/../../../../arm-none-eabi/lib/armv6-m\libg_nano.a(lib_a-exit.o)
 .ARM.attributes
                0x000004db       0x2c c:/program files (x86)/cypress/psoc creator/4.4/psoc creator/import/gnu/arm/5.4.1/bin/../lib/gcc/arm-none-eabi/5.4.1/../../../../arm-none-eabi/lib/armv6-m\libg_nano.a(lib_a-impure.o)
 .ARM.attributes
                0x00000507       0x2c c:/program files (x86)/cypress/psoc creator/4.4/psoc creator/import/gnu/arm/5.4.1/bin/../lib/gcc/arm-none-eabi/5.4.1/../../../../arm-none-eabi/lib/armv6-m\libg_nano.a(lib_a-init.o)
 .ARM.attributes
                0x00000533       0x2c c:/program files (x86)/cypress/psoc creator/4.4/psoc creator/import/gnu/arm/5.4.1/bin/../lib/gcc/arm-none-eabi/5.4.1/../../../../arm-none-eabi/lib/armv6-m\libg_nano.a(lib_a-memcpy-stub.o)
 .ARM.attributes
                0x0000055f       0x2c c:/program files (x86)/cypress/psoc creator/4.4/psoc creator/import/gnu/arm/5.4.1/bin/../lib/gcc/arm-none-eabi/5.4.1/../../../../arm-none-eabi/lib/armv6-m\libg_nano.a(lib_a-memset.o)
 .ARM.attributes
                0x0000058b       0x2c c:/program files (x86)/cypress/psoc creator/4.4/psoc creator/import/gnu/arm/5.4.1/bin/../lib/gcc/arm-none-eabi/5.4.1/../../../../arm-none-eabi/lib/armv6-m\libg_nano.a(lib_a-sprintf.o)
 .ARM.attributes
                0x000005b7       0x2c c:/program files (x86)/cypress/psoc creator/4.4/psoc creator/import/gnu/arm/5.4.1/bin/../lib/gcc/arm-none-eabi/5.4.1/../../../../arm-none-eabi/lib/armv6-m\libg_nano.a(lib_a-nano-svfprintf.o)
 .ARM.attributes
                0x000005e3       0x2c c:/program files (x86)/cypress/psoc creator/4.4/psoc creator/import/gnu/arm/5.4.1/bin/../lib/gcc/arm-none-eabi/5.4.1/../../../../arm-none-eabi/lib/armv6-m\libg_nano.a(lib_a-nano-vfprintf_i.o)
 .ARM.attributes
                0x0000060f       0x2c c:/program files (x86)/cypress/psoc creator/4.4/psoc creator/import/gnu/arm/5.4.1/bin/../lib/gcc/arm-none-eabi/5.4.1/../../../../arm-none-eabi/lib/armv6-m\libg_nano.a(lib_a-memchr-stub.o)
 .ARM.attributes
                0x0000063b       0x2c c:/program files (x86)/cypress/psoc creator/4.4/psoc creator/import/gnu/arm/5.4.1/bin/../lib/gcc/arm-none-eabi/5.4.1/../../../../arm-none-eabi/lib/armv6-m\libg_nano.a(lib_a-memmove.o)
 .ARM.attributes
                0x00000667       0x2c c:/program files (x86)/cypress/psoc creator/4.4/psoc creator/import/gnu/arm/5.4.1/bin/../lib/gcc/arm-none-eabi/5.4.1/../../../../arm-none-eabi/lib/armv6-m\libg_nano.a(lib_a-nano-freer.o)
 .ARM.attributes
                0x00000693       0x2c c:/program files (x86)/cypress/psoc creator/4.4/psoc creator/import/gnu/arm/5.4.1/bin/../lib/gcc/arm-none-eabi/5.4.1/../../../../arm-none-eabi/lib/armv6-m\libg_nano.a(lib_a-nano-mallocr.o)
 .ARM.attributes
                0x000006bf       0x2c c:/program files (x86)/cypress/psoc creator/4.4/psoc creator/import/gnu/arm/5.4.1/bin/../lib/gcc/arm-none-eabi/5.4.1/../../../../arm-none-eabi/lib/armv6-m\libg_nano.a(lib_a-nano-reallocr.o)
 .ARM.attributes
                0x000006eb       0x2c c:/program files (x86)/cypress/psoc creator/4.4/psoc creator/import/gnu/arm/5.4.1/bin/../lib/gcc/arm-none-eabi/5.4.1/../../../../arm-none-eabi/lib/armv6-m\libg_nano.a(lib_a-sbrkr.o)
 .ARM.attributes
                0x00000717       0x2c c:/program files (x86)/cypress/psoc creator/4.4/psoc creator/import/gnu/arm/5.4.1/bin/../lib/gcc/arm-none-eabi/5.4.1/../../../../arm-none-eabi/lib/armv6-m\libg_nano.a(lib_a-mlock.o)
 .ARM.attributes
                0x00000743       0x2c c:/program files (x86)/cypress/psoc creator/4.4/psoc creator/import/gnu/arm/5.4.1/bin/../lib/gcc/arm-none-eabi/5.4.1/../../../../arm-none-eabi/lib/armv6-m\libg_nano.a(lib_a-nano-msizer.o)
 .ARM.attributes
                0x0000076f       0x2c c:/program files (x86)/cypress/psoc creator/4.4/psoc creator/import/gnu/arm/5.4.1/bin/../lib/gcc/arm-none-eabi/5.4.1/../../../../arm-none-eabi/lib/armv6-m\libg_nano.a(lib_a-reent.o)
 .ARM.attributes
                0x0000079b       0x2c c:/program files (x86)/cypress/psoc creator/4.4/psoc creator/import/gnu/arm/5.4.1/bin/../lib/gcc/arm-none-eabi/5.4.1/armv6-m/crtend.o
 .ARM.attributes
                0x000007c7       0x1e c:/program files (x86)/cypress/psoc creator/4.4/psoc creator/import/gnu/arm/5.4.1/bin/../lib/gcc/arm-none-eabi/5.4.1/armv6-m/crtn.o

/DISCARD/
 *(.note.GNU-stack)
OUTPUT(C:\Users\Oleg\Documents\Programming\POK\CyberPong\CyberPong.cydsn\CortexM0\ARM_GCC_541\Debug\CyberPong.elf elf32-littlearm)
