Archive member included to satisfy reference by file (symbol)

.\CortexM0\ARM_GCC_541\Debug\Test.a(CyLib.o)
                              .\CortexM0\ARM_GCC_541\Debug\cyfitter_cfg.o (CyIntEnable)
.\CortexM0\ARM_GCC_541\Debug\Test.a(CyLFClk.o)
                              .\CortexM0\ARM_GCC_541\Debug\cyfitter_cfg.o (CySysClkWcoStart)
.\CortexM0\ARM_GCC_541\Debug\Test.a(UART.o)
                              .\CortexM0\ARM_GCC_541\Debug\main.o (UART_Start)
.\CortexM0\ARM_GCC_541\Debug\Test.a(UART_SPI_UART.o)
                              .\CortexM0\ARM_GCC_541\Debug\main.o (UART_SpiUartWriteTxData)
.\CortexM0\ARM_GCC_541\Debug\Test.a(UART_UART.o)
                              .\CortexM0\ARM_GCC_541\Debug\Test.a(UART.o) (UART_UartInit)
.\CortexM0\ARM_GCC_541\Debug\Test.a(Pin_Output_DOWN.o)
                              .\CortexM0\ARM_GCC_541\Debug\main.o (Pin_Output_DOWN_Write)
.\CortexM0\ARM_GCC_541\Debug\Test.a(Pin_Output_UP.o)
                              .\CortexM0\ARM_GCC_541\Debug\main.o (Pin_Output_UP_Write)
.\CortexM0\ARM_GCC_541\Debug\Test.a(ISR_Ball_Trigger.o)
                              .\CortexM0\ARM_GCC_541\Debug\main.o (ISR_Ball_Trigger_StartEx)
.\CortexM0\ARM_GCC_541\Debug\Test.a(Pin_Serve.o)
                              .\CortexM0\ARM_GCC_541\Debug\main.o (Pin_Serve_Write)
.\CortexM0\ARM_GCC_541\Debug\Test.a(Pin_Output_DOWN_GROUND.o)
                              .\CortexM0\ARM_GCC_541\Debug\main.o (Pin_Output_DOWN_GROUND_Write)
.\CortexM0\ARM_GCC_541\Debug\Test.a(Pin_Output_UP_GROUND.o)
                              .\CortexM0\ARM_GCC_541\Debug\main.o (Pin_Output_UP_GROUND_Write)
.\CortexM0\ARM_GCC_541\Debug\Test.a(CyBootAsmGnu.o)
                              .\CortexM0\ARM_GCC_541\Debug\cyfitter_cfg.o (CyDelayCycles)
c:/program files (x86)/cypress/psoc creator/4.4/psoc creator/import/gnu/arm/5.4.1/bin/../lib/gcc/arm-none-eabi/5.4.1/armv6-m\libgcc.a(_udivsi3.o)
                              .\CortexM0\ARM_GCC_541\Debug\Test.a(CyLib.o) (__aeabi_uidiv)
c:/program files (x86)/cypress/psoc creator/4.4/psoc creator/import/gnu/arm/5.4.1/bin/../lib/gcc/arm-none-eabi/5.4.1/armv6-m\libgcc.a(_divsi3.o)
                              .\CortexM0\ARM_GCC_541\Debug\Test.a(CyLFClk.o) (__aeabi_idiv)
c:/program files (x86)/cypress/psoc creator/4.4/psoc creator/import/gnu/arm/5.4.1/bin/../lib/gcc/arm-none-eabi/5.4.1/armv6-m\libgcc.a(_dvmd_tls.o)
                              c:/program files (x86)/cypress/psoc creator/4.4/psoc creator/import/gnu/arm/5.4.1/bin/../lib/gcc/arm-none-eabi/5.4.1/armv6-m\libgcc.a(_udivsi3.o) (__aeabi_idiv0)
c:/program files (x86)/cypress/psoc creator/4.4/psoc creator/import/gnu/arm/5.4.1/bin/../lib/gcc/arm-none-eabi/5.4.1/../../../../arm-none-eabi/lib/armv6-m\libg_nano.a(lib_a-errno.o)
                              .\CortexM0\ARM_GCC_541\Debug\Cm0Start.o (__errno)
c:/program files (x86)/cypress/psoc creator/4.4/psoc creator/import/gnu/arm/5.4.1/bin/../lib/gcc/arm-none-eabi/5.4.1/../../../../arm-none-eabi/lib/armv6-m\libg_nano.a(lib_a-exit.o)
                              c:/program files (x86)/cypress/psoc creator/4.4/psoc creator/import/gnu/arm/5.4.1/bin/../lib/gcc/arm-none-eabi/5.4.1/../../../../arm-none-eabi/lib/armv6-m/crt0.o (exit)
c:/program files (x86)/cypress/psoc creator/4.4/psoc creator/import/gnu/arm/5.4.1/bin/../lib/gcc/arm-none-eabi/5.4.1/../../../../arm-none-eabi/lib/armv6-m\libg_nano.a(lib_a-impure.o)
                              c:/program files (x86)/cypress/psoc creator/4.4/psoc creator/import/gnu/arm/5.4.1/bin/../lib/gcc/arm-none-eabi/5.4.1/../../../../arm-none-eabi/lib/armv6-m\libg_nano.a(lib_a-exit.o) (_global_impure_ptr)
c:/program files (x86)/cypress/psoc creator/4.4/psoc creator/import/gnu/arm/5.4.1/bin/../lib/gcc/arm-none-eabi/5.4.1/../../../../arm-none-eabi/lib/armv6-m\libg_nano.a(lib_a-init.o)
                              c:/program files (x86)/cypress/psoc creator/4.4/psoc creator/import/gnu/arm/5.4.1/bin/../lib/gcc/arm-none-eabi/5.4.1/../../../../arm-none-eabi/lib/armv6-m/crt0.o (__libc_init_array)
c:/program files (x86)/cypress/psoc creator/4.4/psoc creator/import/gnu/arm/5.4.1/bin/../lib/gcc/arm-none-eabi/5.4.1/../../../../arm-none-eabi/lib/armv6-m\libg_nano.a(lib_a-memset.o)
                              c:/program files (x86)/cypress/psoc creator/4.4/psoc creator/import/gnu/arm/5.4.1/bin/../lib/gcc/arm-none-eabi/5.4.1/../../../../arm-none-eabi/lib/armv6-m/crt0.o (memset)

Allocating common symbols
Common symbol       size              file

speed_idx           0x1               .\CortexM0\ARM_GCC_541\Debug\main.o
speed_buf           0x2               .\CortexM0\ARM_GCC_541\Debug\main.o
motor_speeds        0x8               .\CortexM0\ARM_GCC_541\Debug\main.o
print_speed_flag    0x1               .\CortexM0\ARM_GCC_541\Debug\main.o
manual_control_flag
                    0x1               .\CortexM0\ARM_GCC_541\Debug\main.o
uart_rpm_buff       0x4               .\CortexM0\ARM_GCC_541\Debug\main.o

Discarded input sections

 .text          0x00000000        0x0 c:/program files (x86)/cypress/psoc creator/4.4/psoc creator/import/gnu/arm/5.4.1/bin/../lib/gcc/arm-none-eabi/5.4.1/armv6-m/crti.o
 .data          0x00000000        0x0 c:/program files (x86)/cypress/psoc creator/4.4/psoc creator/import/gnu/arm/5.4.1/bin/../lib/gcc/arm-none-eabi/5.4.1/armv6-m/crti.o
 .bss           0x00000000        0x0 c:/program files (x86)/cypress/psoc creator/4.4/psoc creator/import/gnu/arm/5.4.1/bin/../lib/gcc/arm-none-eabi/5.4.1/armv6-m/crti.o
 .data          0x00000000        0x4 c:/program files (x86)/cypress/psoc creator/4.4/psoc creator/import/gnu/arm/5.4.1/bin/../lib/gcc/arm-none-eabi/5.4.1/armv6-m/crtbegin.o
 .text          0x00000000       0x78 c:/program files (x86)/cypress/psoc creator/4.4/psoc creator/import/gnu/arm/5.4.1/bin/../lib/gcc/arm-none-eabi/5.4.1/../../../../arm-none-eabi/lib/armv6-m/crt0.o
 .data          0x00000000        0x0 c:/program files (x86)/cypress/psoc creator/4.4/psoc creator/import/gnu/arm/5.4.1/bin/../lib/gcc/arm-none-eabi/5.4.1/../../../../arm-none-eabi/lib/armv6-m/crt0.o
 .bss           0x00000000        0x0 c:/program files (x86)/cypress/psoc creator/4.4/psoc creator/import/gnu/arm/5.4.1/bin/../lib/gcc/arm-none-eabi/5.4.1/../../../../arm-none-eabi/lib/armv6-m/crt0.o
 .ARM.extab     0x00000000        0x0 c:/program files (x86)/cypress/psoc creator/4.4/psoc creator/import/gnu/arm/5.4.1/bin/../lib/gcc/arm-none-eabi/5.4.1/../../../../arm-none-eabi/lib/armv6-m/crt0.o
 .ARM.exidx     0x00000000        0x8 c:/program files (x86)/cypress/psoc creator/4.4/psoc creator/import/gnu/arm/5.4.1/bin/../lib/gcc/arm-none-eabi/5.4.1/../../../../arm-none-eabi/lib/armv6-m/crt0.o
 .text          0x00000000        0x0 .\CortexM0\ARM_GCC_541\Debug\main.o
 .data          0x00000000       0x24 .\CortexM0\ARM_GCC_541\Debug\main.o
 .text.UART_print_string
                0x00000000       0x24 .\CortexM0\ARM_GCC_541\Debug\main.o
 .text.handle_UART_input
                0x00000000       0xe4 .\CortexM0\ARM_GCC_541\Debug\main.o
 .rodata.str1.4
                0x00000000       0x36 .\CortexM0\ARM_GCC_541\Debug\main.o
 .text          0x00000000        0x0 .\CortexM0\ARM_GCC_541\Debug\cyfitter_cfg.o
 .data          0x00000000        0x0 .\CortexM0\ARM_GCC_541\Debug\cyfitter_cfg.o
 .bss           0x00000000        0x0 .\CortexM0\ARM_GCC_541\Debug\cyfitter_cfg.o
 .text          0x00000000        0x0 .\CortexM0\ARM_GCC_541\Debug\cymetadata.o
 .data          0x00000000        0x0 .\CortexM0\ARM_GCC_541\Debug\cymetadata.o
 .bss           0x00000000        0x0 .\CortexM0\ARM_GCC_541\Debug\cymetadata.o
 .text          0x00000000        0x0 .\CortexM0\ARM_GCC_541\Debug\Cm0Start.o
 .data          0x00000000        0x4 .\CortexM0\ARM_GCC_541\Debug\Cm0Start.o
 .bss           0x00000000        0x0 .\CortexM0\ARM_GCC_541\Debug\Cm0Start.o
 .text._exit    0x00000000        0xc .\CortexM0\ARM_GCC_541\Debug\Cm0Start.o
 .text._sbrk    0x00000000       0x30 .\CortexM0\ARM_GCC_541\Debug\Cm0Start.o
 .text          0x00000000        0x0 .\CortexM0\ARM_GCC_541\Debug\Test.a(CyLib.o)
 .bss           0x00000000       0x18 .\CortexM0\ARM_GCC_541\Debug\Test.a(CyLib.o)
 .text.CySysClkImoStart
                0x00000000       0x14 .\CortexM0\ARM_GCC_541\Debug\Test.a(CyLib.o)
 .text.CySysClkImoStop
                0x00000000       0x10 .\CortexM0\ARM_GCC_541\Debug\Test.a(CyLib.o)
 .text.CySysClkWriteHfclkDirect
                0x00000000       0x20 .\CortexM0\ARM_GCC_541\Debug\Test.a(CyLib.o)
 .text.CySysEnablePumpClock
                0x00000000       0x38 .\CortexM0\ARM_GCC_541\Debug\Test.a(CyLib.o)
 .text.CySysClkGetSysclkSource
                0x00000000       0x1c .\CortexM0\ARM_GCC_541\Debug\Test.a(CyLib.o)
 .text.CySysClkWriteSysclkDiv
                0x00000000       0x30 .\CortexM0\ARM_GCC_541\Debug\Test.a(CyLib.o)
 .text.CySysClkEcoStop
                0x00000000       0x24 .\CortexM0\ARM_GCC_541\Debug\Test.a(CyLib.o)
 .text.CySysLvdDisable
                0x00000000       0x20 .\CortexM0\ARM_GCC_541\Debug\Test.a(CyLib.o)
 .text.CySysLvdGetInterruptSource
                0x00000000       0x10 .\CortexM0\ARM_GCC_541\Debug\Test.a(CyLib.o)
 .text.CySysLvdClearInterrupt
                0x00000000        0xc .\CortexM0\ARM_GCC_541\Debug\Test.a(CyLib.o)
 .text.CySysGetResetReason
                0x00000000       0x14 .\CortexM0\ARM_GCC_541\Debug\Test.a(CyLib.o)
 .text.CyDisableInts
                0x00000000       0x10 .\CortexM0\ARM_GCC_541\Debug\Test.a(CyLib.o)
 .text.CyEnableInts
                0x00000000        0xc .\CortexM0\ARM_GCC_541\Debug\Test.a(CyLib.o)
 .text.CyIntGetState
                0x00000000       0x18 .\CortexM0\ARM_GCC_541\Debug\Test.a(CyLib.o)
 .text.CyIntDisable
                0x00000000       0x14 .\CortexM0\ARM_GCC_541\Debug\Test.a(CyLib.o)
 .text.CyIntSetPending
                0x00000000       0x14 .\CortexM0\ARM_GCC_541\Debug\Test.a(CyLib.o)
 .text.CyIntClearPending
                0x00000000       0x14 .\CortexM0\ARM_GCC_541\Debug\Test.a(CyLib.o)
 .text.CySysClkWriteEcoDiv
                0x00000000       0x38 .\CortexM0\ARM_GCC_541\Debug\Test.a(CyLib.o)
 .text.CyIntSetSysVector
                0x00000000       0x20 .\CortexM0\ARM_GCC_541\Debug\Test.a(CyLib.o)
 .text.CyIntGetSysVector
                0x00000000       0x1c .\CortexM0\ARM_GCC_541\Debug\Test.a(CyLib.o)
 .text.CyIntGetVector
                0x00000000       0x20 .\CortexM0\ARM_GCC_541\Debug\Test.a(CyLib.o)
 .text.CyIntSetPriority
                0x00000000       0x4c .\CortexM0\ARM_GCC_541\Debug\Test.a(CyLib.o)
 .text.CyIntGetPriority
                0x00000000       0x2c .\CortexM0\ARM_GCC_541\Debug\Test.a(CyLib.o)
 .text.CySoftwareReset
                0x00000000       0x18 .\CortexM0\ARM_GCC_541\Debug\Test.a(CyLib.o)
 .text.CyDelay  0x00000000       0x30 .\CortexM0\ARM_GCC_541\Debug\Test.a(CyLib.o)
 .text.CySysLvdEnable
                0x00000000       0x44 .\CortexM0\ARM_GCC_541\Debug\Test.a(CyLib.o)
 .text.CyDelayFreq
                0x00000000       0x4c .\CortexM0\ARM_GCC_541\Debug\Test.a(CyLib.o)
 .text.CySysTickStop
                0x00000000       0x10 .\CortexM0\ARM_GCC_541\Debug\Test.a(CyLib.o)
 .text.CySysTickEnableInterrupt
                0x00000000       0x10 .\CortexM0\ARM_GCC_541\Debug\Test.a(CyLib.o)
 .text.CySysTickEnable
                0x00000000       0x18 .\CortexM0\ARM_GCC_541\Debug\Test.a(CyLib.o)
 .text.CySysTickDisableInterrupt
                0x00000000       0x10 .\CortexM0\ARM_GCC_541\Debug\Test.a(CyLib.o)
 .text.CySysTickSetReload
                0x00000000       0x10 .\CortexM0\ARM_GCC_541\Debug\Test.a(CyLib.o)
 .text.CySysTickGetReload
                0x00000000       0x10 .\CortexM0\ARM_GCC_541\Debug\Test.a(CyLib.o)
 .text.CySysTickGetValue
                0x00000000       0x10 .\CortexM0\ARM_GCC_541\Debug\Test.a(CyLib.o)
 .text.CySysTickSetClockSource
                0x00000000       0x20 .\CortexM0\ARM_GCC_541\Debug\Test.a(CyLib.o)
 .text.CySysTickGetClockSource
                0x00000000       0x10 .\CortexM0\ARM_GCC_541\Debug\Test.a(CyLib.o)
 .text.CySysTickGetCountFlag
                0x00000000       0x10 .\CortexM0\ARM_GCC_541\Debug\Test.a(CyLib.o)
 .text.CySysTickServiceCallbacks
                0x00000000       0x28 .\CortexM0\ARM_GCC_541\Debug\Test.a(CyLib.o)
 .text.CySysTickClear
                0x00000000        0xc .\CortexM0\ARM_GCC_541\Debug\Test.a(CyLib.o)
 .text.CySysTickInit
                0x00000000       0x44 .\CortexM0\ARM_GCC_541\Debug\Test.a(CyLib.o)
 .text.CySysTickStart
                0x00000000       0x20 .\CortexM0\ARM_GCC_541\Debug\Test.a(CyLib.o)
 .text.CySysTickSetCallback
                0x00000000       0x10 .\CortexM0\ARM_GCC_541\Debug\Test.a(CyLib.o)
 .text.CySysTickGetCallback
                0x00000000        0xc .\CortexM0\ARM_GCC_541\Debug\Test.a(CyLib.o)
 .text.CyGetUniqueId
                0x00000000       0x70 .\CortexM0\ARM_GCC_541\Debug\Test.a(CyLib.o)
 .text.CySysSetRamAccessArbPriority
                0x00000000       0x20 .\CortexM0\ARM_GCC_541\Debug\Test.a(CyLib.o)
 .text.CySysSetFlashAccessArbPriority
                0x00000000       0x20 .\CortexM0\ARM_GCC_541\Debug\Test.a(CyLib.o)
 .text.CySysSetDmacAccessArbPriority
                0x00000000       0x20 .\CortexM0\ARM_GCC_541\Debug\Test.a(CyLib.o)
 .text.CySysSetPeripheralAccessArbPriority
                0x00000000       0x68 .\CortexM0\ARM_GCC_541\Debug\Test.a(CyLib.o)
 .text          0x00000000        0x0 .\CortexM0\ARM_GCC_541\Debug\Test.a(CyLFClk.o)
 .text.CySysClkIloEnabled
                0x00000000       0x14 .\CortexM0\ARM_GCC_541\Debug\Test.a(CyLFClk.o)
 .text.CySysClkGetLfclkSource
                0x00000000       0x10 .\CortexM0\ARM_GCC_541\Debug\Test.a(CyLFClk.o)
 .text.CySysClkIloStart
                0x00000000       0x14 .\CortexM0\ARM_GCC_541\Debug\Test.a(CyLFClk.o)
 .text.CySysClkIloStartMeasurement
                0x00000000       0x5c .\CortexM0\ARM_GCC_541\Debug\Test.a(CyLFClk.o)
 .text.CySysClkIloStopMeasurement
                0x00000000       0x14 .\CortexM0\ARM_GCC_541\Debug\Test.a(CyLFClk.o)
 .text.CySysClkIloCompensate
                0x00000000      0x104 .\CortexM0\ARM_GCC_541\Debug\Test.a(CyLFClk.o)
 .text.CySysClkIloUpdateTrimReg
                0x00000000       0xa8 .\CortexM0\ARM_GCC_541\Debug\Test.a(CyLFClk.o)
 .text.CySysClkIloTrim
                0x00000000       0xd8 .\CortexM0\ARM_GCC_541\Debug\Test.a(CyLFClk.o)
 .text.CySysClkIloRestoreFactoryTrim
                0x00000000       0x30 .\CortexM0\ARM_GCC_541\Debug\Test.a(CyLFClk.o)
 .text.CySysClkWcoEnabled
                0x00000000       0x14 .\CortexM0\ARM_GCC_541\Debug\Test.a(CyLFClk.o)
 .text.CySysClkWcoClockOutSelect
                0x00000000       0x2c .\CortexM0\ARM_GCC_541\Debug\Test.a(CyLFClk.o)
 .text.CySysWdtGetEnabledStatus
                0x00000000       0x24 .\CortexM0\ARM_GCC_541\Debug\Test.a(CyLFClk.o)
 .text.CySysWdtSetMode
                0x00000000       0x38 .\CortexM0\ARM_GCC_541\Debug\Test.a(CyLFClk.o)
 .text.CySysClkLfclkPosedgeRestore
                0x00000000       0x2c .\CortexM0\ARM_GCC_541\Debug\Test.a(CyLFClk.o)
 .text.CySysWdtGetMode
                0x00000000       0x14 .\CortexM0\ARM_GCC_541\Debug\Test.a(CyLFClk.o)
 .text.CySysWdtSetClearOnMatch
                0x00000000       0x34 .\CortexM0\ARM_GCC_541\Debug\Test.a(CyLFClk.o)
 .text.CySysWdtGetClearOnMatch
                0x00000000       0x24 .\CortexM0\ARM_GCC_541\Debug\Test.a(CyLFClk.o)
 .text.CySysWdtEnable
                0x00000000       0x3c .\CortexM0\ARM_GCC_541\Debug\Test.a(CyLFClk.o)
 .text.CySysWdtDisable
                0x00000000       0x44 .\CortexM0\ARM_GCC_541\Debug\Test.a(CyLFClk.o)
 .text.CySysWdtSetCascade
                0x00000000       0x34 .\CortexM0\ARM_GCC_541\Debug\Test.a(CyLFClk.o)
 .text.CySysWdtGetCascade
                0x00000000       0x14 .\CortexM0\ARM_GCC_541\Debug\Test.a(CyLFClk.o)
 .text.CySysWdtSetMatch
                0x00000000       0x54 .\CortexM0\ARM_GCC_541\Debug\Test.a(CyLFClk.o)
 .text.CySysWdtSetToggleBit
                0x00000000       0x30 .\CortexM0\ARM_GCC_541\Debug\Test.a(CyLFClk.o)
 .text.CySysWdtGetToggleBit
                0x00000000       0x10 .\CortexM0\ARM_GCC_541\Debug\Test.a(CyLFClk.o)
 .text.CySysWdtGetMatch
                0x00000000       0x20 .\CortexM0\ARM_GCC_541\Debug\Test.a(CyLFClk.o)
 .text.CySysWdtGetCount
                0x00000000       0x3c .\CortexM0\ARM_GCC_541\Debug\Test.a(CyLFClk.o)
 .text.CySysClkLfclkPosedgeCatch
                0x00000000       0x74 .\CortexM0\ARM_GCC_541\Debug\Test.a(CyLFClk.o)
 .text.CySysClkIloStop
                0x00000000       0x4c .\CortexM0\ARM_GCC_541\Debug\Test.a(CyLFClk.o)
 .text.CySysClkSetLfclkSource
                0x00000000       0x38 .\CortexM0\ARM_GCC_541\Debug\Test.a(CyLFClk.o)
 .text.CySysClkWcoStop
                0x00000000       0x48 .\CortexM0\ARM_GCC_541\Debug\Test.a(CyLFClk.o)
 .text.CySysWdtGetInterruptSource
                0x00000000       0x14 .\CortexM0\ARM_GCC_541\Debug\Test.a(CyLFClk.o)
 .text.CySysWdtResetCounters
                0x00000000       0x20 .\CortexM0\ARM_GCC_541\Debug\Test.a(CyLFClk.o)
 .text.CySysWdtSetInterruptCallback
                0x00000000       0x20 .\CortexM0\ARM_GCC_541\Debug\Test.a(CyLFClk.o)
 .text.CySysWdtGetInterruptCallback
                0x00000000       0x20 .\CortexM0\ARM_GCC_541\Debug\Test.a(CyLFClk.o)
 .text.CySysWdtEnableCounterIsr
                0x00000000       0x34 .\CortexM0\ARM_GCC_541\Debug\Test.a(CyLFClk.o)
 .text.CySysWdtDisableCounterIsr
                0x00000000       0x28 .\CortexM0\ARM_GCC_541\Debug\Test.a(CyLFClk.o)
 .text.CySysWatchdogFeed
                0x00000000       0x60 .\CortexM0\ARM_GCC_541\Debug\Test.a(CyLFClk.o)
 .text.CySysTimerDelayUntilMatch
                0x00000000       0x6c .\CortexM0\ARM_GCC_541\Debug\Test.a(CyLFClk.o)
 .text.CySysTimerDelay
                0x00000000       0x3c .\CortexM0\ARM_GCC_541\Debug\Test.a(CyLFClk.o)
 .rodata        0x00000000        0xc .\CortexM0\ARM_GCC_541\Debug\Test.a(CyLFClk.o)
 .text          0x00000000        0x0 .\CortexM0\ARM_GCC_541\Debug\Test.a(UART.o)
 .data          0x00000000        0x0 .\CortexM0\ARM_GCC_541\Debug\Test.a(UART.o)
 .text.UART_ScbModeStop
                0x00000000        0x8 .\CortexM0\ARM_GCC_541\Debug\Test.a(UART.o)
 .text.UART_Stop
                0x00000000       0x20 .\CortexM0\ARM_GCC_541\Debug\Test.a(UART.o)
 .text.UART_SetRxFifoLevel
                0x00000000       0x14 .\CortexM0\ARM_GCC_541\Debug\Test.a(UART.o)
 .text.UART_SetTxFifoLevel
                0x00000000       0x14 .\CortexM0\ARM_GCC_541\Debug\Test.a(UART.o)
 .text          0x00000000        0x0 .\CortexM0\ARM_GCC_541\Debug\Test.a(UART_SPI_UART.o)
 .data          0x00000000        0x0 .\CortexM0\ARM_GCC_541\Debug\Test.a(UART_SPI_UART.o)
 .bss           0x00000000        0x0 .\CortexM0\ARM_GCC_541\Debug\Test.a(UART_SPI_UART.o)
 .text.UART_SpiUartReadRxData
                0x00000000        0xc .\CortexM0\ARM_GCC_541\Debug\Test.a(UART_SPI_UART.o)
 .text.UART_SpiUartGetRxBufferSize
                0x00000000       0x10 .\CortexM0\ARM_GCC_541\Debug\Test.a(UART_SPI_UART.o)
 .text.UART_SpiUartClearRxBuffer
                0x00000000       0x20 .\CortexM0\ARM_GCC_541\Debug\Test.a(UART_SPI_UART.o)
 .text.UART_SpiUartWriteTxData
                0x00000000       0x1c .\CortexM0\ARM_GCC_541\Debug\Test.a(UART_SPI_UART.o)
 .text.UART_SpiUartPutArray
                0x00000000       0x18 .\CortexM0\ARM_GCC_541\Debug\Test.a(UART_SPI_UART.o)
 .text.UART_SpiUartGetTxBufferSize
                0x00000000       0x10 .\CortexM0\ARM_GCC_541\Debug\Test.a(UART_SPI_UART.o)
 .text.UART_SpiUartClearTxBuffer
                0x00000000       0x20 .\CortexM0\ARM_GCC_541\Debug\Test.a(UART_SPI_UART.o)
 .text.UART_SpiUartDisableIntRx
                0x00000000       0x10 .\CortexM0\ARM_GCC_541\Debug\Test.a(UART_SPI_UART.o)
 .text.UART_SpiUartDisableIntTx
                0x00000000       0x10 .\CortexM0\ARM_GCC_541\Debug\Test.a(UART_SPI_UART.o)
 .text          0x00000000        0x0 .\CortexM0\ARM_GCC_541\Debug\Test.a(UART_UART.o)
 .data          0x00000000        0x0 .\CortexM0\ARM_GCC_541\Debug\Test.a(UART_UART.o)
 .bss           0x00000000        0x0 .\CortexM0\ARM_GCC_541\Debug\Test.a(UART_UART.o)
 .text.UART_UartStop
                0x00000000       0x2c .\CortexM0\ARM_GCC_541\Debug\Test.a(UART_UART.o)
 .text.UART_UartSetRxAddress
                0x00000000       0x14 .\CortexM0\ARM_GCC_541\Debug\Test.a(UART_UART.o)
 .text.UART_UartSetRxAddressMask
                0x00000000       0x18 .\CortexM0\ARM_GCC_541\Debug\Test.a(UART_UART.o)
 .text.UART_UartGetChar
                0x00000000       0x2c .\CortexM0\ARM_GCC_541\Debug\Test.a(UART_UART.o)
 .text.UART_UartGetByte
                0x00000000       0x34 .\CortexM0\ARM_GCC_541\Debug\Test.a(UART_UART.o)
 .text.UART_UartSetRtsPolarity
                0x00000000       0x28 .\CortexM0\ARM_GCC_541\Debug\Test.a(UART_UART.o)
 .text.UART_UartSetRtsFifoLevel
                0x00000000       0x14 .\CortexM0\ARM_GCC_541\Debug\Test.a(UART_UART.o)
 .text.UART_UartPutString
                0x00000000       0x18 .\CortexM0\ARM_GCC_541\Debug\Test.a(UART_UART.o)
 .text.UART_UartPutCRLF
                0x00000000       0x14 .\CortexM0\ARM_GCC_541\Debug\Test.a(UART_UART.o)
 .text.UART_UartEnableCts
                0x00000000       0x14 .\CortexM0\ARM_GCC_541\Debug\Test.a(UART_UART.o)
 .text.UART_UartDisableCts
                0x00000000       0x14 .\CortexM0\ARM_GCC_541\Debug\Test.a(UART_UART.o)
 .text.UART_UartSetCtsPolarity
                0x00000000       0x28 .\CortexM0\ARM_GCC_541\Debug\Test.a(UART_UART.o)
 .text.UART_UartSendBreakBlocking
                0x00000000       0x58 .\CortexM0\ARM_GCC_541\Debug\Test.a(UART_UART.o)
 .text          0x00000000        0x0 .\CortexM0\ARM_GCC_541\Debug\Test.a(Pin_Output_DOWN.o)
 .data          0x00000000        0x0 .\CortexM0\ARM_GCC_541\Debug\Test.a(Pin_Output_DOWN.o)
 .bss           0x00000000        0x0 .\CortexM0\ARM_GCC_541\Debug\Test.a(Pin_Output_DOWN.o)
 .text.Pin_Output_DOWN_SetDriveMode
                0x00000000       0x18 .\CortexM0\ARM_GCC_541\Debug\Test.a(Pin_Output_DOWN.o)
 .text.Pin_Output_DOWN_Read
                0x00000000       0x10 .\CortexM0\ARM_GCC_541\Debug\Test.a(Pin_Output_DOWN.o)
 .text.Pin_Output_DOWN_ReadDataReg
                0x00000000       0x10 .\CortexM0\ARM_GCC_541\Debug\Test.a(Pin_Output_DOWN.o)
 .text.Pin_Output_DOWN_SetInterruptMode
                0x00000000       0x14 .\CortexM0\ARM_GCC_541\Debug\Test.a(Pin_Output_DOWN.o)
 .text.Pin_Output_DOWN_ClearInterrupt
                0x00000000       0x14 .\CortexM0\ARM_GCC_541\Debug\Test.a(Pin_Output_DOWN.o)
 .text          0x00000000        0x0 .\CortexM0\ARM_GCC_541\Debug\Test.a(Pin_Output_UP.o)
 .data          0x00000000        0x0 .\CortexM0\ARM_GCC_541\Debug\Test.a(Pin_Output_UP.o)
 .bss           0x00000000        0x0 .\CortexM0\ARM_GCC_541\Debug\Test.a(Pin_Output_UP.o)
 .text.Pin_Output_UP_SetDriveMode
                0x00000000       0x18 .\CortexM0\ARM_GCC_541\Debug\Test.a(Pin_Output_UP.o)
 .text.Pin_Output_UP_Read
                0x00000000       0x10 .\CortexM0\ARM_GCC_541\Debug\Test.a(Pin_Output_UP.o)
 .text.Pin_Output_UP_ReadDataReg
                0x00000000       0x10 .\CortexM0\ARM_GCC_541\Debug\Test.a(Pin_Output_UP.o)
 .text.Pin_Output_UP_SetInterruptMode
                0x00000000       0x14 .\CortexM0\ARM_GCC_541\Debug\Test.a(Pin_Output_UP.o)
 .text.Pin_Output_UP_ClearInterrupt
                0x00000000       0x14 .\CortexM0\ARM_GCC_541\Debug\Test.a(Pin_Output_UP.o)
 .text          0x00000000        0x0 .\CortexM0\ARM_GCC_541\Debug\Test.a(ISR_Ball_Trigger.o)
 .data          0x00000000        0x0 .\CortexM0\ARM_GCC_541\Debug\Test.a(ISR_Ball_Trigger.o)
 .bss           0x00000000        0x0 .\CortexM0\ARM_GCC_541\Debug\Test.a(ISR_Ball_Trigger.o)
 .text.ISR_Ball_Trigger_Interrupt
                0x00000000        0x4 .\CortexM0\ARM_GCC_541\Debug\Test.a(ISR_Ball_Trigger.o)
 .text.ISR_Ball_Trigger_GetVector
                0x00000000        0xc .\CortexM0\ARM_GCC_541\Debug\Test.a(ISR_Ball_Trigger.o)
 .text.ISR_Ball_Trigger_GetPriority
                0x00000000       0x10 .\CortexM0\ARM_GCC_541\Debug\Test.a(ISR_Ball_Trigger.o)
 .text.ISR_Ball_Trigger_GetState
                0x00000000       0x14 .\CortexM0\ARM_GCC_541\Debug\Test.a(ISR_Ball_Trigger.o)
 .text.ISR_Ball_Trigger_Start
                0x00000000       0x1c .\CortexM0\ARM_GCC_541\Debug\Test.a(ISR_Ball_Trigger.o)
 .text.ISR_Ball_Trigger_Stop
                0x00000000       0x14 .\CortexM0\ARM_GCC_541\Debug\Test.a(ISR_Ball_Trigger.o)
 .text.ISR_Ball_Trigger_SetPending
                0x00000000        0xc .\CortexM0\ARM_GCC_541\Debug\Test.a(ISR_Ball_Trigger.o)
 .text.ISR_Ball_Trigger_ClearPending
                0x00000000        0xc .\CortexM0\ARM_GCC_541\Debug\Test.a(ISR_Ball_Trigger.o)
 .text          0x00000000        0x0 .\CortexM0\ARM_GCC_541\Debug\Test.a(Pin_Serve.o)
 .data          0x00000000        0x0 .\CortexM0\ARM_GCC_541\Debug\Test.a(Pin_Serve.o)
 .bss           0x00000000        0x0 .\CortexM0\ARM_GCC_541\Debug\Test.a(Pin_Serve.o)
 .text.Pin_Serve_SetDriveMode
                0x00000000       0x18 .\CortexM0\ARM_GCC_541\Debug\Test.a(Pin_Serve.o)
 .text.Pin_Serve_Write
                0x00000000       0x18 .\CortexM0\ARM_GCC_541\Debug\Test.a(Pin_Serve.o)
 .text.Pin_Serve_Read
                0x00000000       0x10 .\CortexM0\ARM_GCC_541\Debug\Test.a(Pin_Serve.o)
 .text.Pin_Serve_ReadDataReg
                0x00000000       0x10 .\CortexM0\ARM_GCC_541\Debug\Test.a(Pin_Serve.o)
 .text.Pin_Serve_SetInterruptMode
                0x00000000       0x14 .\CortexM0\ARM_GCC_541\Debug\Test.a(Pin_Serve.o)
 .text.Pin_Serve_ClearInterrupt
                0x00000000       0x14 .\CortexM0\ARM_GCC_541\Debug\Test.a(Pin_Serve.o)
 .text          0x00000000        0x0 .\CortexM0\ARM_GCC_541\Debug\Test.a(Pin_Output_DOWN_GROUND.o)
 .data          0x00000000        0x0 .\CortexM0\ARM_GCC_541\Debug\Test.a(Pin_Output_DOWN_GROUND.o)
 .bss           0x00000000        0x0 .\CortexM0\ARM_GCC_541\Debug\Test.a(Pin_Output_DOWN_GROUND.o)
 .text.Pin_Output_DOWN_GROUND_SetDriveMode
                0x00000000       0x14 .\CortexM0\ARM_GCC_541\Debug\Test.a(Pin_Output_DOWN_GROUND.o)
 .text.Pin_Output_DOWN_GROUND_Read
                0x00000000       0x10 .\CortexM0\ARM_GCC_541\Debug\Test.a(Pin_Output_DOWN_GROUND.o)
 .text.Pin_Output_DOWN_GROUND_ReadDataReg
                0x00000000       0x10 .\CortexM0\ARM_GCC_541\Debug\Test.a(Pin_Output_DOWN_GROUND.o)
 .text.Pin_Output_DOWN_GROUND_SetInterruptMode
                0x00000000       0x14 .\CortexM0\ARM_GCC_541\Debug\Test.a(Pin_Output_DOWN_GROUND.o)
 .text.Pin_Output_DOWN_GROUND_ClearInterrupt
                0x00000000       0x14 .\CortexM0\ARM_GCC_541\Debug\Test.a(Pin_Output_DOWN_GROUND.o)
 .text          0x00000000        0x0 .\CortexM0\ARM_GCC_541\Debug\Test.a(Pin_Output_UP_GROUND.o)
 .data          0x00000000        0x0 .\CortexM0\ARM_GCC_541\Debug\Test.a(Pin_Output_UP_GROUND.o)
 .bss           0x00000000        0x0 .\CortexM0\ARM_GCC_541\Debug\Test.a(Pin_Output_UP_GROUND.o)
 .text.Pin_Output_UP_GROUND_SetDriveMode
                0x00000000       0x18 .\CortexM0\ARM_GCC_541\Debug\Test.a(Pin_Output_UP_GROUND.o)
 .text.Pin_Output_UP_GROUND_Read
                0x00000000       0x10 .\CortexM0\ARM_GCC_541\Debug\Test.a(Pin_Output_UP_GROUND.o)
 .text.Pin_Output_UP_GROUND_ReadDataReg
                0x00000000       0x10 .\CortexM0\ARM_GCC_541\Debug\Test.a(Pin_Output_UP_GROUND.o)
 .text.Pin_Output_UP_GROUND_SetInterruptMode
                0x00000000       0x14 .\CortexM0\ARM_GCC_541\Debug\Test.a(Pin_Output_UP_GROUND.o)
 .text.Pin_Output_UP_GROUND_ClearInterrupt
                0x00000000       0x14 .\CortexM0\ARM_GCC_541\Debug\Test.a(Pin_Output_UP_GROUND.o)
 .data          0x00000000        0x0 .\CortexM0\ARM_GCC_541\Debug\Test.a(CyBootAsmGnu.o)
 .bss           0x00000000        0x0 .\CortexM0\ARM_GCC_541\Debug\Test.a(CyBootAsmGnu.o)
 .text          0x00000000      0x114 c:/program files (x86)/cypress/psoc creator/4.4/psoc creator/import/gnu/arm/5.4.1/bin/../lib/gcc/arm-none-eabi/5.4.1/armv6-m\libgcc.a(_udivsi3.o)
 .data          0x00000000        0x0 c:/program files (x86)/cypress/psoc creator/4.4/psoc creator/import/gnu/arm/5.4.1/bin/../lib/gcc/arm-none-eabi/5.4.1/armv6-m\libgcc.a(_udivsi3.o)
 .bss           0x00000000        0x0 c:/program files (x86)/cypress/psoc creator/4.4/psoc creator/import/gnu/arm/5.4.1/bin/../lib/gcc/arm-none-eabi/5.4.1/armv6-m\libgcc.a(_udivsi3.o)
 .text          0x00000000      0x1d4 c:/program files (x86)/cypress/psoc creator/4.4/psoc creator/import/gnu/arm/5.4.1/bin/../lib/gcc/arm-none-eabi/5.4.1/armv6-m\libgcc.a(_divsi3.o)
 .data          0x00000000        0x0 c:/program files (x86)/cypress/psoc creator/4.4/psoc creator/import/gnu/arm/5.4.1/bin/../lib/gcc/arm-none-eabi/5.4.1/armv6-m\libgcc.a(_divsi3.o)
 .bss           0x00000000        0x0 c:/program files (x86)/cypress/psoc creator/4.4/psoc creator/import/gnu/arm/5.4.1/bin/../lib/gcc/arm-none-eabi/5.4.1/armv6-m\libgcc.a(_divsi3.o)
 .text          0x00000000        0x4 c:/program files (x86)/cypress/psoc creator/4.4/psoc creator/import/gnu/arm/5.4.1/bin/../lib/gcc/arm-none-eabi/5.4.1/armv6-m\libgcc.a(_dvmd_tls.o)
 .data          0x00000000        0x0 c:/program files (x86)/cypress/psoc creator/4.4/psoc creator/import/gnu/arm/5.4.1/bin/../lib/gcc/arm-none-eabi/5.4.1/armv6-m\libgcc.a(_dvmd_tls.o)
 .bss           0x00000000        0x0 c:/program files (x86)/cypress/psoc creator/4.4/psoc creator/import/gnu/arm/5.4.1/bin/../lib/gcc/arm-none-eabi/5.4.1/armv6-m\libgcc.a(_dvmd_tls.o)
 .text          0x00000000        0x0 c:/program files (x86)/cypress/psoc creator/4.4/psoc creator/import/gnu/arm/5.4.1/bin/../lib/gcc/arm-none-eabi/5.4.1/../../../../arm-none-eabi/lib/armv6-m\libg_nano.a(lib_a-errno.o)
 .data          0x00000000        0x0 c:/program files (x86)/cypress/psoc creator/4.4/psoc creator/import/gnu/arm/5.4.1/bin/../lib/gcc/arm-none-eabi/5.4.1/../../../../arm-none-eabi/lib/armv6-m\libg_nano.a(lib_a-errno.o)
 .bss           0x00000000        0x0 c:/program files (x86)/cypress/psoc creator/4.4/psoc creator/import/gnu/arm/5.4.1/bin/../lib/gcc/arm-none-eabi/5.4.1/../../../../arm-none-eabi/lib/armv6-m\libg_nano.a(lib_a-errno.o)
 .text          0x00000000        0x0 c:/program files (x86)/cypress/psoc creator/4.4/psoc creator/import/gnu/arm/5.4.1/bin/../lib/gcc/arm-none-eabi/5.4.1/../../../../arm-none-eabi/lib/armv6-m\libg_nano.a(lib_a-exit.o)
 .data          0x00000000        0x0 c:/program files (x86)/cypress/psoc creator/4.4/psoc creator/import/gnu/arm/5.4.1/bin/../lib/gcc/arm-none-eabi/5.4.1/../../../../arm-none-eabi/lib/armv6-m\libg_nano.a(lib_a-exit.o)
 .bss           0x00000000        0x0 c:/program files (x86)/cypress/psoc creator/4.4/psoc creator/import/gnu/arm/5.4.1/bin/../lib/gcc/arm-none-eabi/5.4.1/../../../../arm-none-eabi/lib/armv6-m\libg_nano.a(lib_a-exit.o)
 .text.exit     0x00000000       0x2c c:/program files (x86)/cypress/psoc creator/4.4/psoc creator/import/gnu/arm/5.4.1/bin/../lib/gcc/arm-none-eabi/5.4.1/../../../../arm-none-eabi/lib/armv6-m\libg_nano.a(lib_a-exit.o)
 .text          0x00000000        0x0 c:/program files (x86)/cypress/psoc creator/4.4/psoc creator/import/gnu/arm/5.4.1/bin/../lib/gcc/arm-none-eabi/5.4.1/../../../../arm-none-eabi/lib/armv6-m\libg_nano.a(lib_a-impure.o)
 .data          0x00000000        0x0 c:/program files (x86)/cypress/psoc creator/4.4/psoc creator/import/gnu/arm/5.4.1/bin/../lib/gcc/arm-none-eabi/5.4.1/../../../../arm-none-eabi/lib/armv6-m\libg_nano.a(lib_a-impure.o)
 .bss           0x00000000        0x0 c:/program files (x86)/cypress/psoc creator/4.4/psoc creator/import/gnu/arm/5.4.1/bin/../lib/gcc/arm-none-eabi/5.4.1/../../../../arm-none-eabi/lib/armv6-m\libg_nano.a(lib_a-impure.o)
 .rodata._global_impure_ptr
                0x00000000        0x4 c:/program files (x86)/cypress/psoc creator/4.4/psoc creator/import/gnu/arm/5.4.1/bin/../lib/gcc/arm-none-eabi/5.4.1/../../../../arm-none-eabi/lib/armv6-m\libg_nano.a(lib_a-impure.o)
 .text          0x00000000        0x0 c:/program files (x86)/cypress/psoc creator/4.4/psoc creator/import/gnu/arm/5.4.1/bin/../lib/gcc/arm-none-eabi/5.4.1/../../../../arm-none-eabi/lib/armv6-m\libg_nano.a(lib_a-init.o)
 .data          0x00000000        0x0 c:/program files (x86)/cypress/psoc creator/4.4/psoc creator/import/gnu/arm/5.4.1/bin/../lib/gcc/arm-none-eabi/5.4.1/../../../../arm-none-eabi/lib/armv6-m\libg_nano.a(lib_a-init.o)
 .bss           0x00000000        0x0 c:/program files (x86)/cypress/psoc creator/4.4/psoc creator/import/gnu/arm/5.4.1/bin/../lib/gcc/arm-none-eabi/5.4.1/../../../../arm-none-eabi/lib/armv6-m\libg_nano.a(lib_a-init.o)
 .text          0x00000000        0x0 c:/program files (x86)/cypress/psoc creator/4.4/psoc creator/import/gnu/arm/5.4.1/bin/../lib/gcc/arm-none-eabi/5.4.1/../../../../arm-none-eabi/lib/armv6-m\libg_nano.a(lib_a-memset.o)
 .data          0x00000000        0x0 c:/program files (x86)/cypress/psoc creator/4.4/psoc creator/import/gnu/arm/5.4.1/bin/../lib/gcc/arm-none-eabi/5.4.1/../../../../arm-none-eabi/lib/armv6-m\libg_nano.a(lib_a-memset.o)
 .bss           0x00000000        0x0 c:/program files (x86)/cypress/psoc creator/4.4/psoc creator/import/gnu/arm/5.4.1/bin/../lib/gcc/arm-none-eabi/5.4.1/../../../../arm-none-eabi/lib/armv6-m\libg_nano.a(lib_a-memset.o)
 .text          0x00000000        0x0 c:/program files (x86)/cypress/psoc creator/4.4/psoc creator/import/gnu/arm/5.4.1/bin/../lib/gcc/arm-none-eabi/5.4.1/armv6-m/crtend.o
 .data          0x00000000        0x0 c:/program files (x86)/cypress/psoc creator/4.4/psoc creator/import/gnu/arm/5.4.1/bin/../lib/gcc/arm-none-eabi/5.4.1/armv6-m/crtend.o
 .bss           0x00000000        0x0 c:/program files (x86)/cypress/psoc creator/4.4/psoc creator/import/gnu/arm/5.4.1/bin/../lib/gcc/arm-none-eabi/5.4.1/armv6-m/crtend.o
 .text          0x00000000        0x0 c:/program files (x86)/cypress/psoc creator/4.4/psoc creator/import/gnu/arm/5.4.1/bin/../lib/gcc/arm-none-eabi/5.4.1/armv6-m/crtn.o
 .data          0x00000000        0x0 c:/program files (x86)/cypress/psoc creator/4.4/psoc creator/import/gnu/arm/5.4.1/bin/../lib/gcc/arm-none-eabi/5.4.1/armv6-m/crtn.o
 .bss           0x00000000        0x0 c:/program files (x86)/cypress/psoc creator/4.4/psoc creator/import/gnu/arm/5.4.1/bin/../lib/gcc/arm-none-eabi/5.4.1/armv6-m/crtn.o

Memory Configuration

Name             Origin             Length             Attributes
rom              0x00000000         0x00040000         xr
ram              0x20000000         0x00008000         xrw
*default*        0x00000000         0xffffffff

Linker script and memory map

LOAD c:/program files (x86)/cypress/psoc creator/4.4/psoc creator/import/gnu/arm/5.4.1/bin/../lib/gcc/arm-none-eabi/5.4.1/armv6-m/crti.o
LOAD c:/program files (x86)/cypress/psoc creator/4.4/psoc creator/import/gnu/arm/5.4.1/bin/../lib/gcc/arm-none-eabi/5.4.1/armv6-m/crtbegin.o
LOAD c:/program files (x86)/cypress/psoc creator/4.4/psoc creator/import/gnu/arm/5.4.1/bin/../lib/gcc/arm-none-eabi/5.4.1/../../../../arm-none-eabi/lib/armv6-m/crt0.o
START GROUP
LOAD .\CortexM0\ARM_GCC_541\Debug\main.o
LOAD .\CortexM0\ARM_GCC_541\Debug\cyfitter_cfg.o
LOAD .\CortexM0\ARM_GCC_541\Debug\cymetadata.o
LOAD .\CortexM0\ARM_GCC_541\Debug\Cm0Start.o
LOAD .\CortexM0\ARM_GCC_541\Debug\Test.a
END GROUP
START GROUP
LOAD c:/program files (x86)/cypress/psoc creator/4.4/psoc creator/import/gnu/arm/5.4.1/bin/../lib/gcc/arm-none-eabi/5.4.1/armv6-m\libgcc.a
LOAD c:/program files (x86)/cypress/psoc creator/4.4/psoc creator/import/gnu/arm/5.4.1/bin/../lib/gcc/arm-none-eabi/5.4.1/../../../../arm-none-eabi/lib/armv6-m\libg_nano.a
LOAD c:/program files (x86)/cypress/psoc creator/4.4/psoc creator/import/gnu/arm/5.4.1/bin/../lib/gcc/arm-none-eabi/5.4.1/../../../../arm-none-eabi/lib/armv6-m\libc_nano.a
END GROUP
START GROUP
LOAD c:/program files (x86)/cypress/psoc creator/4.4/psoc creator/import/gnu/arm/5.4.1/bin/../lib/gcc/arm-none-eabi/5.4.1/armv6-m\libgcc.a
LOAD c:/program files (x86)/cypress/psoc creator/4.4/psoc creator/import/gnu/arm/5.4.1/bin/../lib/gcc/arm-none-eabi/5.4.1/../../../../arm-none-eabi/lib/armv6-m\libc_nano.a
END GROUP
LOAD c:/program files (x86)/cypress/psoc creator/4.4/psoc creator/import/gnu/arm/5.4.1/bin/../lib/gcc/arm-none-eabi/5.4.1/armv6-m/crtend.o
LOAD c:/program files (x86)/cypress/psoc creator/4.4/psoc creator/import/gnu/arm/5.4.1/bin/../lib/gcc/arm-none-eabi/5.4.1/armv6-m/crtn.o
START GROUP
LOAD c:/program files (x86)/cypress/psoc creator/4.4/psoc creator/import/gnu/arm/5.4.1/bin/../lib/gcc/arm-none-eabi/5.4.1/armv6-m\libgcc.a
LOAD c:/program files (x86)/cypress/psoc creator/4.4/psoc creator/import/gnu/arm/5.4.1/bin/../lib/gcc/arm-none-eabi/5.4.1/../../../../arm-none-eabi/lib/armv6-m\libc.a
LOAD c:/program files (x86)/cypress/psoc creator/4.4/psoc creator/import/gnu/arm/5.4.1/bin/../lib/gcc/arm-none-eabi/5.4.1/../../../../arm-none-eabi/lib/armv6-m\libnosys.a
END GROUP
                0x00000000                CY_APPL_ORIGIN = 0x0
                0x00000100                CY_FLASH_ROW_SIZE = 0x100
                0x00000001                CY_APPL_NUM = 0x1
                0x00000001                CY_APPL_MAX = 0x1
                0x00000040                CY_METADATA_SIZE = 0x40
                0x00000000                CY_APPL_LOADABLE = 0x0
                0x00000000                CY_CHECKSUM_EXCLUDE_SIZE = ALIGN (0x0, CY_FLASH_ROW_SIZE)
                0x00000000                CY_APP_FOR_STACK_AND_COPIER = 0x0
                [!provide]                PROVIDE (__cy_heap_start, _end)
                0x00000001                PROVIDE (__cy_region_num, ((__cy_regions_end - __cy_regions) / 0x10))
                0x20008000                PROVIDE (__cy_stack, (ORIGIN (ram) + LENGTH (ram)))
                [!provide]                PROVIDE (__cy_heap_end, (__cy_stack - 0x800))

.cybootloader   0x00000000        0x0
 *(.cybootloader)
                0x00000000                appl1_start = CY_APPL_ORIGIN?CY_APPL_ORIGIN:ALIGN (CY_FLASH_ROW_SIZE)
                0x0001ff00                appl2_start = (appl1_start + ALIGN ((((LENGTH (rom) - appl1_start) - (0x2 * CY_FLASH_ROW_SIZE)) / 0x2), CY_FLASH_ROW_SIZE))
                0x00000000                appl_start = (CY_APPL_NUM == 0x1)?appl1_start:appl2_start
                0x00000001                cy_project_type_bootloader = (appl_start == 0x0)?0x1:0x0
                0x00000000                cy_project_type_app_for_stack_and_copier = (CY_APP_FOR_STACK_AND_COPIER == 0x1)?0x1:0x0

.text           0x00000000      0xa20
 CREATE_OBJECT_SYMBOLS
                0x00000000                PROVIDE (__cy_interrupt_vector, RomVectors)
 *(.romvectors)
 .romvectors    0x00000000       0x10 .\CortexM0\ARM_GCC_541\Debug\Cm0Start.o
                0x00000000                RomVectors
                0x00000001                ASSERT ((. != __cy_interrupt_vector), No interrupt vector)
                0x00000001                ASSERT (CY_APPL_ORIGIN?(SIZEOF (.cybootloader) <= CY_APPL_ORIGIN):0x1, Wrong image location)
                0x00000010                PROVIDE (__cy_reset, Reset)
 *(.text.Reset)
 .text.Reset    0x00000010        0x8 .\CortexM0\ARM_GCC_541\Debug\Cm0Start.o
                0x00000010                Reset
                0x00000001                ASSERT ((. != __cy_reset), No reset code)
 *(.psocinit)
 .psocinit      0x00000018      0x1b4 .\CortexM0\ARM_GCC_541\Debug\cyfitter_cfg.o
                0x000000f0                cyfitter_cfg
                0x000001cc                . = MAX (., 0x100)
 *(.text .text.* .gnu.linkonce.t.*)
 .text          0x000001cc       0x60 c:/program files (x86)/cypress/psoc creator/4.4/psoc creator/import/gnu/arm/5.4.1/bin/../lib/gcc/arm-none-eabi/5.4.1/armv6-m/crtbegin.o
 .text.Ball_Trigger_Handler
                0x0000022c        0xc .\CortexM0\ARM_GCC_541\Debug\main.o
                0x0000022c                Ball_Trigger_Handler
 .text.main     0x00000238       0x54 .\CortexM0\ARM_GCC_541\Debug\main.o
                0x00000238                main
 .text.cfg_write_bytes32
                0x0000028c       0x34 .\CortexM0\ARM_GCC_541\Debug\cyfitter_cfg.o
 .text.AnalogSetDefault
                0x000002c0       0x20 .\CortexM0\ARM_GCC_541\Debug\cyfitter_cfg.o
 .text.CYMEMZERO
                0x000002e0        0xc .\CortexM0\ARM_GCC_541\Debug\cyfitter_cfg.o
 .text.IntDefaultHandler
                0x000002ec       0x10 .\CortexM0\ARM_GCC_541\Debug\Cm0Start.o
                0x000002ec                IntDefaultHandler
 .text.Start_c  0x000002fc       0x48 .\CortexM0\ARM_GCC_541\Debug\Cm0Start.o
                0x000002fc                Start_c
 .text.initialize_psoc
                0x00000344       0x4c .\CortexM0\ARM_GCC_541\Debug\Cm0Start.o
                0x00000344                initialize_psoc
 .text.CySysClkEcoReadStatus
                0x00000390       0x10 .\CortexM0\ARM_GCC_541\Debug\Test.a(CyLib.o)
                0x00000390                CySysClkEcoReadStatus
 .text.CyIntEnable
                0x000003a0       0x14 .\CortexM0\ARM_GCC_541\Debug\Test.a(CyLib.o)
                0x000003a0                CyIntEnable
 .text.CyHalt   0x000003b4        0x4 .\CortexM0\ARM_GCC_541\Debug\Test.a(CyLib.o)
                0x000003b4                CyHalt
 .text.CyIntSetVector
                0x000003b8       0x24 .\CortexM0\ARM_GCC_541\Debug\Test.a(CyLib.o)
                0x000003b8                CyIntSetVector
 .text.CyDelayUs
                0x000003dc       0x14 .\CortexM0\ARM_GCC_541\Debug\Test.a(CyLib.o)
                0x000003dc                CyDelayUs
 .text.CySysClkWriteImoFreq
                0x000003f0      0x164 .\CortexM0\ARM_GCC_541\Debug\Test.a(CyLib.o)
                0x000003f0                CySysClkWriteImoFreq
 .text.CySysClkEcoStart
                0x00000554       0x54 .\CortexM0\ARM_GCC_541\Debug\Test.a(CyLib.o)
                0x00000554                CySysClkEcoStart
 .text.CySysWdtLocked
                0x000005a8       0x14 .\CortexM0\ARM_GCC_541\Debug\Test.a(CyLFClk.o)
 .text.CySysClkWcoStart
                0x000005bc       0x40 .\CortexM0\ARM_GCC_541\Debug\Test.a(CyLFClk.o)
                0x000005bc                CySysClkWcoStart
 .text.CySysClkWcoSetPowerMode
                0x000005fc       0x80 .\CortexM0\ARM_GCC_541\Debug\Test.a(CyLFClk.o)
                0x000005fc                CySysClkWcoSetPowerMode
 .text.CySysWdtLock
                0x0000067c       0x1c .\CortexM0\ARM_GCC_541\Debug\Test.a(CyLFClk.o)
                0x0000067c                CySysWdtLock
 .text.CySysWdtUnlock
                0x00000698       0x30 .\CortexM0\ARM_GCC_541\Debug\Test.a(CyLFClk.o)
                0x00000698                CySysWdtUnlock
 .text.CySysWdtClearInterrupt
                0x000006c8       0x4c .\CortexM0\ARM_GCC_541\Debug\Test.a(CyLFClk.o)
                0x000006c8                CySysWdtClearInterrupt
 .text.CySysWdtIsr
                0x00000714       0xa4 .\CortexM0\ARM_GCC_541\Debug\Test.a(CyLFClk.o)
                0x00000714                CySysWdtIsr
 .text.UART_ScbModePostEnable
                0x000007b8        0x8 .\CortexM0\ARM_GCC_541\Debug\Test.a(UART.o)
 .text.UART_Init
                0x000007c0        0x8 .\CortexM0\ARM_GCC_541\Debug\Test.a(UART.o)
                0x000007c0                UART_Init
 .text.UART_Enable
                0x000007c8       0x18 .\CortexM0\ARM_GCC_541\Debug\Test.a(UART.o)
                0x000007c8                UART_Enable
 .text.UART_Start
                0x000007e0       0x20 .\CortexM0\ARM_GCC_541\Debug\Test.a(UART.o)
                0x000007e0                UART_Start
 .text.UART_UartInit
                0x00000800       0xa8 .\CortexM0\ARM_GCC_541\Debug\Test.a(UART_UART.o)
                0x00000800                UART_UartInit
 .text.UART_UartPostEnable
                0x000008a8       0x2c .\CortexM0\ARM_GCC_541\Debug\Test.a(UART_UART.o)
                0x000008a8                UART_UartPostEnable
 .text.Pin_Output_DOWN_Write
                0x000008d4       0x18 .\CortexM0\ARM_GCC_541\Debug\Test.a(Pin_Output_DOWN.o)
                0x000008d4                Pin_Output_DOWN_Write
 .text.Pin_Output_UP_Write
                0x000008ec       0x18 .\CortexM0\ARM_GCC_541\Debug\Test.a(Pin_Output_UP.o)
                0x000008ec                Pin_Output_UP_Write
 .text.ISR_Ball_Trigger_SetVector
                0x00000904        0xc .\CortexM0\ARM_GCC_541\Debug\Test.a(ISR_Ball_Trigger.o)
                0x00000904                ISR_Ball_Trigger_SetVector
 .text.ISR_Ball_Trigger_SetPriority
                0x00000910       0x24 .\CortexM0\ARM_GCC_541\Debug\Test.a(ISR_Ball_Trigger.o)
                0x00000910                ISR_Ball_Trigger_SetPriority
 .text.ISR_Ball_Trigger_Enable
                0x00000934        0xc .\CortexM0\ARM_GCC_541\Debug\Test.a(ISR_Ball_Trigger.o)
                0x00000934                ISR_Ball_Trigger_Enable
 .text.ISR_Ball_Trigger_Disable
                0x00000940        0xc .\CortexM0\ARM_GCC_541\Debug\Test.a(ISR_Ball_Trigger.o)
                0x00000940                ISR_Ball_Trigger_Disable
 .text.ISR_Ball_Trigger_StartEx
                0x0000094c       0x1c .\CortexM0\ARM_GCC_541\Debug\Test.a(ISR_Ball_Trigger.o)
                0x0000094c                ISR_Ball_Trigger_StartEx
 .text.Pin_Output_DOWN_GROUND_Write
                0x00000968       0x18 .\CortexM0\ARM_GCC_541\Debug\Test.a(Pin_Output_DOWN_GROUND.o)
                0x00000968                Pin_Output_DOWN_GROUND_Write
 .text.Pin_Output_UP_GROUND_Write
                0x00000980       0x18 .\CortexM0\ARM_GCC_541\Debug\Test.a(Pin_Output_UP_GROUND.o)
                0x00000980                Pin_Output_UP_GROUND_Write
 .text          0x00000998       0x20 .\CortexM0\ARM_GCC_541\Debug\Test.a(CyBootAsmGnu.o)
                0x00000998                CyDelayCycles
                0x000009aa                CyEnterCriticalSection
                0x000009b2                CyExitCriticalSection
 .text.__errno  0x000009b8        0xc c:/program files (x86)/cypress/psoc creator/4.4/psoc creator/import/gnu/arm/5.4.1/bin/../lib/gcc/arm-none-eabi/5.4.1/../../../../arm-none-eabi/lib/armv6-m\libg_nano.a(lib_a-errno.o)
                0x000009b8                __errno
 .text.__libc_init_array
                0x000009c4       0x4c c:/program files (x86)/cypress/psoc creator/4.4/psoc creator/import/gnu/arm/5.4.1/bin/../lib/gcc/arm-none-eabi/5.4.1/../../../../arm-none-eabi/lib/armv6-m\libg_nano.a(lib_a-init.o)
                0x000009c4                __libc_init_array
 .text.memset   0x00000a10       0x10 c:/program files (x86)/cypress/psoc creator/4.4/psoc creator/import/gnu/arm/5.4.1/bin/../lib/gcc/arm-none-eabi/5.4.1/../../../../arm-none-eabi/lib/armv6-m\libg_nano.a(lib_a-memset.o)
                0x00000a10                memset
 *(.plt)
 *(.gnu.warning)
 *(.glue_7t)
 .glue_7t       0x00000a20        0x0 linker stubs
 *(.glue_7)
 .glue_7        0x00000a20        0x0 linker stubs
 *(.vfp11_veneer)
 .vfp11_veneer  0x00000a20        0x0 linker stubs
 *(.bootloader)
 *(.ARM.extab* .gnu.linkonce.armextab.*)
 *(.gcc_except_table)

.v4_bx          0x00000a20        0x0
 .v4_bx         0x00000a20        0x0 linker stubs

.iplt           0x00000a20        0x0
 .iplt          0x00000a20        0x0 c:/program files (x86)/cypress/psoc creator/4.4/psoc creator/import/gnu/arm/5.4.1/bin/../lib/gcc/arm-none-eabi/5.4.1/armv6-m/crtbegin.o

.eh_frame_hdr
 *(.eh_frame_hdr)

.eh_frame       0x00000a20        0x4
 *(.eh_frame)
 .eh_frame      0x00000a20        0x0 c:/program files (x86)/cypress/psoc creator/4.4/psoc creator/import/gnu/arm/5.4.1/bin/../lib/gcc/arm-none-eabi/5.4.1/armv6-m/crtbegin.o
 .eh_frame      0x00000a20        0x4 c:/program files (x86)/cypress/psoc creator/4.4/psoc creator/import/gnu/arm/5.4.1/bin/../lib/gcc/arm-none-eabi/5.4.1/armv6-m/crtend.o
                [!provide]                PROVIDE (__exidx_start, .)

.ARM.exidx
 *(.ARM.exidx* .gnu.linkonce.armexidx.*)
                0x00000a24                __exidx_end = .

.rodata         0x00000a24       0x84
 *(.rodata .rodata.* .gnu.linkonce.r.*)
 .rodata        0x00000a24       0x20 .\CortexM0\ARM_GCC_541\Debug\cyfitter_cfg.o
 .rodata        0x00000a44       0x2e .\CortexM0\ARM_GCC_541\Debug\Test.a(CyLib.o)
                0x00000a44                cyImoFreqMhz2Reg
 .rodata.str1.1
                0x00000a72        0x2 c:/program files (x86)/cypress/psoc creator/4.4/psoc creator/import/gnu/arm/5.4.1/bin/../lib/gcc/arm-none-eabi/5.4.1/../../../../arm-none-eabi/lib/armv6-m\libg_nano.a(lib_a-impure.o)
                0x00000a74                . = ALIGN (0x4)
 *(.init)
 .init          0x00000a74        0x4 c:/program files (x86)/cypress/psoc creator/4.4/psoc creator/import/gnu/arm/5.4.1/bin/../lib/gcc/arm-none-eabi/5.4.1/armv6-m/crti.o
                0x00000a74                _init
 .init          0x00000a78        0x8 c:/program files (x86)/cypress/psoc creator/4.4/psoc creator/import/gnu/arm/5.4.1/bin/../lib/gcc/arm-none-eabi/5.4.1/armv6-m/crtn.o
                0x00000a80                . = ALIGN (0x4)
                0x00000a80                __preinit_array_start = .
 *(.preinit_array)
                0x00000a80                __preinit_array_end = .
                0x00000a80                . = ALIGN (0x4)
                0x00000a80                __init_array_start = .
 *(SORT(.init_array.*))
 *(.init_array)
 .init_array    0x00000a80        0x4 c:/program files (x86)/cypress/psoc creator/4.4/psoc creator/import/gnu/arm/5.4.1/bin/../lib/gcc/arm-none-eabi/5.4.1/armv6-m/crtbegin.o
 .init_array    0x00000a84        0x4 .\CortexM0\ARM_GCC_541\Debug\Cm0Start.o
                0x00000a88                __init_array_end = .
                0x00000a88                . = ALIGN (0x4)
 *(.fini)
 .fini          0x00000a88        0x4 c:/program files (x86)/cypress/psoc creator/4.4/psoc creator/import/gnu/arm/5.4.1/bin/../lib/gcc/arm-none-eabi/5.4.1/armv6-m/crti.o
                0x00000a88                _fini
 .fini          0x00000a8c        0x8 c:/program files (x86)/cypress/psoc creator/4.4/psoc creator/import/gnu/arm/5.4.1/bin/../lib/gcc/arm-none-eabi/5.4.1/armv6-m/crtn.o
                0x00000a94                . = ALIGN (0x4)
                0x00000a94                __fini_array_start = .
 *(.fini_array)
 .fini_array    0x00000a94        0x4 c:/program files (x86)/cypress/psoc creator/4.4/psoc creator/import/gnu/arm/5.4.1/bin/../lib/gcc/arm-none-eabi/5.4.1/armv6-m/crtbegin.o
 *(SORT(.fini_array.*))
                0x00000a98                __fini_array_end = .
                0x00000a98                . = ALIGN (0x4)
 *crtbegin.o(.ctors)
 *(EXCLUDE_FILE(*crtend.o) .ctors)
 *(SORT(.ctors.*))
 *crtend.o(.ctors)
                0x00000a98                . = ALIGN (0x4)
 *crtbegin.o(.dtors)
 *(EXCLUDE_FILE(*crtend.o) .dtors)
 *(SORT(.dtors.*))
 *crtend.o(.dtors)
                0x00000a98                . = ALIGN (0x4)
                0x00000a98                __cy_regions = .
                0x00000a98        0x4 LONG 0xaa8 __cy_region_init_ram
                0x00000a9c        0x4 LONG 0x200000c0 __cy_region_start_data
                0x00000aa0        0x4 LONG 0x88 __cy_region_init_size_ram
                0x00000aa4        0x4 LONG 0x60 __cy_region_zero_size_ram
                0x00000aa8                __cy_regions_end = .
                0x00000aa8                . = ALIGN (0x8)
                0x00000aa8                _etext = .

.cy_checksum_exclude
                0x00000aa8        0x0
 *(.cy_checksum_exclude)

.ramvectors     0x20000000       0xc0
                0x20000000                __cy_region_start_ram = .
 *(.ramvectors)
 .ramvectors    0x20000000       0xc0 .\CortexM0\ARM_GCC_541\Debug\Cm0Start.o
                0x20000000                CyRamVectors

.noinit
 *(.noinit)

.data           0x200000c0       0x88 load address 0x00000aa8
                0x200000c0                __cy_region_start_data = .
 *(.jcr)
 .jcr           0x200000c0        0x0 c:/program files (x86)/cypress/psoc creator/4.4/psoc creator/import/gnu/arm/5.4.1/bin/../lib/gcc/arm-none-eabi/5.4.1/armv6-m/crtbegin.o
 .jcr           0x200000c0        0x4 c:/program files (x86)/cypress/psoc creator/4.4/psoc creator/import/gnu/arm/5.4.1/bin/../lib/gcc/arm-none-eabi/5.4.1/armv6-m/crtend.o
 *(.got.plt)
 *(.got)
 *(.shdata)
 *(.data .data.* .gnu.linkonce.d.*)
 .data          0x200000c4       0x14 .\CortexM0\ARM_GCC_541\Debug\Test.a(CyLib.o)
                0x200000c4                CySysClkPumpConfig
                0x200000c8                cydelay32kMs
                0x200000cc                cydelayFreqKhz
                0x200000d0                cydelayFreqMhz
                0x200000d4                cydelayFreqHz
 .data          0x200000d8        0x8 .\CortexM0\ARM_GCC_541\Debug\Test.a(CyLFClk.o)
 .data.impure_data
                0x200000e0       0x60 c:/program files (x86)/cypress/psoc creator/4.4/psoc creator/import/gnu/arm/5.4.1/bin/../lib/gcc/arm-none-eabi/5.4.1/../../../../arm-none-eabi/lib/armv6-m\libg_nano.a(lib_a-impure.o)
 .data._impure_ptr
                0x20000140        0x4 c:/program files (x86)/cypress/psoc creator/4.4/psoc creator/import/gnu/arm/5.4.1/bin/../lib/gcc/arm-none-eabi/5.4.1/../../../../arm-none-eabi/lib/armv6-m\libg_nano.a(lib_a-impure.o)
                0x20000140                _impure_ptr
                0x20000148                . = ALIGN (0x8)
 *fill*         0x20000144        0x4 
 *(.ram)
                0x20000148                _edata = .

.igot.plt       0x20000148        0x0 load address 0x00000b30
 .igot.plt      0x20000148        0x0 c:/program files (x86)/cypress/psoc creator/4.4/psoc creator/import/gnu/arm/5.4.1/bin/../lib/gcc/arm-none-eabi/5.4.1/armv6-m/crtbegin.o

.bss            0x20000148       0x60 load address 0x00000b30
                0x20000148                PROVIDE (__bss_start__, .)
 *(.shbss)
 *(.bss .bss.* .gnu.linkonce.b.*)
 .bss           0x20000148       0x1c c:/program files (x86)/cypress/psoc creator/4.4/psoc creator/import/gnu/arm/5.4.1/bin/../lib/gcc/arm-none-eabi/5.4.1/armv6-m/crtbegin.o
 .bss           0x20000164        0x3 .\CortexM0\ARM_GCC_541\Debug\main.o
                0x20000164                isr_triggered
                0x20000165                serving_enabled
                0x20000166                conf_iterator
 *fill*         0x20000167        0x1 
 .bss           0x20000168       0x28 .\CortexM0\ARM_GCC_541\Debug\Test.a(CyLFClk.o)
 .bss           0x20000190        0x4 .\CortexM0\ARM_GCC_541\Debug\Test.a(UART.o)
                0x20000190                UART_initVar
                0x20000192                UART_IntrTxMask
 *(COMMON)
 COMMON         0x20000194       0x14 .\CortexM0\ARM_GCC_541\Debug\main.o
                0x20000194                speed_idx
                0x20000196                speed_buf
                0x20000198                motor_speeds
                0x200001a0                print_speed_flag
                0x200001a1                manual_control_flag
                0x200001a4                uart_rpm_buff
                0x200001a8                . = ALIGN (0x8)
 *(.ram.b)
                0x200001a8                _end = .
                0x200001a8                __end = .
                0x200001a8                PROVIDE (end, .)
                0x200001a8                PROVIDE (__bss_end__, .)
                0x00000aa8                __cy_region_init_ram = LOADADDR (.data)
                0x00000088                __cy_region_init_size_ram = (_edata - ADDR (.data))
                0x00000060                __cy_region_zero_size_ram = (_end - _edata)

.heap           0x200001a8       0x80 load address 0x00000b30
                0x200001a8                . = _end
                0x20000228                . = (. + 0x80)
 *fill*         0x200001a8       0x80 
                0x20000228                __cy_heap_limit = .

.stack          0x20007800      0x800
                0x20007800                __cy_stack_limit = .
                0x20008000                . = (. + 0x800)
 *fill*         0x20007800      0x800 
                0x00000001                ASSERT ((__cy_stack_limit >= __cy_heap_limit), region RAM overflowed with stack)
                0x00000000                cy_checksum_exclude_size = (CY_APPL_LOADABLE == 0x1)?SIZEOF (.cy_checksum_exclude):0x0
                0x00000001                ASSERT ((cy_checksum_exclude_size <= CY_CHECKSUM_EXCLUDE_SIZE), CY_BOOT: Section .cy_checksum_exclude size exceedes specified limit.)
                0x0003ffc0                cyloadermeta_start = (cy_project_type_bootloader || cy_project_type_app_for_stack_and_copier)?(LENGTH (rom) - CY_METADATA_SIZE):0xf0000000

.cyloadermeta
 *(.cyloadermeta)
                0x0003ffc0                cyloadablemeta_start = cy_project_type_app_for_stack_and_copier?((LENGTH (rom) - CY_FLASH_ROW_SIZE) - CY_METADATA_SIZE):((LENGTH (rom) - (CY_FLASH_ROW_SIZE * (CY_APPL_NUM - 0x1))) - CY_METADATA_SIZE)

.cyloadablemeta
 *(.cyloadablemeta)

.cyflashprotect
                0x90400000       0x80
 *(.cyflashprotect)
 .cyflashprotect
                0x90400000       0x80 .\CortexM0\ARM_GCC_541\Debug\cymetadata.o
                0x90400000                cy_meta_flashprotect

.cymeta         0x90500000        0xc
 *(.cymeta)
 .cymeta        0x90500000        0xc .\CortexM0\ARM_GCC_541\Debug\cymetadata.o
                0x90500000                cy_metadata

.cychipprotect  0x90600000        0x1
 *(.cychipprotect)
 .cychipprotect
                0x90600000        0x1 .\CortexM0\ARM_GCC_541\Debug\cymetadata.o
                0x90600000                cy_meta_chipprotect

.rel.dyn        0x00000b30        0x0 load address 0x90600004
 .rel.iplt      0x00000b30        0x0 c:/program files (x86)/cypress/psoc creator/4.4/psoc creator/import/gnu/arm/5.4.1/bin/../lib/gcc/arm-none-eabi/5.4.1/armv6-m/crtbegin.o

.stab
 *(.stab)

.stabstr
 *(.stabstr)

.debug
 *(.debug)

.line
 *(.line)

.debug_srcinfo
 *(.debug_srcinfo)

.debug_sfnames
 *(.debug_sfnames)

.debug_aranges  0x00000000      0x780
 *(.debug_aranges)
 .debug_aranges
                0x00000000       0x38 .\CortexM0\ARM_GCC_541\Debug\main.o
 .debug_aranges
                0x00000038       0x40 .\CortexM0\ARM_GCC_541\Debug\cyfitter_cfg.o
 .debug_aranges
                0x00000078       0x18 .\CortexM0\ARM_GCC_541\Debug\cymetadata.o
 .debug_aranges
                0x00000090       0x48 .\CortexM0\ARM_GCC_541\Debug\Cm0Start.o
 .debug_aranges
                0x000000d8      0x1d0 .\CortexM0\ARM_GCC_541\Debug\Test.a(CyLib.o)
 .debug_aranges
                0x000002a8      0x188 .\CortexM0\ARM_GCC_541\Debug\Test.a(CyLFClk.o)
 .debug_aranges
                0x00000430       0x58 .\CortexM0\ARM_GCC_541\Debug\Test.a(UART.o)
 .debug_aranges
                0x00000488       0x60 .\CortexM0\ARM_GCC_541\Debug\Test.a(UART_SPI_UART.o)
 .debug_aranges
                0x000004e8       0x90 .\CortexM0\ARM_GCC_541\Debug\Test.a(UART_UART.o)
 .debug_aranges
                0x00000578       0x48 .\CortexM0\ARM_GCC_541\Debug\Test.a(Pin_Output_DOWN.o)
 .debug_aranges
                0x000005c0       0x48 .\CortexM0\ARM_GCC_541\Debug\Test.a(Pin_Output_UP.o)
 .debug_aranges
                0x00000608       0x80 .\CortexM0\ARM_GCC_541\Debug\Test.a(ISR_Ball_Trigger.o)
 .debug_aranges
                0x00000688       0x48 .\CortexM0\ARM_GCC_541\Debug\Test.a(Pin_Serve.o)
 .debug_aranges
                0x000006d0       0x48 .\CortexM0\ARM_GCC_541\Debug\Test.a(Pin_Output_DOWN_GROUND.o)
 .debug_aranges
                0x00000718       0x48 .\CortexM0\ARM_GCC_541\Debug\Test.a(Pin_Output_UP_GROUND.o)
 .debug_aranges
                0x00000760       0x20 .\CortexM0\ARM_GCC_541\Debug\Test.a(CyBootAsmGnu.o)

.debug_pubnames
 *(.debug_pubnames)

.debug_info     0x00000000     0x3e2f
 *(.debug_info .gnu.linkonce.wi.*)
 .debug_info    0x00000000      0x3f8 .\CortexM0\ARM_GCC_541\Debug\main.o
 .debug_info    0x000003f8      0x450 .\CortexM0\ARM_GCC_541\Debug\cyfitter_cfg.o
 .debug_info    0x00000848       0xf8 .\CortexM0\ARM_GCC_541\Debug\cymetadata.o
 .debug_info    0x00000940      0x3a2 .\CortexM0\ARM_GCC_541\Debug\Cm0Start.o
 .debug_info    0x00000ce2      0xd2c .\CortexM0\ARM_GCC_541\Debug\Test.a(CyLib.o)
 .debug_info    0x00001a0e     0x1071 .\CortexM0\ARM_GCC_541\Debug\Test.a(CyLFClk.o)
 .debug_info    0x00002a7f      0x23a .\CortexM0\ARM_GCC_541\Debug\Test.a(UART.o)
 .debug_info    0x00002cb9      0x220 .\CortexM0\ARM_GCC_541\Debug\Test.a(UART_SPI_UART.o)
 .debug_info    0x00002ed9      0x3b5 .\CortexM0\ARM_GCC_541\Debug\Test.a(UART_UART.o)
 .debug_info    0x0000328e      0x19d .\CortexM0\ARM_GCC_541\Debug\Test.a(Pin_Output_DOWN.o)
 .debug_info    0x0000342b      0x19d .\CortexM0\ARM_GCC_541\Debug\Test.a(Pin_Output_UP.o)
 .debug_info    0x000035c8      0x305 .\CortexM0\ARM_GCC_541\Debug\Test.a(ISR_Ball_Trigger.o)
 .debug_info    0x000038cd      0x19d .\CortexM0\ARM_GCC_541\Debug\Test.a(Pin_Serve.o)
 .debug_info    0x00003a6a      0x19d .\CortexM0\ARM_GCC_541\Debug\Test.a(Pin_Output_DOWN_GROUND.o)
 .debug_info    0x00003c07      0x19d .\CortexM0\ARM_GCC_541\Debug\Test.a(Pin_Output_UP_GROUND.o)
 .debug_info    0x00003da4       0x8b .\CortexM0\ARM_GCC_541\Debug\Test.a(CyBootAsmGnu.o)

.debug_abbrev   0x00000000     0x1215
 *(.debug_abbrev)
 .debug_abbrev  0x00000000      0x12b .\CortexM0\ARM_GCC_541\Debug\main.o
 .debug_abbrev  0x0000012b      0x1af .\CortexM0\ARM_GCC_541\Debug\cyfitter_cfg.o
 .debug_abbrev  0x000002da       0x5d .\CortexM0\ARM_GCC_541\Debug\cymetadata.o
 .debug_abbrev  0x00000337      0x1d7 .\CortexM0\ARM_GCC_541\Debug\Cm0Start.o
 .debug_abbrev  0x0000050e      0x1d3 .\CortexM0\ARM_GCC_541\Debug\Test.a(CyLib.o)
 .debug_abbrev  0x000006e1      0x248 .\CortexM0\ARM_GCC_541\Debug\Test.a(CyLFClk.o)
 .debug_abbrev  0x00000929       0xd5 .\CortexM0\ARM_GCC_541\Debug\Test.a(UART.o)
 .debug_abbrev  0x000009fe      0x14f .\CortexM0\ARM_GCC_541\Debug\Test.a(UART_SPI_UART.o)
 .debug_abbrev  0x00000b4d      0x132 .\CortexM0\ARM_GCC_541\Debug\Test.a(UART_UART.o)
 .debug_abbrev  0x00000c7f       0xc8 .\CortexM0\ARM_GCC_541\Debug\Test.a(Pin_Output_DOWN.o)
 .debug_abbrev  0x00000d47       0xc8 .\CortexM0\ARM_GCC_541\Debug\Test.a(Pin_Output_UP.o)
 .debug_abbrev  0x00000e0f      0x19a .\CortexM0\ARM_GCC_541\Debug\Test.a(ISR_Ball_Trigger.o)
 .debug_abbrev  0x00000fa9       0xc8 .\CortexM0\ARM_GCC_541\Debug\Test.a(Pin_Serve.o)
 .debug_abbrev  0x00001071       0xc8 .\CortexM0\ARM_GCC_541\Debug\Test.a(Pin_Output_DOWN_GROUND.o)
 .debug_abbrev  0x00001139       0xc8 .\CortexM0\ARM_GCC_541\Debug\Test.a(Pin_Output_UP_GROUND.o)
 .debug_abbrev  0x00001201       0x14 .\CortexM0\ARM_GCC_541\Debug\Test.a(CyBootAsmGnu.o)

.debug_line     0x00000000     0x1c34
 *(.debug_line)
 .debug_line    0x00000000      0x265 .\CortexM0\ARM_GCC_541\Debug\main.o
 .debug_line    0x00000265      0x18e .\CortexM0\ARM_GCC_541\Debug\cyfitter_cfg.o
 .debug_line    0x000003f3      0x141 .\CortexM0\ARM_GCC_541\Debug\cymetadata.o
 .debug_line    0x00000534      0x236 .\CortexM0\ARM_GCC_541\Debug\Cm0Start.o
 .debug_line    0x0000076a      0x553 .\CortexM0\ARM_GCC_541\Debug\Test.a(CyLib.o)
 .debug_line    0x00000cbd      0x5db .\CortexM0\ARM_GCC_541\Debug\Test.a(CyLFClk.o)
 .debug_line    0x00001298      0x108 .\CortexM0\ARM_GCC_541\Debug\Test.a(UART.o)
 .debug_line    0x000013a0      0x11a .\CortexM0\ARM_GCC_541\Debug\Test.a(UART_SPI_UART.o)
 .debug_line    0x000014ba      0x1cf .\CortexM0\ARM_GCC_541\Debug\Test.a(UART_UART.o)
 .debug_line    0x00001689       0xc7 .\CortexM0\ARM_GCC_541\Debug\Test.a(Pin_Output_DOWN.o)
 .debug_line    0x00001750       0xc5 .\CortexM0\ARM_GCC_541\Debug\Test.a(Pin_Output_UP.o)
 .debug_line    0x00001815      0x15c .\CortexM0\ARM_GCC_541\Debug\Test.a(ISR_Ball_Trigger.o)
 .debug_line    0x00001971       0xc1 .\CortexM0\ARM_GCC_541\Debug\Test.a(Pin_Serve.o)
 .debug_line    0x00001a32       0xce .\CortexM0\ARM_GCC_541\Debug\Test.a(Pin_Output_DOWN_GROUND.o)
 .debug_line    0x00001b00       0xcc .\CortexM0\ARM_GCC_541\Debug\Test.a(Pin_Output_UP_GROUND.o)
 .debug_line    0x00001bcc       0x68 .\CortexM0\ARM_GCC_541\Debug\Test.a(CyBootAsmGnu.o)

.debug_frame    0x00000000     0x11fc
 *(.debug_frame)
 .debug_frame   0x00000000       0x78 .\CortexM0\ARM_GCC_541\Debug\main.o
 .debug_frame   0x00000078       0x9c .\CortexM0\ARM_GCC_541\Debug\cyfitter_cfg.o
 .debug_frame   0x00000114       0xbc .\CortexM0\ARM_GCC_541\Debug\Cm0Start.o
 .debug_frame   0x000001d0      0x4a4 .\CortexM0\ARM_GCC_541\Debug\Test.a(CyLib.o)
 .debug_frame   0x00000674      0x4a8 .\CortexM0\ARM_GCC_541\Debug\Test.a(CyLFClk.o)
 .debug_frame   0x00000b1c       0xd8 .\CortexM0\ARM_GCC_541\Debug\Test.a(UART.o)
 .debug_frame   0x00000bf4       0xb0 .\CortexM0\ARM_GCC_541\Debug\Test.a(UART_SPI_UART.o)
 .debug_frame   0x00000ca4      0x144 .\CortexM0\ARM_GCC_541\Debug\Test.a(UART_UART.o)
 .debug_frame   0x00000de8       0x70 .\CortexM0\ARM_GCC_541\Debug\Test.a(Pin_Output_DOWN.o)
 .debug_frame   0x00000e58       0x70 .\CortexM0\ARM_GCC_541\Debug\Test.a(Pin_Output_UP.o)
 .debug_frame   0x00000ec8      0x110 .\CortexM0\ARM_GCC_541\Debug\Test.a(ISR_Ball_Trigger.o)
 .debug_frame   0x00000fd8       0x70 .\CortexM0\ARM_GCC_541\Debug\Test.a(Pin_Serve.o)
 .debug_frame   0x00001048       0x70 .\CortexM0\ARM_GCC_541\Debug\Test.a(Pin_Output_DOWN_GROUND.o)
 .debug_frame   0x000010b8       0x70 .\CortexM0\ARM_GCC_541\Debug\Test.a(Pin_Output_UP_GROUND.o)
 .debug_frame   0x00001128       0x20 c:/program files (x86)/cypress/psoc creator/4.4/psoc creator/import/gnu/arm/5.4.1/bin/../lib/gcc/arm-none-eabi/5.4.1/armv6-m\libgcc.a(_udivsi3.o)
 .debug_frame   0x00001148       0x20 c:/program files (x86)/cypress/psoc creator/4.4/psoc creator/import/gnu/arm/5.4.1/bin/../lib/gcc/arm-none-eabi/5.4.1/armv6-m\libgcc.a(_divsi3.o)
 .debug_frame   0x00001168       0x20 c:/program files (x86)/cypress/psoc creator/4.4/psoc creator/import/gnu/arm/5.4.1/bin/../lib/gcc/arm-none-eabi/5.4.1/../../../../arm-none-eabi/lib/armv6-m\libg_nano.a(lib_a-errno.o)
 .debug_frame   0x00001188       0x28 c:/program files (x86)/cypress/psoc creator/4.4/psoc creator/import/gnu/arm/5.4.1/bin/../lib/gcc/arm-none-eabi/5.4.1/../../../../arm-none-eabi/lib/armv6-m\libg_nano.a(lib_a-exit.o)
 .debug_frame   0x000011b0       0x2c c:/program files (x86)/cypress/psoc creator/4.4/psoc creator/import/gnu/arm/5.4.1/bin/../lib/gcc/arm-none-eabi/5.4.1/../../../../arm-none-eabi/lib/armv6-m\libg_nano.a(lib_a-init.o)
 .debug_frame   0x000011dc       0x20 c:/program files (x86)/cypress/psoc creator/4.4/psoc creator/import/gnu/arm/5.4.1/bin/../lib/gcc/arm-none-eabi/5.4.1/../../../../arm-none-eabi/lib/armv6-m\libg_nano.a(lib_a-memset.o)

.debug_str      0x00000000     0x1bb5
 *(.debug_str)
 .debug_str     0x00000000      0x2fa .\CortexM0\ARM_GCC_541\Debug\main.o
                                0x354 (size before relaxing)
 .debug_str     0x000002fa      0x183 .\CortexM0\ARM_GCC_541\Debug\cyfitter_cfg.o
                                0x323 (size before relaxing)
 .debug_str     0x0000047d       0x63 .\CortexM0\ARM_GCC_541\Debug\cymetadata.o
                                0x1c3 (size before relaxing)
 .debug_str     0x000004e0      0x13a .\CortexM0\ARM_GCC_541\Debug\Cm0Start.o
                                0x2fc (size before relaxing)
 .debug_str     0x0000061a      0x5d7 .\CortexM0\ARM_GCC_541\Debug\Test.a(CyLib.o)
                                0x7f3 (size before relaxing)
 .debug_str     0x00000bf1      0x6ec .\CortexM0\ARM_GCC_541\Debug\Test.a(CyLFClk.o)
                                0x933 (size before relaxing)
 .debug_str     0x000012dd       0xf7 .\CortexM0\ARM_GCC_541\Debug\Test.a(UART.o)
                                0x292 (size before relaxing)
 .debug_str     0x000013d4      0x11d .\CortexM0\ARM_GCC_541\Debug\Test.a(UART_SPI_UART.o)
                                0x2c9 (size before relaxing)
 .debug_str     0x000014f1      0x17f .\CortexM0\ARM_GCC_541\Debug\Test.a(UART_UART.o)
                                0x3c3 (size before relaxing)
 .debug_str     0x00001670       0xdb .\CortexM0\ARM_GCC_541\Debug\Test.a(Pin_Output_DOWN.o)
                                0x277 (size before relaxing)
 .debug_str     0x0000174b       0xab .\CortexM0\ARM_GCC_541\Debug\Test.a(Pin_Output_UP.o)
                                0x269 (size before relaxing)
 .debug_str     0x000017f6      0x176 .\CortexM0\ARM_GCC_541\Debug\Test.a(ISR_Ball_Trigger.o)
                                0x37f (size before relaxing)
 .debug_str     0x0000196c       0x93 .\CortexM0\ARM_GCC_541\Debug\Test.a(Pin_Serve.o)
                                0x24d (size before relaxing)
 .debug_str     0x000019ff       0xe1 .\CortexM0\ARM_GCC_541\Debug\Test.a(Pin_Output_DOWN_GROUND.o)
                                0x2a8 (size before relaxing)
 .debug_str     0x00001ae0       0xd5 .\CortexM0\ARM_GCC_541\Debug\Test.a(Pin_Output_UP_GROUND.o)
                                0x29a (size before relaxing)

.debug_loc      0x00000000     0x1fd6
 *(.debug_loc)
 .debug_loc     0x00000000       0xca .\CortexM0\ARM_GCC_541\Debug\main.o
 .debug_loc     0x000000ca      0x118 .\CortexM0\ARM_GCC_541\Debug\cyfitter_cfg.o
 .debug_loc     0x000001e2      0x14f .\CortexM0\ARM_GCC_541\Debug\Cm0Start.o
 .debug_loc     0x00000331      0x818 .\CortexM0\ARM_GCC_541\Debug\Test.a(CyLib.o)
 .debug_loc     0x00000b49      0xdaa .\CortexM0\ARM_GCC_541\Debug\Test.a(CyLFClk.o)
 .debug_loc     0x000018f3       0x7e .\CortexM0\ARM_GCC_541\Debug\Test.a(UART.o)
 .debug_loc     0x00001971       0x96 .\CortexM0\ARM_GCC_541\Debug\Test.a(UART_SPI_UART.o)
 .debug_loc     0x00001a07      0x223 .\CortexM0\ARM_GCC_541\Debug\Test.a(UART_UART.o)
 .debug_loc     0x00001c2a       0xa2 .\CortexM0\ARM_GCC_541\Debug\Test.a(Pin_Output_DOWN.o)
 .debug_loc     0x00001ccc       0xa2 .\CortexM0\ARM_GCC_541\Debug\Test.a(Pin_Output_UP.o)
 .debug_loc     0x00001d6e       0x82 .\CortexM0\ARM_GCC_541\Debug\Test.a(ISR_Ball_Trigger.o)
 .debug_loc     0x00001df0       0xa2 .\CortexM0\ARM_GCC_541\Debug\Test.a(Pin_Serve.o)
 .debug_loc     0x00001e92       0xa2 .\CortexM0\ARM_GCC_541\Debug\Test.a(Pin_Output_DOWN_GROUND.o)
 .debug_loc     0x00001f34       0xa2 .\CortexM0\ARM_GCC_541\Debug\Test.a(Pin_Output_UP_GROUND.o)

.debug_macinfo
 *(.debug_macinfo)

.debug_ranges   0x00000000      0x668
 *(.debug_ranges)
 .debug_ranges  0x00000000       0x28 .\CortexM0\ARM_GCC_541\Debug\main.o
 .debug_ranges  0x00000028       0x30 .\CortexM0\ARM_GCC_541\Debug\cyfitter_cfg.o
 .debug_ranges  0x00000058       0x38 .\CortexM0\ARM_GCC_541\Debug\Cm0Start.o
 .debug_ranges  0x00000090      0x1c0 .\CortexM0\ARM_GCC_541\Debug\Test.a(CyLib.o)
 .debug_ranges  0x00000250      0x178 .\CortexM0\ARM_GCC_541\Debug\Test.a(CyLFClk.o)
 .debug_ranges  0x000003c8       0x48 .\CortexM0\ARM_GCC_541\Debug\Test.a(UART.o)
 .debug_ranges  0x00000410       0x50 .\CortexM0\ARM_GCC_541\Debug\Test.a(UART_SPI_UART.o)
 .debug_ranges  0x00000460       0x80 .\CortexM0\ARM_GCC_541\Debug\Test.a(UART_UART.o)
 .debug_ranges  0x000004e0       0x38 .\CortexM0\ARM_GCC_541\Debug\Test.a(Pin_Output_DOWN.o)
 .debug_ranges  0x00000518       0x38 .\CortexM0\ARM_GCC_541\Debug\Test.a(Pin_Output_UP.o)
 .debug_ranges  0x00000550       0x70 .\CortexM0\ARM_GCC_541\Debug\Test.a(ISR_Ball_Trigger.o)
 .debug_ranges  0x000005c0       0x38 .\CortexM0\ARM_GCC_541\Debug\Test.a(Pin_Serve.o)
 .debug_ranges  0x000005f8       0x38 .\CortexM0\ARM_GCC_541\Debug\Test.a(Pin_Output_DOWN_GROUND.o)
 .debug_ranges  0x00000630       0x38 .\CortexM0\ARM_GCC_541\Debug\Test.a(Pin_Output_UP_GROUND.o)

.comment        0x00000000       0x6e
 .comment       0x00000000       0x6e .\CortexM0\ARM_GCC_541\Debug\main.o
                                 0x6f (size before relaxing)
 .comment       0x0000006e       0x6f .\CortexM0\ARM_GCC_541\Debug\cyfitter_cfg.o
 .comment       0x0000006e       0x6f .\CortexM0\ARM_GCC_541\Debug\cymetadata.o
 .comment       0x0000006e       0x6f .\CortexM0\ARM_GCC_541\Debug\Cm0Start.o
 .comment       0x0000006e       0x6f .\CortexM0\ARM_GCC_541\Debug\Test.a(CyLib.o)
 .comment       0x0000006e       0x6f .\CortexM0\ARM_GCC_541\Debug\Test.a(CyLFClk.o)
 .comment       0x0000006e       0x6f .\CortexM0\ARM_GCC_541\Debug\Test.a(UART.o)
 .comment       0x0000006e       0x6f .\CortexM0\ARM_GCC_541\Debug\Test.a(UART_SPI_UART.o)
 .comment       0x0000006e       0x6f .\CortexM0\ARM_GCC_541\Debug\Test.a(UART_UART.o)
 .comment       0x0000006e       0x6f .\CortexM0\ARM_GCC_541\Debug\Test.a(Pin_Output_DOWN.o)
 .comment       0x0000006e       0x6f .\CortexM0\ARM_GCC_541\Debug\Test.a(Pin_Output_UP.o)
 .comment       0x0000006e       0x6f .\CortexM0\ARM_GCC_541\Debug\Test.a(ISR_Ball_Trigger.o)
 .comment       0x0000006e       0x6f .\CortexM0\ARM_GCC_541\Debug\Test.a(Pin_Serve.o)
 .comment       0x0000006e       0x6f .\CortexM0\ARM_GCC_541\Debug\Test.a(Pin_Output_DOWN_GROUND.o)
 .comment       0x0000006e       0x6f .\CortexM0\ARM_GCC_541\Debug\Test.a(Pin_Output_UP_GROUND.o)

.debug_weaknames
 *(.debug_weaknames)

.debug_funcnames
 *(.debug_funcnames)

.debug_typenames
 *(.debug_typenames)

.debug_varnames
 *(.debug_varnames)

.note.gnu.arm.ident
 *(.note.gnu.arm.ident)

.ARM.attributes
                0x00000000       0x28
 *(.ARM.attributes)
 .ARM.attributes
                0x00000000       0x1e c:/program files (x86)/cypress/psoc creator/4.4/psoc creator/import/gnu/arm/5.4.1/bin/../lib/gcc/arm-none-eabi/5.4.1/armv6-m/crti.o
 .ARM.attributes
                0x0000001e       0x2c c:/program files (x86)/cypress/psoc creator/4.4/psoc creator/import/gnu/arm/5.4.1/bin/../lib/gcc/arm-none-eabi/5.4.1/armv6-m/crtbegin.o
 .ARM.attributes
                0x0000004a       0x1b c:/program files (x86)/cypress/psoc creator/4.4/psoc creator/import/gnu/arm/5.4.1/bin/../lib/gcc/arm-none-eabi/5.4.1/../../../../arm-none-eabi/lib/armv6-m/crt0.o
 .ARM.attributes
                0x00000065       0x31 .\CortexM0\ARM_GCC_541\Debug\main.o
 .ARM.attributes
                0x00000096       0x31 .\CortexM0\ARM_GCC_541\Debug\cyfitter_cfg.o
 .ARM.attributes
                0x000000c7       0x31 .\CortexM0\ARM_GCC_541\Debug\cymetadata.o
 .ARM.attributes
                0x000000f8       0x31 .\CortexM0\ARM_GCC_541\Debug\Cm0Start.o
 .ARM.attributes
                0x00000129       0x31 .\CortexM0\ARM_GCC_541\Debug\Test.a(CyLib.o)
 .ARM.attributes
                0x0000015a       0x31 .\CortexM0\ARM_GCC_541\Debug\Test.a(CyLFClk.o)
 .ARM.attributes
                0x0000018b       0x31 .\CortexM0\ARM_GCC_541\Debug\Test.a(UART.o)
 .ARM.attributes
                0x000001bc       0x31 .\CortexM0\ARM_GCC_541\Debug\Test.a(UART_SPI_UART.o)
 .ARM.attributes
                0x000001ed       0x31 .\CortexM0\ARM_GCC_541\Debug\Test.a(UART_UART.o)
 .ARM.attributes
                0x0000021e       0x31 .\CortexM0\ARM_GCC_541\Debug\Test.a(Pin_Output_DOWN.o)
 .ARM.attributes
                0x0000024f       0x31 .\CortexM0\ARM_GCC_541\Debug\Test.a(Pin_Output_UP.o)
 .ARM.attributes
                0x00000280       0x31 .\CortexM0\ARM_GCC_541\Debug\Test.a(ISR_Ball_Trigger.o)
 .ARM.attributes
                0x000002b1       0x31 .\CortexM0\ARM_GCC_541\Debug\Test.a(Pin_Serve.o)
 .ARM.attributes
                0x000002e2       0x31 .\CortexM0\ARM_GCC_541\Debug\Test.a(Pin_Output_DOWN_GROUND.o)
 .ARM.attributes
                0x00000313       0x31 .\CortexM0\ARM_GCC_541\Debug\Test.a(Pin_Output_UP_GROUND.o)
 .ARM.attributes
                0x00000344       0x21 .\CortexM0\ARM_GCC_541\Debug\Test.a(CyBootAsmGnu.o)
 .ARM.attributes
                0x00000365       0x1e c:/program files (x86)/cypress/psoc creator/4.4/psoc creator/import/gnu/arm/5.4.1/bin/../lib/gcc/arm-none-eabi/5.4.1/armv6-m\libgcc.a(_udivsi3.o)
 .ARM.attributes
                0x00000383       0x1e c:/program files (x86)/cypress/psoc creator/4.4/psoc creator/import/gnu/arm/5.4.1/bin/../lib/gcc/arm-none-eabi/5.4.1/armv6-m\libgcc.a(_divsi3.o)
 .ARM.attributes
                0x000003a1       0x1e c:/program files (x86)/cypress/psoc creator/4.4/psoc creator/import/gnu/arm/5.4.1/bin/../lib/gcc/arm-none-eabi/5.4.1/armv6-m\libgcc.a(_dvmd_tls.o)
 .ARM.attributes
                0x000003bf       0x2c c:/program files (x86)/cypress/psoc creator/4.4/psoc creator/import/gnu/arm/5.4.1/bin/../lib/gcc/arm-none-eabi/5.4.1/../../../../arm-none-eabi/lib/armv6-m\libg_nano.a(lib_a-errno.o)
 .ARM.attributes
                0x000003eb       0x2c c:/program files (x86)/cypress/psoc creator/4.4/psoc creator/import/gnu/arm/5.4.1/bin/../lib/gcc/arm-none-eabi/5.4.1/../../../../arm-none-eabi/lib/armv6-m\libg_nano.a(lib_a-exit.o)
 .ARM.attributes
                0x00000417       0x2c c:/program files (x86)/cypress/psoc creator/4.4/psoc creator/import/gnu/arm/5.4.1/bin/../lib/gcc/arm-none-eabi/5.4.1/../../../../arm-none-eabi/lib/armv6-m\libg_nano.a(lib_a-impure.o)
 .ARM.attributes
                0x00000443       0x2c c:/program files (x86)/cypress/psoc creator/4.4/psoc creator/import/gnu/arm/5.4.1/bin/../lib/gcc/arm-none-eabi/5.4.1/../../../../arm-none-eabi/lib/armv6-m\libg_nano.a(lib_a-init.o)
 .ARM.attributes
                0x0000046f       0x2c c:/program files (x86)/cypress/psoc creator/4.4/psoc creator/import/gnu/arm/5.4.1/bin/../lib/gcc/arm-none-eabi/5.4.1/../../../../arm-none-eabi/lib/armv6-m\libg_nano.a(lib_a-memset.o)
 .ARM.attributes
                0x0000049b       0x2c c:/program files (x86)/cypress/psoc creator/4.4/psoc creator/import/gnu/arm/5.4.1/bin/../lib/gcc/arm-none-eabi/5.4.1/armv6-m/crtend.o
 .ARM.attributes
                0x000004c7       0x1e c:/program files (x86)/cypress/psoc creator/4.4/psoc creator/import/gnu/arm/5.4.1/bin/../lib/gcc/arm-none-eabi/5.4.1/armv6-m/crtn.o

/DISCARD/
 *(.note.GNU-stack)
OUTPUT(C:\Users\Oleg\Documents\Programming\POK\CyberPong\Test.cydsn\CortexM0\ARM_GCC_541\Debug\Test.elf elf32-littlearm)
